04-13 17:02:41.069   964  1115 E QC-NETMGR-LIB: netmgr_client_send_ping_msg(): netmgr_unix_send_msg failed
04-13 17:02:41.069   757   757 D Zygote  : begin preload
04-13 17:02:41.071   757   757 I Zygote  : Installing ICU cache reference pinning...
04-13 17:02:41.075   757   757 I Zygote  : Preloading ICU data...
04-13 17:02:41.138   786  1106 E QC-DS-LIB: dsi_init_query_netmgr 12 time
04-13 17:02:41.138   786  1106 I QC-NETMGR-LIB: Event=[13] link=[0] devname=[]
04-13 17:02:41.139   786  1106 I QC-NETMGR-LIB: netmgr_unix_ipc_send_msg(): Successfully created UNIX socket
04-13 17:02:41.139   786  1106 E QC-NETMGR-LIB: netmgr_unix_ipc_send_msg(): Unable to connect to UNIX socket - No such file or directory
04-13 17:02:41.139   786  1106 E QC-NETMGR-LIB: netmgr_client_send_ping_msg(): netmgr_unix_send_msg failed
04-13 17:02:41.169   964  1115 E QC-DS-LIB: dsi_init_query_netmgr 12 time
04-13 17:02:41.169   964  1115 I QC-NETMGR-LIB: Event=[13] link=[0] devname=[]
04-13 17:02:41.169   964  1115 I QC-NETMGR-LIB: netmgr_unix_ipc_send_msg(): Successfully created UNIX socket
04-13 17:02:41.169   964  1115 E QC-NETMGR-LIB: netmgr_unix_ipc_send_msg(): Unable to connect to UNIX socket - No such file or directory
04-13 17:02:41.169   964  1115 E QC-NETMGR-LIB: netmgr_client_send_ping_msg(): netmgr_unix_send_msg failed
04-13 17:02:41.201   774   774 D audio_route: dump_audio_route ---
04-13 17:02:41.201   774   774 D audio_route: audio_route_init_for_static_overlay enter: /system/etc/mixer_paths_overlay_static.xml
04-13 17:02:41.201   774   774 E audio_route: Failed to open /system/etc/mixer_paths_overlay_static.xml, No such file or directory
04-13 17:02:41.201   774   774 E msm8974_platform: platform_init: Failed to parse /system/etc/mixer_paths_overlay_static.xml
04-13 17:02:41.201   774   774 D audio_route: dump_audio_route +++
04-13 17:02:41.209   751   888 I ThermalEngine: handle_thresh_sig: HIS Id HISTORY-CPU4 Sensor tsens_tz_sensor8 Temp 60000
04-13 17:02:41.211   757   757 I Zygote  : Preloading classes...
04-13 17:02:41.228   751   888 I ThermalEngine: handle_thresh_sig: HIS Id HISTORY-CPU4 Sensor tsens_tz_sensor8 Temp 61000
04-13 17:02:41.243   786  1106 E QC-DS-LIB: dsi_init_query_netmgr 13 time
04-13 17:02:41.244   786  1106 I QC-NETMGR-LIB: Event=[13] link=[0] devname=[]
04-13 17:02:41.244   786  1106 I QC-NETMGR-LIB: netmgr_unix_ipc_send_msg(): Successfully created UNIX socket
04-13 17:02:41.244   786  1106 E QC-NETMGR-LIB: netmgr_unix_ipc_send_msg(): Unable to connect to UNIX socket - No such file or directory
04-13 17:02:41.244   786  1106 E QC-NETMGR-LIB: netmgr_client_send_ping_msg(): netmgr_unix_send_msg failed
04-13 17:02:41.249   882   882 D mm-camera: <MCT   >< INFO> 96: server_process_module_init: Begin init mods
04-13 17:02:41.250   882   882 E mm-camera: <IFACE ><ERROR> 11575: iface_util_setloglevel: iface_util_setloglevel:11575 IFACE_Loglevel 1
04-13 17:02:41.259   758   758 D ICU     : No timezone override file found: /data/misc/zoneinfo/current/icu/icu_tzdata.dat
04-13 17:02:41.269   964  1115 E QC-DS-LIB: dsi_init_query_netmgr 13 time
04-13 17:02:41.270   964  1115 I QC-NETMGR-LIB: Event=[13] link=[0] devname=[]
04-13 17:02:41.270   964  1115 I QC-NETMGR-LIB: netmgr_unix_ipc_send_msg(): Successfully created UNIX socket
04-13 17:02:41.270   964  1115 E QC-NETMGR-LIB: netmgr_unix_ipc_send_msg(): Unable to connect to UNIX socket - No such file or directory
04-13 17:02:41.270   964  1115 E QC-NETMGR-LIB: netmgr_client_send_ping_msg(): netmgr_unix_send_msg failed
04-13 17:02:41.344   786  1106 E QC-DS-LIB: dsi_init_query_netmgr 14 time
04-13 17:02:41.344   786  1106 I QC-NETMGR-LIB: Event=[13] link=[0] devname=[]
04-13 17:02:41.344   786  1106 I QC-NETMGR-LIB: netmgr_unix_ipc_send_msg(): Successfully created UNIX socket
04-13 17:02:41.344   786  1106 E QC-NETMGR-LIB: netmgr_unix_ipc_send_msg(): Unable to connect to UNIX socket - No such file or directory
04-13 17:02:41.344   786  1106 E QC-NETMGR-LIB: netmgr_client_send_ping_msg(): netmgr_unix_send_msg failed
04-13 17:02:41.359   751   888 I ThermalEngine: handle_thresh_sig: HIS Id HISTORY-CPU4 Sensor tsens_tz_sensor8 Temp 59000
04-13 17:02:41.370   964  1115 E QC-DS-LIB: dsi_init_query_netmgr 14 time
04-13 17:02:41.370   964  1115 I QC-NETMGR-LIB: Event=[13] link=[0] devname=[]
04-13 17:02:41.370   964  1115 I QC-NETMGR-LIB: netmgr_unix_ipc_send_msg(): Successfully created UNIX socket
04-13 17:02:41.370   964  1115 E QC-NETMGR-LIB: netmgr_unix_ipc_send_msg(): Unable to connect to UNIX socket - No such file or directory
04-13 17:02:41.371   964  1115 E QC-NETMGR-LIB: netmgr_client_send_ping_msg(): netmgr_unix_send_msg failed
04-13 17:02:41.404   751   888 I ThermalEngine: handle_thresh_sig: HIS Id HISTORY-CPU4 Sensor tsens_tz_sensor8 Temp 61000
04-13 17:02:41.410   751   888 I ThermalEngine: handle_thresh_sig: HIS Id HISTORY-CPU4 Sensor tsens_tz_sensor8 Temp 60000
04-13 17:02:41.415   751   888 I ThermalEngine: handle_thresh_sig: HIS Id HISTORY-CPU4 Sensor tsens_tz_sensor8 Temp 61000
04-13 17:02:41.419   758   758 I Radio-JNI: register_android_hardware_Radio DONE
04-13 17:02:41.445   786  1106 E QC-DS-LIB: dsi_init_query_netmgr 15 time
04-13 17:02:41.445   786  1106 I QC-NETMGR-LIB: Event=[13] link=[0] devname=[]
04-13 17:02:41.445   786  1106 I QC-NETMGR-LIB: netmgr_unix_ipc_send_msg(): Successfully created UNIX socket
04-13 17:02:41.445   786  1106 E QC-NETMGR-LIB: netmgr_unix_ipc_send_msg(): Unable to connect to UNIX socket - No such file or directory
04-13 17:02:41.445   786  1106 E QC-NETMGR-LIB: netmgr_client_send_ping_msg(): netmgr_unix_send_msg failed
04-13 17:02:41.448   758   758 I SamplingProfilerIntegration: Profiling disabled.
04-13 17:02:41.461  1186  1186 W lowi-server: type=1400 audit(0.0:43): avc: denied { read write } for name="diag" dev="tmpfs" ino=2919 scontext=u:r:location:s0 tcontext=u:object_r:diag_device:s0 tclass=chr_file permissive=0
04-13 17:02:41.464  1186  1186 V LOWI-7.7.1.0.a: [LOWIEventDispatcher] LOWIEventDispatcher
04-13 17:02:41.467   758   758 D Zygote  : begin preload
04-13 17:02:41.467   758   758 I Zygote  : Installing ICU cache reference pinning...
04-13 17:02:41.468  1186  1186 V LOWI-7.7.1.0.a: [MessageQ_Client] creating client socket
04-13 17:02:41.468  1186  1186 I LOWI-7.7.1.0.a: [MessageQ_Client] connecting to server [/data/misc/location/mq/location-mq-s]
04-13 17:02:41.469   758   758 I Zygote  : Preloading ICU data...
04-13 17:02:41.471   964  1115 E QC-DS-LIB: dsi_init_query_netmgr 15 time
04-13 17:02:41.471   964  1115 I QC-NETMGR-LIB: Event=[13] link=[0] devname=[]
04-13 17:02:41.471   964  1115 I QC-NETMGR-LIB: netmgr_unix_ipc_send_msg(): Successfully created UNIX socket
04-13 17:02:41.471   964  1115 E QC-NETMGR-LIB: netmgr_unix_ipc_send_msg(): Unable to connect to UNIX socket - No such file or directory
04-13 17:02:41.471   964  1115 E QC-NETMGR-LIB: netmgr_client_send_ping_msg(): netmgr_unix_send_msg failed
04-13 17:02:41.473  1186  1186 I LOWI-7.7.1.0.a: [MessageQ_Client] connected
04-13 17:02:41.473  1186  1186 V LOWI-7.7.1.0.a: [LOWIController] init
04-13 17:02:41.474  1186  1186 E Diag_Lib:  Diag_LSM_Init: Failed to open handle to diag driver, error = 13
04-13 17:02:41.474  1186  1186 E LOWI-7.7.1.0.a: [LOWIDiagLog] Diag logging could not be enabled
04-13 17:02:41.494   882   882 D mm-camera: <ISP   >< INFO> 876: module_isp_init: module 0xf082ac00
04-13 17:02:41.496   981   981 I QC-NETMGR-LIB: Open port success: rmnet_data1
04-13 17:02:41.496   981   981 I QC-NETMGR-LIB: Open port success: rmnet_data2
04-13 17:02:41.496   981   981 I QC-NETMGR-LIB: Open port success: rmnet_data3
04-13 17:02:41.497   981   981 I QC-NETMGR-LIB: Open port success: rmnet_data4
04-13 17:02:41.497   981   981 I QC-NETMGR-LIB: Open port success: rmnet_data5
04-13 17:02:41.497   981   981 I QC-NETMGR-LIB: Open port success: rmnet_data6
04-13 17:02:41.497   981   981 I QC-NETMGR-LIB: Open port success: rmnet_data7
04-13 17:02:41.497   981   981 I QC-NETMGR-LIB: kif link [8] is disabled
04-13 17:02:41.497   981   981 I QC-NETMGR-LIB: kif link [9] is disabled
04-13 17:02:41.497   981   981 I QC-NETMGR-LIB: kif link [10] is disabled
04-13 17:02:41.497   981   981 I QC-NETMGR-LIB: kif link [11] is disabled
04-13 17:02:41.497   981   981 I QC-NETMGR-LIB: kif link [12] is disabled
04-13 17:02:41.497   981   981 I QC-NETMGR-LIB: kif link [13] is disabled
04-13 17:02:41.497   981   981 I QC-NETMGR-LIB: kif link [14] is disabled
04-13 17:02:41.497   981   981 I QC-NETMGR-LIB: kif link [15] is disabled
04-13 17:02:41.497   981   981 I QC-NETMGR-LIB: kif link [16] is disabled
04-13 17:02:41.497   981   981 I QC-NETMGR-LIB: kif link [17] is disabled
04-13 17:02:41.497   981   981 I QC-NETMGR-LIB: kif link [18] is disabled
04-13 17:02:41.497   981   981 I QC-NETMGR-LIB: kif link [19] is disabled
04-13 17:02:41.497   981   981 I QC-NETMGR-LIB: kif link [20] is disabled
04-13 17:02:41.497   981   981 I QC-NETMGR-LIB: kif link [21] is disabled
04-13 17:02:41.497   981   981 I QC-NETMGR-LIB: kif link [22] is disabled
04-13 17:02:41.498   981   981 I QC-NETMGR-LIB: kif link [23] is disabled
04-13 17:02:41.498   981   981 I QC-NETMGR-LIB: kif link [24] is disabled
04-13 17:02:41.498   981   981 I QC-NETMGR-LIB: kif link [25] is disabled
04-13 17:02:41.498   981   981 I QC-NETMGR-LIB: kif link [26] is disabled
04-13 17:02:41.498   981   981 I QC-NETMGR-LIB: kif link [27] is disabled
04-13 17:02:41.498   981   981 I QC-NETMGR-LIB: kif link [28] is disabled
04-13 17:02:41.498   981   981 I QC-NETMGR-LIB: kif link [29] is disabled
04-13 17:02:41.498   981   981 I QC-NETMGR-LIB: kif link [30] is disabled
04-13 17:02:41.498   981   981 I QC-NETMGR-LIB: kif link [31] is disabled
04-13 17:02:41.498   981   981 I QC-NETMGR-LIB: kif link [32] is disabled
04-13 17:02:41.498   981   981 I QC-NETMGR-LIB: kif link [33] is disabled
04-13 17:02:41.498   981   999 E QC-NETMGR-LIB: netmgr_cmdq_update_system_config(): unable to access /data/data_test/modem_port_status file. Err [2:No such file or directory]
04-13 17:02:41.498   981   981 D QC-NETMGR-LIB: netmgr_kif_update_system_config(): command completed in 0.000241
04-13 17:02:41.498   981   981 E QC-NETMGR-LIB: failed system call: (2)No such file or directory
04-13 17:02:41.499   981   981 I QC-NETMGR-LIB: property [persist.data.netmgrd.qos.hybrid] value[false]
04-13 17:02:41.499   981   981 E QC-NETMGR-LIB: ifioctl_set: ioctl qosmode failed:
04-13 17:02:41.499   981   981 E QC-NETMGR-LIB:  (22)Invalid argument
04-13 17:02:41.499   981   981 I QC-NETMGR-LIB: netmgr_kif_ifioctl_set_qosmode() fails, we do not need to set QoS header
04-13 17:02:41.499   981   981 I QC-NETMGR-LIB: L2S[pname:netmgrd pid:981 tid:981 type:ME fname:netmgr_kif_get_qos_header_format iface_id:-1 msg:"Set QOS hdr fmt failed"]
04-13 17:02:41.499   981   981 I QC-NETMGR-LIB: property [persist.data.llf.enable] value[false]
04-13 17:02:41.505   600   698 E Sensors : Cannot get permission service
04-13 17:02:41.505   600   698 I ServiceManager: Waiting for service sensorservice...
04-13 17:02:41.521  1197  1197 W slim_daemon: type=1400 audit(0.0:44): avc: denied { read write } for name="diag" dev="tmpfs" ino=2919 scontext=u:r:location:s0 tcontext=u:object_r:diag_device:s0 tclass=chr_file permissive=0
04-13 17:02:41.529   882   882 D mm-camera: <CPP   >< INFO> 140: cpp_module_init: info: CPP module_init successful
04-13 17:02:41.529  1187  1187 D LocSvc_LBSProxy: static bool lbs_core::LBSProxy::checkIfLocationExtendedClientExists()] File Exists
04-13 17:02:41.529  1187  1187 D LocSvc_LBSProxy: static bool lbs_core::LBSProxy::checkIfNativeXtraClientExists()] XTRA Client 2.0 Exist
04-13 17:02:41.530  1187  1187 D LocSvc_utils_cfg: D/loc_read_conf: using /etc/gps.conf
04-13 17:02:41.530  1187  1187 D LocSvc_utils_cfg: D/int loc_read_conf_r(FILE *, const loc_param_s_type *, uint32_t):283]: num_params: 1
04-13 17:02:41.530  1187  1187 D LocSvc_utils_cfg: D/loc_set_config_entry: PARAM DEBUG_LEVEL = 3
04-13 17:02:41.530  1187  1187 D LocSvc_utils_cfg: D/int loc_read_conf_r(FILE *, const loc_param_s_type *, uint32_t):283]: num_params: 2
04-13 17:02:41.531  1187  1187 D LocSvc_utils_cfg: D/loc_set_config_entry: PARAM DEBUG_LEVEL = 3
04-13 17:02:41.531  1187  1187 D LocSvc_utils_cfg: D/int loc_read_conf_r(FILE *, const loc_param_s_type *, uint32_t):287]: fgets returned NULL
04-13 17:02:41.532  1187  1187 E QMI_FW  : xport_reg Failed for service_id=0x37 version=0x101 on 11
04-13 17:02:41.533  1187  1187 E slim_daemon: [QMISLIM] slim_QSQmiSvcTask_Init: Failed to register QMI service
04-13 17:02:41.535  1187  1197 E libsensor1: check_sensors_enabled: Sensors enabled = true
04-13 17:02:41.535  1187  1197 E Diag_Lib:  Diag_LSM_Init: Failed to open handle to diag driver, error = 13
04-13 17:02:41.535  1187  1187 I slim_daemon: [SLIM] slim_ProviderConfigure: Updated available providers for service 0: 00000001.
04-13 17:02:41.535  1187  1187 I slim_daemon: [SLIM] slim_ProviderConfigure: Updated available providers for service 1: 00000001.
04-13 17:02:41.535  1187  1187 I slim_daemon: [SLIM] slim_ProviderConfigure: Updated available providers for service 2: 00000001.
04-13 17:02:41.535  1187  1187 I slim_daemon: [SLIM] slim_ProviderConfigure: Updated available providers for service 3: 00000001.
04-13 17:02:41.535  1187  1187 I slim_daemon: [SLIM] slim_ProviderConfigure: Updated available providers for service 7: 00000001.
04-13 17:02:41.535  1187  1187 I slim_daemon: [SLIM] slim_ProviderConfigure: Updated available providers for service 8: 00000001.
04-13 17:02:41.535  1187  1187 I slim_daemon: [SLIM] slim_ProviderConfigure: Updated available providers for service 13: 00000001.
04-13 17:02:41.536  1187  1187 I slim_daemon: [SLIM] slim_ProviderConfigure: Updated available providers for service 14: 00000001.
04-13 17:02:41.536  1187  1187 I slim_daemon: [SLIM] slim_ProviderConfigure: Updated available providers for service 16: 00000001.
04-13 17:02:41.537  1187  1199 E         : E/open failed: /dev/mdm: No such file or directory
04-13 17:02:41.537  1187  1199 E LocSvc_api_v02: I/locClientOpen:1912]: Service instance id is -1
04-13 17:02:41.537  1187  1199 E LocSvc_api_v02: I/---> locClientOpenInstance line 1792 loc client open
04-13 17:02:41.537  1187  1196 E slim_daemon: [NDK] bindNDKSensors: Sensor server is unavailable.
04-13 17:02:41.538  1187  1199 E QC-QMI  : qmi_client [-1] QMUXD disabled
04-13 17:02:41.538  1187  1199 E QC-QMI  : qmi_qmux_if_pwr_up_init_ex:  Initialization failed, rc = -6
04-13 17:02:41.538  1187  1199 E QMI_FW  : QMUXD: WARNING qmi_qmux_if_pwr_up_init failed! rc=-6
04-13 17:02:41.538  1187  1199 E LocSvc_api_v02: I/---> locClientSendReq line 2069 QMI_LOC_REG_EVENTS_REQ_V02
04-13 17:02:41.540  1187  1199 E LocSvc_api_v02: I/---> locClientSupportMsgCheck line 2187 QMI_LOC_GET_SUPPORTED_MSGS_REQ_V02
04-13 17:02:41.541  1187  1199 E LocSvc_api_v02: I/---> locClientSendReq line 2069 QMI_LOC_QUERY_AON_CONFIG_REQ_V02
04-13 17:02:41.541  1187  1205 E LocSvc_ApiV02: I/<--- void globalRespCb(locClientHandleType, uint32_t, const locClientRespIndUnionType, uint32_t, void *) line 140 QMI_LOC_QUERY_AON_CONFIG_REQ_V02
04-13 17:02:41.541  1187  1199 E LocSvc_api_v02: I/---> locClientSendReq line 2069 QMI_LOC_GET_SUPPORTED_FEATURE_REQ_V02
04-13 17:02:41.545   786  1106 E QC-DS-LIB: dsi_init_query_netmgr 16 time
04-13 17:02:41.545   786  1106 I QC-NETMGR-LIB: Event=[13] link=[0] devname=[]
04-13 17:02:41.545   786  1106 I QC-NETMGR-LIB: netmgr_unix_ipc_send_msg(): Successfully created UNIX socket
04-13 17:02:41.545   786  1106 E QC-NETMGR-LIB: netmgr_unix_ipc_send_msg(): Unable to connect to UNIX socket - No such file or directory
04-13 17:02:41.545   786  1106 E QC-NETMGR-LIB: netmgr_client_send_ping_msg(): netmgr_unix_send_msg failed
04-13 17:02:41.550   981   981 D QC-NETMGR-LIB: netmgr_kif_set_qos_header_format() Set qos_header_mode for vnd 0 vnd_name rmnet_data0 qos_header_format 0
04-13 17:02:41.550   981   981 D QC-NETMGR-LIB: netmgr_kif_set_qos_header_format() Set qos_header_mode for vnd 1 vnd_name rmnet_data1 qos_header_format 0
04-13 17:02:41.550   981   981 D QC-NETMGR-LIB: netmgr_kif_set_qos_header_format() Set qos_header_mode for vnd 2 vnd_name rmnet_data2 qos_header_format 0
04-13 17:02:41.550   981   981 D QC-NETMGR-LIB: netmgr_kif_set_qos_header_format() Set qos_header_mode for vnd 3 vnd_name rmnet_data3 qos_header_format 0
04-13 17:02:41.550   981   981 D QC-NETMGR-LIB: netmgr_kif_set_qos_header_format() Set qos_header_mode for vnd 4 vnd_name rmnet_data4 qos_header_format 0
04-13 17:02:41.550   981   981 D QC-NETMGR-LIB: netmgr_kif_set_qos_header_format() Set qos_header_mode for vnd 5 vnd_name rmnet_data5 qos_header_format 0
04-13 17:02:41.551   981   981 D QC-NETMGR-LIB: netmgr_kif_set_qos_header_format() Set qos_header_mode for vnd 6 vnd_name rmnet_data6 qos_header_format 0
04-13 17:02:41.551   981   981 D QC-NETMGR-LIB: netmgr_kif_set_qos_header_format() Set qos_header_mode for vnd 7 vnd_name rmnet_data7 qos_header_format 0
04-13 17:02:41.551   981   981 D QC-NETMGR-LIB: netmgr_kif_set_qos_header_format() Successfully configured QoS
04-13 17:02:41.551   981   981 I QC-NETMGR-LIB: Initialization complete.
04-13 17:02:41.551   981   981 D QC-NETMGR-LIB: netmgr_main_sm_inited: initing link[0]
04-13 17:02:41.551   981   981 I QC-NETMGR-LIB: Received command: ID=NETMGR_INITED_EV, link=0
04-13 17:02:41.551   981   981 D QC-NETMGR-LIB: netmgr_main_sm_inited: initing link[1]
04-13 17:02:41.551   981   981 I QC-NETMGR-LIB: Received command: ID=NETMGR_INITED_EV, link=1
04-13 17:02:41.551   981   981 D QC-NETMGR-LIB: netmgr_main_sm_inited: initing link[2]
04-13 17:02:41.551   981   981 I QC-NETMGR-LIB: Received command: ID=NETMGR_INITED_EV, link=2
04-13 17:02:41.551   981   981 D QC-NETMGR-LIB: netmgr_main_sm_inited: initing link[3]
04-13 17:02:41.552   981   981 I QC-NETMGR-LIB: Received command: ID=NETMGR_INITED_EV, link=3
04-13 17:02:41.552   981   981 D QC-NETMGR-LIB: netmgr_main_sm_inited: initing link[4]
04-13 17:02:41.552   981   981 I QC-NETMGR-LIB: Received command: ID=NETMGR_INITED_EV, link=4
04-13 17:02:41.552   981   981 D QC-NETMGR-LIB: netmgr_main_sm_inited: initing link[5]
04-13 17:02:41.552   981   981 I QC-NETMGR-LIB: Received command: ID=NETMGR_INITED_EV, link=5
04-13 17:02:41.552   981   981 D QC-NETMGR-LIB: netmgr_main_sm_inited: initing link[6]
04-13 17:02:41.552   981   981 I QC-NETMGR-LIB: Received command: ID=NETMGR_INITED_EV, link=6
04-13 17:02:41.552   981   981 D QC-NETMGR-LIB: netmgr_main_sm_inited: initing link[7]
04-13 17:02:41.552   981   981 I QC-NETMGR-LIB: Received command: ID=NETMGR_INITED_EV, link=7
04-13 17:02:41.552   981   981 D QC-NETMGR-LIB: netmgr_main_sm_inited: ignoring link[8]
04-13 17:02:41.552   981   981 D QC-NETMGR-LIB: netmgr_main_sm_inited: ignoring link[9]
04-13 17:02:41.552   981   981 D QC-NETMGR-LIB: netmgr_main_sm_inited: ignoring link[10]
04-13 17:02:41.552   981   981 D QC-NETMGR-LIB: netmgr_main_sm_inited: ignoring link[11]
04-13 17:02:41.552   981   981 D QC-NETMGR-LIB: netmgr_main_sm_inited: ignoring link[12]
04-13 17:02:41.553   981   981 D QC-NETMGR-LIB: netmgr_main_sm_inited: ignoring link[13]
04-13 17:02:41.553   981   981 D QC-NETMGR-LIB: netmgr_main_sm_inited: ignoring link[14]
04-13 17:02:41.553   981   981 D QC-NETMGR-LIB: netmgr_main_sm_inited: ignoring link[15]
04-13 17:02:41.553   981   981 D QC-NETMGR-LIB: netmgr_main_sm_inited: ignoring link[16]
04-13 17:02:41.553   981   981 D QC-NETMGR-LIB: netmgr_main_sm_inited: ignoring link[17]
04-13 17:02:41.553   981   981 D QC-NETMGR-LIB: netmgr_main_sm_inited: ignoring link[18]
04-13 17:02:41.553   981   981 D QC-NETMGR-LIB: netmgr_main_sm_inited: ignoring link[19]
04-13 17:02:41.553   981   981 D QC-NETMGR-LIB: netmgr_main_sm_inited: ignoring link[20]
04-13 17:02:41.553   981   981 D QC-NETMGR-LIB: netmgr_main_sm_inited: ignoring link[21]
04-13 17:02:41.553   981   981 D QC-NETMGR-LIB: netmgr_main_sm_inited: ignoring link[22]
04-13 17:02:41.553   981   981 D QC-NETMGR-LIB: netmgr_main_sm_inited: ignoring link[23]
04-13 17:02:41.553   981   981 D QC-NETMGR-LIB: netmgr_main_sm_inited: ignoring link[24]
04-13 17:02:41.553   981   981 D QC-NETMGR-LIB: netmgr_main_sm_inited: ignoring link[25]
04-13 17:02:41.553   981   981 D QC-NETMGR-LIB: netmgr_main_sm_inited: ignoring link[26]
04-13 17:02:41.553   981   981 D QC-NETMGR-LIB: netmgr_main_sm_inited: ignoring link[27]
04-13 17:02:41.553   981   981 D QC-NETMGR-LIB: netmgr_main_sm_inited: ignoring link[28]
04-13 17:02:41.553   981   981 D QC-NETMGR-LIB: netmgr_main_sm_inited: ignoring link[29]
04-13 17:02:41.553   981   981 D QC-NETMGR-LIB: netmgr_main_sm_inited: ignoring link[30]
04-13 17:02:41.554   981   981 D QC-NETMGR-LIB: netmgr_main_sm_inited: ignoring link[31]
04-13 17:02:41.554   981   981 D QC-NETMGR-LIB: netmgr_main_sm_inited: ignoring link[32]
04-13 17:02:41.554   981   981 D QC-NETMGR-LIB: netmgr_main_sm_inited: ignoring link[33]
04-13 17:02:41.554  1187  1199 E LocSvc_api_v02: I/---> locClientSendReq line 2069 QMI_LOC_GET_SUPPORTED_FEATURE_REQ_V02
04-13 17:02:41.554   981   999 I QC-DS-LIB: ds_exec_internal(): Executing command "ndc network create oem10"
04-13 17:02:41.554  1187  1199 E LocSvc_api_v02: I/---> locClientSendReq line 2069 QMI_LOC_GET_SUPPORTED_FEATURE_REQ_V02
04-13 17:02:41.555  1187  1199 E LocSvc_api_v02: I/---> locClientSendReq line 2069 QMI_LOC_GET_SUPPORTED_FEATURE_REQ_V02
04-13 17:02:41.555  1187  1199 E LocSvc_api_v02: I/---> locClientSendReq line 2069 QMI_LOC_GET_SUPPORTED_FEATURE_REQ_V02
04-13 17:02:41.555  1187  1199 E LocSvc_api_v02: I/---> locClientSendReq line 2069 QMI_LOC_GET_SUPPORTED_FEATURE_REQ_V02
04-13 17:02:41.555   981   999 I QC-DS-LIB: ds_exec_internal(): [cpid:1220] Spawned child PID(1220) command:"ndc network create oem10"
04-13 17:02:41.555   981  1171 I QC-NETMGR-LIB: Process command: ID=NETMGR_INITED_EV, link=0, state=0
04-13 17:02:41.555   981  1171 I QC-NETMGR-LIB: initing QMI link[0]
04-13 17:02:41.556   981  1171 I QC-NETMGR-LIB: netmgr_qmi_service_init: entry 
04-13 17:02:41.556   981  1171 I QC-NETMGR-LIB: initializing IPv4 WDS client
04-13 17:02:41.556   981  1171 D QC-DS-LIB: ds_get_target(): locked
04-13 17:02:41.556   981  1171 I QC-DS-LIB: ds_get_target(): Target: [23] : [msm8996]
04-13 17:02:41.556   981  1171 D QC-DS-LIB: ds_get_target(): unlocked
04-13 17:02:41.556   981  1171 D QC-DS-LIB: ds_get_target(): locked
04-13 17:02:41.556   981  1171 I QC-DS-LIB: ds_get_target(): Target: [23] : [msm8996]
04-13 17:02:41.556   981  1171 D QC-DS-LIB: ds_get_target(): unlocked
04-13 17:02:41.556   981  1171 E QC-QMI  : qmi_client [-1] QMUXD disabled
04-13 17:02:41.556   981  1171 E QC-QMI  : qmi_qmux_if_pwr_up_init_ex:  Initialization failed, rc = -6
04-13 17:02:41.556   981  1171 E QMI_FW  : QMUXD: WARNING qmi_qmux_if_pwr_up_init failed! rc=-6
04-13 17:02:41.556   981  1171 D QC-DS-LIB: ds_get_target(): locked
04-13 17:02:41.557   981  1171 I QC-DS-LIB: ds_get_target(): Target: [23] : [msm8996]
04-13 17:02:41.557   981  1171 D QC-DS-LIB: ds_get_target(): unlocked
04-13 17:02:41.557   981  1171 I QC-DS-LIB: ds_get_epid(): entry: net_dev rmnet_ipa0
04-13 17:02:41.557   981  1171 I QC-DS-LIB: ds_get_epid(): success: ep_type[4], epid[0x1]
04-13 17:02:41.557  1187  1199 E LocSvc_ApiV02: E/virtual enum loc_api_adapter_err LocApiV02::open(LOC_API_ADAPTER_EVENT_MASK_T):396:11]: Failed to get features supported from QMI_LOC_GET_SUPPORTED_FEATURE_REQ_V02. 
04-13 17:02:41.557   758   758 I Zygote  : Preloading classes...
04-13 17:02:41.557  1187  1199 E LocSvc_api_v02: I/---> locClientSendReq line 2069 QMI_LOC_SET_PREMIUM_SERVICES_CONFIG_REQ_V02
04-13 17:02:41.560  1187  1205 E LocSvc_ApiV02: I/<--- void globalRespCb(locClientHandleType, uint32_t, const locClientRespIndUnionType, uint32_t, void *) line 140 QMI_LOC_SET_PREMIUM_SERVICES_CONFIG_REQ_V02
04-13 17:02:41.561  1187  1199 E LocSvc_api_v02: I/---> locClientSendReq line 2069 QMI_LOC_SET_PREMIUM_SERVICES_CONFIG_REQ_V02
04-13 17:02:41.561  1187  1205 E QMI_FW  : QCCI qmi_cci_xport_recv: txn not found. svc_id: 16
04-13 17:02:41.561  1187  1199 E LocSvc_LBSApiV02: E/virtual void lbs_core::LBSApiV02::injectFeatureConfig(e_premium_mode, e_premium_mode, e_premium_mode):710]: Error : st = 3, ind.status = 0
04-13 17:02:41.561  1187  1199 E LocSvc_api_v02: I/---> locClientSendReq line 2069 QMI_LOC_SET_PREMIUM_SERVICES_CONFIG_REQ_V02
04-13 17:02:41.561   981  1171 I QC-NETMGR-LIB: netmgr_qmi_wds_service_init(): Successfully initialized WDS client=0x3 on link=0
04-13 17:02:41.562   981  1171 I QC-NETMGR-LIB: Successfully registered for ext IP config ind on IPv4 clnt_hndl=0x55684511f8
04-13 17:02:41.562  1187  1205 E LocSvc_ApiV02: I/<--- void globalRespCb(locClientHandleType, uint32_t, const locClientRespIndUnionType, uint32_t, void *) line 140 QMI_LOC_SET_PREMIUM_SERVICES_CONFIG_REQ_V02
04-13 17:02:41.563  1187  1199 E LocSvc_api_v02: I/---> locClientSendReq line 2069 QMI_LOC_REG_EVENTS_REQ_V02
04-13 17:02:41.563   981  1171 D QC-QMI  : Successfully registered for wds_config_tput_ind
04-13 17:02:41.564   981  1171 I QC-NETMGR-LIB: initializing IPv6 WDS client
04-13 17:02:41.564   981  1171 D QC-DS-LIB: ds_get_target(): locked
04-13 17:02:41.564   981  1171 I QC-DS-LIB: ds_get_target(): Target: [23] : [msm8996]
04-13 17:02:41.564   981  1171 D QC-DS-LIB: ds_get_target(): unlocked
04-13 17:02:41.564   981  1171 D QC-DS-LIB: ds_get_target(): locked
04-13 17:02:41.564   981  1171 I QC-DS-LIB: ds_get_target(): Target: [23] : [msm8996]
04-13 17:02:41.564   981  1171 D QC-DS-LIB: ds_get_target(): unlocked
04-13 17:02:41.564   981  1171 I QC-DS-LIB: ds_get_epid(): entry: net_dev rmnet_ipa0
04-13 17:02:41.564   981  1171 I QC-DS-LIB: ds_get_epid(): success: ep_type[4], epid[0x1]
04-13 17:02:41.574   964  1115 E QC-DS-LIB: dsi_init_query_netmgr 16 time
04-13 17:02:41.574   964  1115 I QC-NETMGR-LIB: Event=[13] link=[0] devname=[]
04-13 17:02:41.574   964  1115 I QC-NETMGR-LIB: netmgr_unix_ipc_send_msg(): Successfully created UNIX socket
04-13 17:02:41.574   964  1115 E QC-NETMGR-LIB: netmgr_unix_ipc_send_msg(): Unable to connect to UNIX socket - No such file or directory
04-13 17:02:41.574   964  1115 E QC-NETMGR-LIB: netmgr_client_send_ping_msg(): netmgr_unix_send_msg failed
04-13 17:02:41.579   981  1171 I QC-NETMGR-LIB: netmgr_qmi_wds_service_init(): Successfully initialized WDS client=0x4 on link=0
04-13 17:02:41.580   981  1171 I QC-NETMGR-LIB: Successfully registered for ext IP config ind on IPv6 clnt_hndl=0x5568451200
04-13 17:02:41.580   981  1171 I QC-NETMGR-LIB: The wds client ids [0x3/0x4]
04-13 17:02:41.580   981  1171 D QC-DS-LIB: ds_get_target(): locked
04-13 17:02:41.580   981  1171 I QC-DS-LIB: ds_get_target(): Target: [23] : [msm8996]
04-13 17:02:41.580   981  1171 D QC-DS-LIB: ds_get_target(): unlocked
04-13 17:02:41.581   981  1171 D QC-DS-LIB: ds_get_target(): locked
04-13 17:02:41.581   981  1171 I QC-DS-LIB: ds_get_target(): Target: [23] : [msm8996]
04-13 17:02:41.581   981  1171 D QC-DS-LIB: ds_get_target(): unlocked
04-13 17:02:41.581   981  1171 I QC-DS-LIB: ds_get_epid(): entry: net_dev rmnet_ipa0
04-13 17:02:41.581   981  1171 I QC-DS-LIB: ds_get_epid(): success: ep_type[4], epid[0x1]
04-13 17:02:41.587   981   999 D QC-DS-LIB: ds_exec_internal(): [cpid:1220] Exec completed in 0.031484 seconds
04-13 17:02:41.587   981   999 I QC-DS-LIB: ds_exec_internal(): [cpid:1220] Process exited normally with rc=4
04-13 17:02:41.587   981   981 D QC-NETMGR-LIB: netmgr_ds_exec(): command completed in 0.033573
04-13 17:02:41.588   981   981 E QC-NETMGR-LIB: nm_link_local_ndc_prov_exec_cmd(): cmd: ndc network create oem10 failed!
04-13 17:02:41.588   981   981 E QC-NETMGR-LIB: nm_link_local_ndc_prov_create_network(): Failed to create custom network!
04-13 17:02:41.588   981   981 E QC-NETMGR-LIB: nm_link_local_routing_is_handler(): Failed to initialize route provider!
04-13 17:02:41.588   981   981 D QC-NETMGR-LIB: nm_link_local_routing_main_init(): complete
04-13 17:02:41.588   981   981 I QC-NETMGR-LIB: netmgr_print_cb_table(): Function Table: ROOT
04-13 17:02:41.588   981   981 I QC-NETMGR-LIB: netmgr_print_cb_table(): Function Table: MAIN
04-13 17:02:41.588   981   981 I QC-NETMGR-LIB: netmgr_print_cb_table(): - Function Chain: SIGUSR1
04-13 17:02:41.588   981   981 I QC-NETMGR-LIB: netmgr_print_cb_table(): - - Function Entry: CONFIG @ 0x55683b9888
04-13 17:02:41.588   981   981 I QC-NETMGR-LIB: netmgr_print_cb_table(): - - Function Entry: KIF @ 0x556834734c
04-13 17:02:41.588   981   981 I QC-NETMGR-LIB: netmgr_print_cb_table(): - Function Chain: SIGUSR2
04-13 17:02:41.588   981   981 I QC-NETMGR-LIB: netmgr_print_cb_table(): Function Table: QMI
04-13 17:02:41.588   981   981 I QC-NETMGR-LIB: netmgr_print_cb_table(): - Function Chain: MODEM_OOS
04-13 17:02:41.588   981   981 I QC-NETMGR-LIB: netmgr_print_cb_table(): - Function Chain: MODEM_OOS_COMPLETE
04-13 17:02:41.588   981   981 I QC-NETMGR-LIB: netmgr_print_cb_table(): - Function Chain: MODEM_IS
04-13 17:02:41.588   981   981 I QC-NETMGR-LIB: netmgr_print_cb_table(): - Function Chain: LINK_OOS
04-13 17:02:41.588   981  1171 D QC-DS-LIB: ds_get_target(): locked
04-13 17:02:41.588   981   981 I QC-NETMGR-LIB: netmgr_print_cb_table(): - Function Chain: LINK_IS
04-13 17:02:41.588   981  1171 I QC-DS-LIB: ds_get_target(): Target: [23] : [msm8996]
04-13 17:02:41.588   981   981 I QC-NETMGR-LIB: netmgr_print_cb_table(): - Function Chain: DFS_FILTER_IND
04-13 17:02:41.588   981  1171 D QC-DS-LIB: ds_get_target(): unlocked
04-13 17:02:41.589   981   981 I QC-NETMGR-LIB: netmgr_print_cb_table(): - Function Chain: MODEM_IS_COMPLETE
04-13 17:02:41.589   981   981 I QC-NETMGR-LIB: netmgr_print_cb_table(): - - Function Entry: QMI @ 0x556837e6d4
04-13 17:02:41.589   981   981 I QC-NETMGR-LIB: netmgr_print_cb_table(): Function Table: KIF
04-13 17:02:41.589   981   981 I QC-NETMGR-LIB: netmgr_print_cb_table(): - Function Chain: IF_UP_PRE
04-13 17:02:41.589   981  1171 D QC-DS-LIB: ds_get_target(): locked
04-13 17:02:41.589   981   981 I QC-NETMGR-LIB: netmgr_print_cb_table(): - Function Chain: IF_UP_POST
04-13 17:02:41.589   981  1171 I QC-DS-LIB: ds_get_target(): Target: [23] : [msm8996]
04-13 17:02:41.589   981  1171 D QC-DS-LIB: ds_get_target(): unlocked
04-13 17:02:41.589   981   981 I QC-NETMGR-LIB: netmgr_print_cb_table(): - Function Chain: IF_DOWN_PRE
04-13 17:02:41.589   981  1171 I QC-DS-LIB: ds_get_epid(): entry: net_dev rmnet_ipa0
04-13 17:02:41.589   981   981 I QC-NETMGR-LIB: netmgr_print_cb_table(): - - Function Entry: LINK_LOCAL_ROUTING @ 0x55683ca62c
04-13 17:02:41.589   981  1171 I QC-DS-LIB: ds_get_epid(): success: ep_type[4], epid[0x1]
04-13 17:02:41.589   981   981 I QC-NETMGR-LIB: netmgr_print_cb_table(): - Function Chain: IF_DOWN_POST
04-13 17:02:41.589   981   981 I QC-NETMGR-LIB: netmgr_print_cb_table(): - Function Chain: IF_CFG_PRE
04-13 17:02:41.589   981   981 I QC-NETMGR-LIB: netmgr_print_cb_table(): - - Function Entry: LINK_LOCAL_ROUTING @ 0x55683c9fb8
04-13 17:02:41.589   981   981 I QC-NETMGR-LIB: netmgr_print_cb_table(): - Function Chain: IF_CFG_POST
04-13 17:02:41.589   981   981 I QC-NETMGR-LIB: netmgr_print_cb_table(): - Function Chain: IF_DOWN_NOSTATE_PRE
04-13 17:02:41.589   981   981 I QC-NETMGR-LIB: netmgr_print_cb_table(): - Function Chain: IF_DOWN_NOSTATE_POST
04-13 17:02:41.589   981   981 I QC-NETMGR-LIB: netmgr_print_cb_table(): - Function Chain: NETD_OOS
04-13 17:02:41.589   981   981 I QC-NETMGR-LIB: netmgr_print_cb_table(): - Function Chain: NETD_IS
04-13 17:02:41.589   981   981 I QC-NETMGR-LIB: netmgr_print_cb_table(): - Function Chain: LINK_NETD_OOS
04-13 17:02:41.589   981   981 I QC-NETMGR-LIB: netmgr_print_cb_table(): - - Function Entry: LINK_LOCAL_ROUTING @ 0x55683caca0
04-13 17:02:41.589   981   981 I QC-NETMGR-LIB: netmgr_print_cb_table(): - Function Chain: LINK_NETD_IS
04-13 17:02:41.590   981   981 I QC-NETMGR-LIB: netmgr_print_cb_table(): - - Function Entry: LINK_LOCAL_ROUTING @ 0x55683c9bac
04-13 17:02:41.590   981   981 I QC-NETMGR-LIB: netmgr_print_cb_table(): - Function Chain: IF_LINK_OSS
04-13 17:02:41.590   981   981 I QC-NETMGR-LIB: netmgr_print_cb_table(): - - Function Entry: LINK_LOCAL_ROUTING @ 0x55683ca62c
04-13 17:02:41.590   981   981 I QC-NETMGR-LIB: netmgr_print_cb_table(): - Function Chain: IF_LINK_IS
04-13 17:02:41.590   981   981 I QC-NETMGR-LIB: netmgr_print_cb_table(): - Function Chain: ENABLE_PORTFWD
04-13 17:02:41.590   981   981 I QC-NETMGR-LIB: netmgr_print_cb_table(): - Function Chain: DISABLE_PORTFWD
04-13 17:02:41.590   981   981 I QC-NETMGR-LIB: netmgr_print_cb_table(): - Function Chain: QUERY_PORTFWD
04-13 17:02:41.590   981   981 I QC-NETMGR-LIB: netmgr_print_cb_table(): - Function Chain: WLAN_UP
04-13 17:02:41.590   981   981 I QC-NETMGR-LIB: netmgr_print_cb_table(): - Function Chain: WLAN_DOWN
04-13 17:02:41.590   981   981 E QC-NETMGR-LIB: netmgr_main_post_is_complete_ev:ENTRY 
04-13 17:02:41.590   981   981 I QC-NETMGR-LIB: Received command: ID=NETMGR_IS_COMPLETE_MSG, link=0
04-13 17:02:41.590   981   981 I QC-NETMGR-LIB: netmgr going into wait loop
04-13 17:02:41.591   981   981 I QC-NETMGR-LIB: netmgr_unix_listener_init(): Created UNIX server socket
04-13 17:02:41.591   981   981 I QC-NETMGR-LIB: netmgr_unix_listener_init(): Bound to UNIX server socket
04-13 17:02:41.591   981   981 I QC-NETMGR-LIB: netmgr_unix_listener_init(): chmod the UNIX server socket
04-13 17:02:41.591   981   981 I QC-NETMGR-LIB: netmgr_unix_listener_init(): Listening to UNIX server socket
04-13 17:02:41.591   981   981 I QC-NETMGR-LIB: netmgr_kif_unix_recv_user_cmd(): Waiting for incoming connection
04-13 17:02:41.597   882   882 E mm-camera: <IMGLIB><ERROR> 1113: frameproc_comp_reload_lib: frameproc_comp_reload_lib:1113] Error opening frameproc library libmmcamera_llvd.so error dlopen failed: library "libllvd_smore.so" not found
04-13 17:02:41.597   882   882 E mm-camera: <IMGLIB><ERROR> 983: frameproc_comp_load: frameproc_comp_load:983] cannot load libmmcamera_llvd.so
04-13 17:02:41.597   882   882 E mm-camera: <IMGLIB><ERROR> 3004: module_imgbase_init: module_imgbase_init_llvd:3004] Error rc -7
04-13 17:02:41.597   882   882 E mm-camera: <PPROC ><ERROR> 3274: pproc_module_init: pproc_module_init:3274, devicePtr gemini type 0
04-13 17:02:41.598   981  1171 I QC-NETMGR-LIB: The qos client ids [0x5/0x6]
04-13 17:02:41.598   981  1171 I QC-NETMGR-LIB: netmgr_wda_set_data_format(): Setting data format dev=rmnet_data0, ll_prot=2, qos=0, ul=8, dl=8, dl_pkt=10, dl_size=8192, qos_hdr=0, dl_pad=0, fc=1
04-13 17:02:41.598   981  1171 D QC-DS-LIB: ds_get_target(): locked
04-13 17:02:41.598   981  1171 I QC-DS-LIB: ds_get_target(): Target: [23] : [msm8996]
04-13 17:02:41.598   981  1171 D QC-DS-LIB: ds_get_target(): unlocked
04-13 17:02:41.598   981  1171 I QC-DS-LIB: ds_get_epid(): entry: net_dev rmnet_ipa0
04-13 17:02:41.598   981  1171 I QC-DS-LIB: ds_get_epid(): success: ep_type[4], epid[0x1]
04-13 17:02:41.598   981  1171 D QC-NETMGR-LIB: rmnet_wda_init_qmi_client(): qmi_client_init returned 0
04-13 17:02:41.620   981  1171 I QC-NETMGR-LIB: netmgr_wda_set_data_format(): Modem rejected data format. Responded with dev=rmnet_data0, ll_prot=2, qos=0, ul=8, dl=8, dl_pkt=10, dl_size=63, qos_hdr=0, dl_pad=0, fc=1
04-13 17:02:41.620   981  1171 D QC-NETMGR-LIB: rmnet_wda_release_qmi_client(): qmi_client_release of qmi_clnt_hndl returned 0
04-13 17:02:41.620   981  1171 E QC-NETMGR-LIB: netmgr_qmi_set_data_format() WDA Set Data Format Failed on (rmnet_data0)
04-13 17:02:41.620   981  1171 I QC-NETMGR-LIB: netmgr_qmi_dev_set_data_format() dl_minimum_padding is 0
04-13 17:02:41.621   981  1171 D QC-NETMGR-LIB: netmgr_rmnet_set_feature_flags(): Set ingress format 78 on rmnet_ipa0
04-13 17:02:41.621   981  1171 D QC-NETMGR-LIB: netmgr_rmnet_set_feature_flags(): Set egress format 42 on rmnet_ipa0
04-13 17:02:41.621   981  1171 I QC-NETMGR-LIB: netmgr_kif_extended_ioctl(): Calling extended IOCTL 0000 on [rmnet_ipa0]
04-13 17:02:41.621   981  1171 D QC-NETMGR-LIB: netmgr_kif_ifioctl_get_features(rmnet_ipa0): returns 0x00000007
04-13 17:02:41.621   981  1171 I QC-NETMGR-LIB: netmgr_kif_extended_ioctl(): Calling extended IOCTL 0006 on [rmnet_ipa0]
04-13 17:02:41.624   981  1171 D QC-NETMGR-LIB: netmgr_kif_ifioctl_set_egress_data_format(rmnet_ipa0, 0x0000001A): returns 0
04-13 17:02:41.624   981  1171 I QC-NETMGR-LIB: netmgr_kif_extended_ioctl(): Calling extended IOCTL 0007 on [rmnet_ipa0]
04-13 17:02:41.631   882   882 E mm-camera: <IMGLIB><ERROR> 1665: dual_frameproc_comp_load: dual_frameproc_comp_load:1665] Error opening dual_frameproc library libmmcamera_dcrf_lib.so error dlopen failed: library "libmmcamera_dcrf_lib.so" not found
04-13 17:02:41.632   882   882 E mm-camera: <IMGLIB><ERROR> 3004: module_imgbase_init: module_imgbase_init_imglib_dcrf:3004] Error rc -7
04-13 17:02:41.632   882   882 E mm-camera: <IMGLIB><ERROR> 744: module_imglib_create_topology: module_imglib_create_topology:744] Can not init the module imglib_dcrf
04-13 17:02:41.632   882   882 E mm-camera: <IMGLIB><ERROR> 1665: dual_frameproc_comp_load: dual_frameproc_comp_load:1665] Error opening dual_frameproc library libmmcamera_dcrf_lib.so error dlopen failed: library "libmmcamera_dcrf_lib.so" not found
04-13 17:02:41.632   882   882 E mm-camera: <IMGLIB><ERROR> 3004: module_imgbase_init: module_imgbase_init_imglib_dcrf:3004] Error rc -7
04-13 17:02:41.632   882   882 E mm-camera: <IMGLIB><ERROR> 744: module_imglib_create_topology: module_imglib_create_topology:744] Can not init the module imglib_dcrf
04-13 17:02:41.646   786  1106 E QC-DS-LIB: dsi_init_query_netmgr 17 time
04-13 17:02:41.646   786  1106 I QC-NETMGR-LIB: Event=[13] link=[0] devname=[]
04-13 17:02:41.646   786  1106 I QC-NETMGR-LIB: netmgr_unix_ipc_send_msg(): Successfully created UNIX socket
04-13 17:02:41.646   786  1106 I QC-NETMGR-LIB: netmgr_unix_ipc_send_msg(): Successfully connected to UNIX socket
04-13 17:02:41.646   786  1106 D QC-NETMGR-LIB: netmgr_util_print_packet(): Packet length is 8, printing first 8 bytes
04-13 17:02:41.646   786  1106 D QC-NETMGR-LIB: [Tx] 
04-13 17:02:41.646   786  1106 D QC-NETMGR-LIB: [Tx] 0000: 0008 0000 0000 0010 000D 0000 0000 0000
04-13 17:02:41.646   786  1106 I QC-NETMGR-LIB: netmgr_unix_ipc_send_msg(): Successfully sent message to UNIX socket
04-13 17:02:41.646   981   981 I QC-NETMGR-LIB: Attribute: Event 0xd
04-13 17:02:41.646   981   981 I QC-NETMGR-LIB: netmgr_kif_unix_recv_user_cmd(): Initialization incomplete, ignoring ping
04-13 17:02:41.647   981   981 I QC-NETMGR-LIB: netmgr_kif_unix_recv_user_cmd(): Waiting for incoming connection
04-13 17:02:41.647   786  1106 I QC-NETMGR-LIB: netmgr_unix_ipc_send_msg(): Successfully received a message from UNIX socket
04-13 17:02:41.647   786  1106 E QC-NETMGR-LIB: netmgr_unix_ipc_send_msg(): Server closed UNIX socket
04-13 17:02:41.647   786  1106 E QC-NETMGR-LIB: netmgr_client_send_ping_msg(): Client closed socket
04-13 17:02:41.648   981  1171 D QC-NETMGR-LIB: netmgr_kif_ifioctl_set_ingress_data_format("rmnet_ipa0", 0x0000001E): with u.data=0x0000003E u.ingress_format.agg_size=8192 u.ingress_format.agg_count=10 returns 0
04-13 17:02:41.648   981  1171 I QC-NETMGR-LIB: netmgr_qmi_set_data_format() Successfully set data format on physical net device
04-13 17:02:41.648   981  1171 I QC-NETMGR-LIB: netmgr_qmi_service_init(): wda_req_sent [1]
04-13 17:02:41.648   981  1171 D QC-DS-LIB: ds_get_target(): locked
04-13 17:02:41.648   981  1171 I QC-DS-LIB: ds_get_target(): Target: [23] : [msm8996]
04-13 17:02:41.648   981  1171 D QC-DS-LIB: ds_get_target(): unlocked
04-13 17:02:41.648   981  1171 E QC-NETMGR-LIB: Invalid connection ID rmnet_ipa0 passed no match received
04-13 17:02:41.648   981  1171 E QC-NETMGR-LIB: netmgr_wda_get_data_format(): bad device ID received
04-13 17:02:41.649   981  1171 I QC-NETMGR-LIB: netmgr_qmi_update_data_format(): WARNING: Could not retreive UL aggregation parameters modem. UL aggregation will be disabled
04-13 17:02:41.649   981  1171 D QC-NETMGR-LIB: netmgr_qmi_update_data_format(): From modem: agg_count=0, agg_size=0
04-13 17:02:41.649   981  1171 D QC-NETMGR-LIB: netmgr_qmi_update_data_format(): From local config: agg_count=0, agg_size=0
04-13 17:02:41.649   981  1171 D QC-NETMGR-LIB: netmgr_qmi_update_data_format(): Using agg values: agg_count=0, agg_size=0
04-13 17:02:41.649   981  1171 D QC-NETMGR-LIB: netmgr_rmnet_update_ul_aggregation(): RmNet returns egress_flags=0x0000002A; agg_size=0, agg_count=0
04-13 17:02:41.649   981  1171 D QC-NETMGR-LIB: netmgr_rmnet_update_ul_aggregation(): Updated egress_flags=0x0000002A; agg_size=0, agg_count=0
04-13 17:02:41.649   981  1171 I QC-NETMGR-LIB: netmgr_kif link 0, device rmnet_data0 has ifindex 8
04-13 17:02:41.649   981  1171 D QC-NETMGR-LIB: netmgr_kif_update_single_link_config(): Configuring proc settings on link 0
04-13 17:02:41.649   981  1171 I QC-NETMGR-LIB: netmgr_kif_extended_ioctl(): Calling extended IOCTL 0000 on [rmnet_ipa0]
04-13 17:02:41.649   981  1171 D QC-NETMGR-LIB: netmgr_kif_ifioctl_get_features(rmnet_ipa0): returns 0x00000007
04-13 17:02:41.649   981  1171 I QC-NETMGR-LIB: netmgr_kif_extended_ioctl(): Calling extended IOCTL 0005 on [rmnet_ipa0]
04-13 17:02:41.663   981  1171 D QC-NETMGR-LIB: netmgr_kif_ifioctl_notify_mux_channel(rmnet_ipa0, rmnet_data0, 1): returns 0
04-13 17:02:41.663   981   999 D QC-NETMGR-LIB: netmgr_cmdq_update_system_config(): setting 2 in /proc/sys/net/ipv6/conf/rmnet_data0/accept_ra
04-13 17:02:41.663   981  1171 D QC-NETMGR-LIB: netmgr_kif_update_system_config(): command completed in 0.000378
04-13 17:02:41.663   981   999 E QC-NETMGR-LIB: netmgr_cmdq_update_system_config(): unable to access /proc/sys/net/ipv6/conf/rmnet_data0/accept_ra_mtu file. Err [2:No such file or directory]
04-13 17:02:41.664   981  1171 D QC-NETMGR-LIB: netmgr_kif_update_system_config(): command completed in 0.000292
04-13 17:02:41.664   981  1171 E QC-NETMGR-LIB: netmgr_kif_set_link_ipv6_config(): failed to configure IPv6 property accept_ra_mtu for link [rmnet_data0]
04-13 17:02:41.664   981  1031 I QC-NETMGR-LIB: Received nl msg, recvmsg returned 1144
04-13 17:02:41.664   981  1031 I QC-NETMGR-LIB: Received command: ID=NETMGR_KIF_MSG_CMD, link=0
04-13 17:02:41.664   981  1031 I QC-NETMGR-LIB: Received nl msg, recvmsg returned 1144
04-13 17:02:41.664   981  1031 I QC-NETMGR-LIB: Received command: ID=NETMGR_KIF_MSG_CMD, link=0
04-13 17:02:41.665   981   999 D QC-NETMGR-LIB: netmgr_cmdq_update_system_config(): setting f in /sys/class/net/rmnet_data0/queues/rx-0/rps_cpus
04-13 17:02:41.665   981  1171 D QC-NETMGR-LIB: netmgr_kif_update_system_config(): command completed in 0.001090
04-13 17:02:41.665   981  1171 D QC-NETMGR-LIB: netmgr_kif_enable_ipv6_optimistic_dad(): Enabling ipv6 optimistic dad on link rmnet_data0
04-13 17:02:41.665   981   999 D QC-NETMGR-LIB: netmgr_cmdq_update_system_config(): setting 1 in /proc/sys/net/ipv6/conf/rmnet_data0/optimistic_dad
04-13 17:02:41.665   981  1171 D QC-NETMGR-LIB: netmgr_kif_update_system_config(): command completed in 0.000399
04-13 17:02:41.666   981  1171 D QC-NETMGR-LIB: netmgr_kif_enable_ipv6_optimistic_dad(): Setting retrans timer 100 ms on link rmnet_data0
04-13 17:02:41.666   981   999 D QC-NETMGR-LIB: netmgr_cmdq_update_system_config(): setting 100 in /proc/sys/net/ipv6/neigh/rmnet_data0/retrans_time_ms
04-13 17:02:41.666   981  1171 D QC-NETMGR-LIB: netmgr_kif_update_system_config(): command completed in 0.000426
04-13 17:02:41.666   981   999 D QC-NETMGR-LIB: netmgr_cmdq_update_system_config(): setting 2 in /proc/sys/net/ipv6/conf/rmnet_data0/accept_ra
04-13 17:02:41.667   981  1171 D QC-NETMGR-LIB: netmgr_kif_update_system_config(): command completed in 0.000386
04-13 17:02:41.667   981  1171 I QC-NETMGR-LIB: Event=[10] link=[0] devname=[]
04-13 17:02:41.667   981  1171 I QC-NETMGR-LIB: Generated nl msg, sendmsg returned 24
04-13 17:02:41.667   981  1171 D QC-NETMGR-LIB: sm_state_down_exit on link 0
04-13 17:02:41.667   786  1105 I QC-NETMGR-LIB: Received nl msg, recvmsg returned 24
04-13 17:02:41.667   981  1171 I QC-NETMGR-LIB: Process command: ID=NETMGR_INITED_EV, link=1, state=0
04-13 17:02:41.667   981  1171 I QC-NETMGR-LIB: initing QMI link[1]
04-13 17:02:41.667   786  1105 I QC-NETMGR-LIB: Processing NETMGR_NL_EVENT
04-13 17:02:41.667   981  1171 I QC-NETMGR-LIB: netmgr_qmi_service_init: entry 
04-13 17:02:41.667   786  1105 I QC-NETMGR-LIB: Attribute: Event 0xa
04-13 17:02:41.667   981  1171 I QC-NETMGR-LIB: initializing IPv4 WDS client
04-13 17:02:41.667   786  1105 I QC-DS-LIB: >>>dsi_netmgr_cb ENTRY
04-13 17:02:41.667   981  1171 D QC-DS-LIB: ds_get_target(): locked
04-13 17:02:41.667   786  1105 I QC-DS-LIB: dsi_mem_debug: malloc ptr [0x7f7d5711c0] memsize [41760]
04-13 17:02:41.667   981  1171 I QC-DS-LIB: ds_get_target(): Target: [23] : [msm8996]
04-13 17:02:41.667   786  1105 I QC-DS-LIB: >>>received netmgr_cb with event [10] info [0x7f7d511208] data [0x0]
04-13 17:02:41.667   981  1171 D QC-DS-LIB: ds_get_target(): unlocked
04-13 17:02:41.667   786  1105 I QC-DS-LIB: >>>found info->link = [0]
04-13 17:02:41.667   786  1105 I QC-DS-LIB: >>>posting cmd [0x7f7d5711c0] to dsi_netctrl_cb queue
04-13 17:02:41.667   786  1105 I QC-DS-LIB: >>>dsi_netmgr_cb EXIT with suc
04-13 17:02:41.667   981  1171 D QC-DS-LIB: ds_get_target(): locked
04-13 17:02:41.667   981  1171 I QC-DS-LIB: ds_get_target(): Target: [23] : [msm8996]
04-13 17:02:41.667   786  1105 I QC-NETMGR-LIB: Notified client: hdl=0x0x7f7f4f50f0 event=10 link=0 flow=0x00000000
04-13 17:02:41.668   981  1171 D QC-DS-LIB: ds_get_target(): unlocked
04-13 17:02:41.668   981  1171 I QC-DS-LIB: ds_get_epid(): entry: net_dev rmnet_ipa0
04-13 17:02:41.668   981  1171 I QC-DS-LIB: ds_get_epid(): success: ep_type[4], epid[0x1]
04-13 17:02:41.668   786  1097 I QC-DS-LIB: dsi_netctrl_cb_cmd_exec: ENTRY
04-13 17:02:41.668   786  1097 I QC-DS-LIB: dsi_process_netmgr_ev ENTRY
04-13 17:02:41.668   786  1097 I QC-DS-LIB: mutex [0x7f7f82aa5c] locked
04-13 17:02:41.668   786  1097 D QC-DS-LIB: dsi_netmgr_map_link: ENTRY
04-13 17:02:41.668   786  1097 D QC-DS-LIB: netmgr link [0] maps to  dsi iface [0]
04-13 17:02:41.668   786  1097 D QC-DS-LIB: dsi_netmgr_map_link: EXIT
04-13 17:02:41.668   964  1114 I QC-NETMGR-LIB: Received nl msg, recvmsg returned 24
04-13 17:02:41.668   786  1097 D QC-DS-LIB: dsi_process_netmgr_ev: ignoring event [10] dsi_inited [0]
04-13 17:02:41.668   964  1114 I QC-NETMGR-LIB: Processing NETMGR_NL_EVENT
04-13 17:02:41.668   786  1097 I QC-DS-LIB: dsi_process_netmgr_ev EXIT with err
04-13 17:02:41.668   964  1114 I QC-NETMGR-LIB: Attribute: Event 0xa
04-13 17:02:41.668   786  1097 I QC-DS-LIB: mutex [0x7f7f82aa5c] unlocked
04-13 17:02:41.668   964  1114 I QC-DS-LIB: >>>dsi_netmgr_cb ENTRY
04-13 17:02:41.668   786  1097 I QC-DS-LIB: dsi_netctrl_cb_cmd_exec: EXIT with suc
04-13 17:02:41.668   964  1114 I QC-DS-LIB: dsi_mem_debug: malloc ptr [0x7fad24efc0] memsize [41760]
04-13 17:02:41.668   786  1097 I QC-DS-LIB: dsi_netctrl_cb_cmd_free ENTRY
04-13 17:02:41.668   964  1114 I QC-DS-LIB: >>>received netmgr_cb with event [10] info [0x7fb1065c08] data [0x0]
04-13 17:02:41.668   786  1097 I QC-DS-LIB: dsi_mem_debug free ptr [0x7f7d5711c0]
04-13 17:02:41.668   964  1114 I QC-DS-LIB: >>>found info->link = [0]
04-13 17:02:41.668   964  1114 I QC-DS-LIB: >>>posting cmd [0x7fad24efc0] to dsi_netctrl_cb queue
04-13 17:02:41.668   786  1097 I QC-DS-LIB: dsi_netctrl_cb_cmd_free EXIT
04-13 17:02:41.668   964  1114 I QC-DS-LIB: >>>dsi_netmgr_cb EXIT with suc
04-13 17:02:41.668   964  1114 I QC-NETMGR-LIB: Notified client: hdl=0x0x7fafad60f0 event=10 link=0 flow=0x00000000
04-13 17:02:41.668   964  1109 I QC-DS-LIB: dsi_netctrl_cb_cmd_exec: ENTRY
04-13 17:02:41.668   964  1109 I QC-DS-LIB: dsi_process_netmgr_ev ENTRY
04-13 17:02:41.668   964  1109 I QC-DS-LIB: mutex [0x7fb0c93a5c] locked
04-13 17:02:41.668   964  1109 D QC-DS-LIB: dsi_netmgr_map_link: ENTRY
04-13 17:02:41.669   964  1109 D QC-DS-LIB: netmgr link [0] maps to  dsi iface [0]
04-13 17:02:41.669   964  1109 D QC-DS-LIB: dsi_netmgr_map_link: EXIT
04-13 17:02:41.669   964  1109 D QC-DS-LIB: dsi_process_netmgr_ev: ignoring event [10] dsi_inited [0]
04-13 17:02:41.669   964  1109 I QC-DS-LIB: dsi_process_netmgr_ev EXIT with err
04-13 17:02:41.669   964  1109 I QC-DS-LIB: mutex [0x7fb0c93a5c] unlocked
04-13 17:02:41.669   964  1109 I QC-DS-LIB: dsi_netctrl_cb_cmd_exec: EXIT with suc
04-13 17:02:41.669   964  1109 I QC-DS-LIB: dsi_netctrl_cb_cmd_free ENTRY
04-13 17:02:41.669   964  1109 I QC-DS-LIB: dsi_mem_debug free ptr [0x7fad24efc0]
04-13 17:02:41.669   964  1109 I QC-DS-LIB: dsi_netctrl_cb_cmd_free EXIT
04-13 17:02:41.672   981  1171 I QC-NETMGR-LIB: netmgr_qmi_wds_service_init(): Successfully initialized WDS client=0x8 on link=1
04-13 17:02:41.673   981  1171 I QC-NETMGR-LIB: Successfully registered for ext IP config ind on IPv4 clnt_hndl=0x5568452650
04-13 17:02:41.673   981  1171 I QC-NETMGR-LIB: initializing IPv6 WDS client
04-13 17:02:41.673   981  1171 D QC-DS-LIB: ds_get_target(): locked
04-13 17:02:41.673   981  1171 I QC-DS-LIB: ds_get_target(): Target: [23] : [msm8996]
04-13 17:02:41.673   981  1171 D QC-DS-LIB: ds_get_target(): unlocked
04-13 17:02:41.673   981  1171 D QC-DS-LIB: ds_get_target(): locked
04-13 17:02:41.673   981  1171 I QC-DS-LIB: ds_get_target(): Target: [23] : [msm8996]
04-13 17:02:41.673   981  1171 D QC-DS-LIB: ds_get_target(): unlocked
04-13 17:02:41.674   981  1171 I QC-DS-LIB: ds_get_epid(): entry: net_dev rmnet_ipa0
04-13 17:02:41.674   981  1171 I QC-DS-LIB: ds_get_epid(): success: ep_type[4], epid[0x1]
04-13 17:02:41.677   964  1115 E QC-DS-LIB: dsi_init_query_netmgr 17 time
04-13 17:02:41.677   964  1115 I QC-NETMGR-LIB: Event=[13] link=[0] devname=[]
04-13 17:02:41.678   964  1115 I QC-NETMGR-LIB: netmgr_unix_ipc_send_msg(): Successfully created UNIX socket
