04-13 17:02:41.893   981  1171 I QC-NETMGR-LIB: netmgr_kif_extended_ioctl(): Calling extended IOCTL 0000 on [rmnet_ipa0]
04-13 17:02:41.893   981  1171 D QC-NETMGR-LIB: netmgr_kif_ifioctl_get_features(rmnet_ipa0): returns 0x00000007
04-13 17:02:41.893   981  1171 I QC-NETMGR-LIB: netmgr_kif_extended_ioctl(): Calling extended IOCTL 0005 on [rmnet_ipa0]
04-13 17:02:41.899   981  1171 D QC-NETMGR-LIB: netmgr_kif_ifioctl_notify_mux_channel(rmnet_ipa0, rmnet_data4, 5): returns 0
04-13 17:02:41.899   981   999 D QC-NETMGR-LIB: netmgr_cmdq_update_system_config(): setting 2 in /proc/sys/net/ipv6/conf/rmnet_data4/accept_ra
04-13 17:02:41.900   981  1171 D QC-NETMGR-LIB: netmgr_kif_update_system_config(): command completed in 0.000518
04-13 17:02:41.900   981   999 E QC-NETMGR-LIB: netmgr_cmdq_update_system_config(): unable to access /proc/sys/net/ipv6/conf/rmnet_data4/accept_ra_mtu file. Err [2:No such file or directory]
04-13 17:02:41.900   981  1171 D QC-NETMGR-LIB: netmgr_kif_update_system_config(): command completed in 0.000162
04-13 17:02:41.900   981  1171 E QC-NETMGR-LIB: netmgr_kif_set_link_ipv6_config(): failed to configure IPv6 property accept_ra_mtu for link [rmnet_data4]
04-13 17:02:41.900   981  1031 I QC-NETMGR-LIB: Received nl msg, recvmsg returned 1144
04-13 17:02:41.900   981  1031 I QC-NETMGR-LIB: Received command: ID=NETMGR_KIF_MSG_CMD, link=0
04-13 17:02:41.900   981  1031 I QC-NETMGR-LIB: Received nl msg, recvmsg returned 1144
04-13 17:02:41.901   981  1031 I QC-NETMGR-LIB: Received command: ID=NETMGR_KIF_MSG_CMD, link=0
04-13 17:02:41.901   981   999 D QC-NETMGR-LIB: netmgr_cmdq_update_system_config(): setting f in /sys/class/net/rmnet_data4/queues/rx-0/rps_cpus
04-13 17:02:41.901   981  1171 D QC-NETMGR-LIB: netmgr_kif_update_system_config(): command completed in 0.000981
04-13 17:02:41.901   981  1171 D QC-NETMGR-LIB: netmgr_kif_enable_ipv6_optimistic_dad(): Enabling ipv6 optimistic dad on link rmnet_data4
04-13 17:02:41.901   981   999 D QC-NETMGR-LIB: netmgr_cmdq_update_system_config(): setting 1 in /proc/sys/net/ipv6/conf/rmnet_data4/optimistic_dad
04-13 17:02:41.901   981  1171 D QC-NETMGR-LIB: netmgr_kif_update_system_config(): command completed in 0.000145
04-13 17:02:41.902   981  1171 D QC-NETMGR-LIB: netmgr_kif_enable_ipv6_optimistic_dad(): Setting retrans timer 100 ms on link rmnet_data4
04-13 17:02:41.902   758   758 E TypefaceInjetor: Error mapping font file /system/fonts/DroidSansFallback.ttf
04-13 17:02:41.902   981   999 D QC-NETMGR-LIB: netmgr_cmdq_update_system_config(): setting 100 in /proc/sys/net/ipv6/neigh/rmnet_data4/retrans_time_ms
04-13 17:02:41.902   981  1171 D QC-NETMGR-LIB: netmgr_kif_update_system_config(): command completed in 0.000157
04-13 17:02:41.902   981   999 D QC-NETMGR-LIB: netmgr_cmdq_update_system_config(): setting 2 in /proc/sys/net/ipv6/conf/rmnet_data4/accept_ra
04-13 17:02:41.902   981  1171 D QC-NETMGR-LIB: netmgr_kif_update_system_config(): command completed in 0.000118
04-13 17:02:41.902   981  1171 I QC-NETMGR-LIB: Event=[10] link=[4] devname=[]
04-13 17:02:41.902   758   758 E Typeface: Error mapping font file /system/fonts/DroidSansFallback.ttf
04-13 17:02:41.902   981  1171 I QC-NETMGR-LIB: Generated nl msg, sendmsg returned 24
04-13 17:02:41.902   981  1171 D QC-NETMGR-LIB: sm_state_down_exit on link 4
04-13 17:02:41.902   981  1171 I QC-NETMGR-LIB: Process command: ID=NETMGR_INITED_EV, link=5, state=0
04-13 17:02:41.902   981  1171 I QC-NETMGR-LIB: initing QMI link[5]
04-13 17:02:41.902   981  1171 I QC-NETMGR-LIB: netmgr_qmi_service_init: entry 
04-13 17:02:41.902   981  1171 I QC-NETMGR-LIB: initializing IPv4 WDS client
04-13 17:02:41.902   981  1171 D QC-DS-LIB: ds_get_target(): locked
04-13 17:02:41.902   981  1171 I QC-DS-LIB: ds_get_target(): Target: [23] : [msm8996]
04-13 17:02:41.903   981  1171 D QC-DS-LIB: ds_get_target(): unlocked
04-13 17:02:41.903   981  1171 D QC-DS-LIB: ds_get_target(): locked
04-13 17:02:41.903   981  1171 I QC-DS-LIB: ds_get_target(): Target: [23] : [msm8996]
04-13 17:02:41.903   981  1171 D QC-DS-LIB: ds_get_target(): unlocked
04-13 17:02:41.903   981  1171 I QC-DS-LIB: ds_get_epid(): entry: net_dev rmnet_ipa0
04-13 17:02:41.903   981  1171 I QC-DS-LIB: ds_get_epid(): success: ep_type[4], epid[0x1]
04-13 17:02:41.903   964  1114 I QC-NETMGR-LIB: Received nl msg, recvmsg returned 24
04-13 17:02:41.903   964  1114 I QC-NETMGR-LIB: Processing NETMGR_NL_EVENT
04-13 17:02:41.903   964  1114 I QC-NETMGR-LIB: Attribute: Event 0xa
04-13 17:02:41.903   964  1114 I QC-DS-LIB: >>>dsi_netmgr_cb ENTRY
04-13 17:02:41.903   964  1114 I QC-DS-LIB: dsi_mem_debug: malloc ptr [0x7fad24e200] memsize [41760]
04-13 17:02:41.903   964  1114 I QC-DS-LIB: >>>received netmgr_cb with event [10] info [0x7fb1065c08] data [0x0]
04-13 17:02:41.903   964  1114 I QC-DS-LIB: >>>found info->link = [0]
04-13 17:02:41.903   964  1114 I QC-DS-LIB: >>>posting cmd [0x7fad24e200] to dsi_netctrl_cb queue
04-13 17:02:41.903   964  1114 I QC-DS-LIB: >>>dsi_netmgr_cb EXIT with suc
04-13 17:02:41.903   964  1114 I QC-NETMGR-LIB: Notified client: hdl=0x0x7fafad60f0 event=10 link=0 flow=0x00000000
04-13 17:02:41.904   786  1105 I QC-NETMGR-LIB: Received nl msg, recvmsg returned 24
04-13 17:02:41.904   786  1105 I QC-NETMGR-LIB: Processing NETMGR_NL_EVENT
04-13 17:02:41.904   786  1105 I QC-NETMGR-LIB: Attribute: Event 0xa
04-13 17:02:41.904   786  1105 I QC-DS-LIB: >>>dsi_netmgr_cb ENTRY
04-13 17:02:41.904   786  1105 I QC-DS-LIB: dsi_mem_debug: malloc ptr [0x7f7d571300] memsize [41760]
04-13 17:02:41.904   786  1105 I QC-DS-LIB: >>>received netmgr_cb with event [10] info [0x7f7d511208] data [0x0]
04-13 17:02:41.904   786  1105 I QC-DS-LIB: >>>found info->link = [0]
04-13 17:02:41.904   786  1105 I QC-DS-LIB: >>>posting cmd [0x7f7d571300] to dsi_netctrl_cb queue
04-13 17:02:41.904   786  1105 I QC-DS-LIB: >>>dsi_netmgr_cb EXIT with suc
04-13 17:02:41.904   786  1105 I QC-NETMGR-LIB: Notified client: hdl=0x0x7f7f4f50f0 event=10 link=0 flow=0x00000000
04-13 17:02:41.904   786  1097 I QC-DS-LIB: dsi_netctrl_cb_cmd_exec: ENTRY
04-13 17:02:41.904   786  1097 I QC-DS-LIB: dsi_process_netmgr_ev ENTRY
04-13 17:02:41.904   964  1109 I QC-DS-LIB: dsi_netctrl_cb_cmd_exec: ENTRY
04-13 17:02:41.904   964  1109 I QC-DS-LIB: dsi_process_netmgr_ev ENTRY
04-13 17:02:41.904   786  1097 I QC-DS-LIB: mutex [0x7f7f82aa5c] locked
04-13 17:02:41.904   964  1109 I QC-DS-LIB: mutex [0x7fb0c93a5c] locked
04-13 17:02:41.904   786  1097 D QC-DS-LIB: dsi_netmgr_map_link: ENTRY
04-13 17:02:41.904   964  1109 D QC-DS-LIB: dsi_netmgr_map_link: ENTRY
04-13 17:02:41.904   786  1097 D QC-DS-LIB: netmgr link [0] maps to  dsi iface [0]
04-13 17:02:41.904   964  1109 D QC-DS-LIB: netmgr link [0] maps to  dsi iface [0]
04-13 17:02:41.904   786  1097 D QC-DS-LIB: dsi_netmgr_map_link: EXIT
04-13 17:02:41.904   964  1109 D QC-DS-LIB: dsi_netmgr_map_link: EXIT
04-13 17:02:41.904   786  1097 D QC-DS-LIB: dsi_process_netmgr_ev: ignoring event [10] dsi_inited [0]
04-13 17:02:41.904   964  1109 D QC-DS-LIB: dsi_process_netmgr_ev: ignoring event [10] dsi_inited [0]
04-13 17:02:41.904   964  1109 I QC-DS-LIB: dsi_process_netmgr_ev EXIT with err
04-13 17:02:41.904   786  1097 I QC-DS-LIB: dsi_process_netmgr_ev EXIT with err
04-13 17:02:41.904   964  1109 I QC-DS-LIB: mutex [0x7fb0c93a5c] unlocked
04-13 17:02:41.904   786  1097 I QC-DS-LIB: mutex [0x7f7f82aa5c] unlocked
04-13 17:02:41.904   964  1109 I QC-DS-LIB: dsi_netctrl_cb_cmd_exec: EXIT with suc
04-13 17:02:41.904   964  1109 I QC-DS-LIB: dsi_netctrl_cb_cmd_free ENTRY
04-13 17:02:41.904   786  1097 I QC-DS-LIB: dsi_netctrl_cb_cmd_exec: EXIT with suc
04-13 17:02:41.904   964  1109 I QC-DS-LIB: dsi_mem_debug free ptr [0x7fad24e200]
04-13 17:02:41.904   786  1097 I QC-DS-LIB: dsi_netctrl_cb_cmd_free ENTRY
04-13 17:02:41.904   786  1097 I QC-DS-LIB: dsi_mem_debug free ptr [0x7f7d571300]
04-13 17:02:41.904   964  1109 I QC-DS-LIB: dsi_netctrl_cb_cmd_free EXIT
04-13 17:02:41.905   786  1097 I QC-DS-LIB: dsi_netctrl_cb_cmd_free EXIT
04-13 17:02:41.905   882  1272 E mm-camera: <SENSOR><ERROR> sony_imx298_eeprom_get_raw_data: 288: Enter
04-13 17:02:41.906   882  1272 E mm-camera: <SENSOR><ERROR> sony_imx298_eeprom_get_raw_data: 295: Exit
04-13 17:02:41.910   981  1171 I QC-NETMGR-LIB: netmgr_qmi_wds_service_init(): Successfully initialized WDS client=0x18 on link=5
04-13 17:02:41.911   981  1171 I QC-NETMGR-LIB: Successfully registered for ext IP config ind on IPv4 clnt_hndl=0x55684577b0
04-13 17:02:41.911   981  1171 I QC-NETMGR-LIB: initializing IPv6 WDS client
04-13 17:02:41.911   981  1171 D QC-DS-LIB: ds_get_target(): locked
04-13 17:02:41.911   981  1171 I QC-DS-LIB: ds_get_target(): Target: [23] : [msm8996]
04-13 17:02:41.911   981  1171 D QC-DS-LIB: ds_get_target(): unlocked
04-13 17:02:41.912   981  1171 D QC-DS-LIB: ds_get_target(): locked
04-13 17:02:41.912   981  1171 I QC-DS-LIB: ds_get_target(): Target: [23] : [msm8996]
04-13 17:02:41.912   981  1171 D QC-DS-LIB: ds_get_target(): unlocked
04-13 17:02:41.912   981  1171 I QC-DS-LIB: ds_get_epid(): entry: net_dev rmnet_ipa0
04-13 17:02:41.912   981  1171 I QC-DS-LIB: ds_get_epid(): success: ep_type[4], epid[0x1]
04-13 17:02:41.917   981  1171 I QC-NETMGR-LIB: netmgr_qmi_wds_service_init(): Successfully initialized WDS client=0x19 on link=5
04-13 17:02:41.918   981  1171 I QC-NETMGR-LIB: Successfully registered for ext IP config ind on IPv6 clnt_hndl=0x55684577b8
04-13 17:02:41.918   981  1171 I QC-NETMGR-LIB: The wds client ids [0x18/0x19]
04-13 17:02:41.918   981  1171 D QC-DS-LIB: ds_get_target(): locked
04-13 17:02:41.918   981  1171 I QC-DS-LIB: ds_get_target(): Target: [23] : [msm8996]
04-13 17:02:41.918   981  1171 D QC-DS-LIB: ds_get_target(): unlocked
04-13 17:02:41.919   981  1171 D QC-DS-LIB: ds_get_target(): locked
04-13 17:02:41.919   981  1171 I QC-DS-LIB: ds_get_target(): Target: [23] : [msm8996]
04-13 17:02:41.919   981  1171 D QC-DS-LIB: ds_get_target(): unlocked
04-13 17:02:41.919   981  1171 I QC-DS-LIB: ds_get_epid(): entry: net_dev rmnet_ipa0
04-13 17:02:41.919   981  1171 I QC-DS-LIB: ds_get_epid(): success: ep_type[4], epid[0x1]
04-13 17:02:41.932   981  1171 D QC-DS-LIB: ds_get_target(): locked
04-13 17:02:41.932   981  1171 I QC-DS-LIB: ds_get_target(): Target: [23] : [msm8996]
04-13 17:02:41.932   981  1171 D QC-DS-LIB: ds_get_target(): unlocked
04-13 17:02:41.932   981  1171 D QC-DS-LIB: ds_get_target(): locked
04-13 17:02:41.932   981  1171 I QC-DS-LIB: ds_get_target(): Target: [23] : [msm8996]
04-13 17:02:41.932   981  1171 D QC-DS-LIB: ds_get_target(): unlocked
04-13 17:02:41.932   981  1171 I QC-DS-LIB: ds_get_epid(): entry: net_dev rmnet_ipa0
04-13 17:02:41.932   981  1171 I QC-DS-LIB: ds_get_epid(): success: ep_type[4], epid[0x1]
04-13 17:02:41.933   882  1272 E mm-camera: <SENSOR><ERROR> sony_imx298_autofocus_calibration: 350: Enter
04-13 17:02:41.933   882  1272 E mm-camera: <SENSOR><ERROR> sony_imx298_autofocus_calibration: 391: adjusted code_per_step: 109, qvalue: 128
04-13 17:02:41.935   758   758 E TypefaceInjetor: Error mapping font file /system/fonts/MiuiBitmap-Regular.ttf
04-13 17:02:41.936   758   758 E Typeface: Error mapping font file /system/fonts/MiuiBitmap-Regular.ttf
04-13 17:02:41.936   882  1292 E mm-camera: <SENSOR><ERROR> 2848: sensor_get_cur_chromatix_name_for_type: chromatix for res_idx = 0 special_mode_mask = 0     module = 4 chromatix_type = 0 is NULL
04-13 17:02:41.937   882  1292 D mm-camera: <IMGLIB>< INFO> 2059: module_faceproc_query_mod: Caps ROI 10 scene_mode_cnt 1 HW analysis supported 1
04-13 17:02:41.937   882  1292 D mm-camera: <MCT   >< INFO> 1591: mct_pipeline_append_fps_entry:  Added hal_table[0]: (15.000000, 24.000000)
04-13 17:02:41.937   882  1292 D mm-camera: <MCT   >< INFO> 1604: mct_pipeline_append_fps_entry:  Added hal_table[1]: (24.000000, 24.000000)
04-13 17:02:41.937   882  1292 D mm-camera: <MCT   >< INFO> 1591: mct_pipeline_append_fps_entry:  Added hal_table[2]: (15.000000, 25.000000)
04-13 17:02:41.937   882  1292 D mm-camera: <MCT   >< INFO> 1604: mct_pipeline_append_fps_entry:  Added hal_table[3]: (25.000000, 25.000000)
04-13 17:02:41.937   882  1292 D mm-camera: <MCT   >< INFO> 1591: mct_pipeline_append_fps_entry:  Added hal_table[4]: (8.000000, 30.000000)
04-13 17:02:41.937   882  1292 D mm-camera: <MCT   >< INFO> 1604: mct_pipeline_append_fps_entry:  Added hal_table[5]: (30.000000, 30.000000)
04-13 17:02:41.937   882  1292 D mm-camera: <MCT   >< INFO> 1591: mct_pipeline_append_fps_entry:  Added hal_table[6]: (15.000000, 30.000000)
04-13 17:02:41.937   882  1292 D mm-camera: <MCT   >< INFO> 2749: mct_pipeline_fill_dimensions_snapshot: Cam 0: FPS range selection complete. Publishing 7 ranges.
04-13 17:02:41.937   758   758 E TypefaceInjetor: Error mapping font file /system/fonts/MiuiExBitmap-Regular.ttf
04-13 17:02:41.938   758   758 E Typeface: Error mapping font file /system/fonts/MiuiExBitmap-Regular.ttf
04-13 17:02:41.938   882   882 D mm-camera: <MCT   >< INFO> 189: mct_controller_destroy: Initiating destroy sequence for session = 2
04-13 17:02:41.938   882   882 D mm-camera: <MCT   >< INFO> 207: mct_controller_destroy: serv_thread closed
04-13 17:02:41.938   882   882 D mm-camera: <MCT   >< INFO> 222: mct_controller_destroy: bus_handler thread closed
04-13 17:02:41.938   882   882 D mm-camera: <MCT   >< INFO> 4411: mct_pipeline_stop_session: Initiating stop_session on session 2
04-13 17:02:41.939   882   882 D mm-camera: <MCT   >< INFO> 3407: mct_pipeline_process_set: command=800000b
04-13 17:02:41.939   882   882 D mm-camera: <MCT   >< INFO> 3625: mct_pipeline_process_set: Issuing DEL_STREAM on stream 0x2000f and stream type=10
04-13 17:02:41.939   882   882 D mm-camera: <IFACE >< INFO> 666: iface_unreserve_sink_port: stream_id f mode 0 
04-13 17:02:41.939   882   882 D mm-camera: <ISP   >< INFO> 911: isp_port_check_caps_unreserve: ide 2000f port 0xef8ef400
04-13 17:02:41.940   882   882 D mm-camera: <MCT   >< INFO> 3636: mct_pipeline_process_set: Stream 0x2000f and stream type=10, successfully deleted
04-13 17:02:41.943   882  1314 D mm-camera: <MCT   >< INFO> 4132: mct_pipeline_stop_session_thread: Stop module name: sensor - E
04-13 17:02:41.943   981  1171 I QC-NETMGR-LIB: The qos client ids [0x1a/0x1b]
04-13 17:02:41.943   981  1171 I QC-NETMGR-LIB: netmgr_kif link 5, device rmnet_data5 has ifindex 13
04-13 17:02:41.944   981  1171 D QC-NETMGR-LIB: netmgr_kif_update_single_link_config(): Configuring proc settings on link 5
04-13 17:02:41.944   981  1171 I QC-NETMGR-LIB: netmgr_kif_extended_ioctl(): Calling extended IOCTL 0000 on [rmnet_ipa0]
04-13 17:02:41.944   981  1171 D QC-NETMGR-LIB: netmgr_kif_ifioctl_get_features(rmnet_ipa0): returns 0x00000007
04-13 17:02:41.944   981  1171 I QC-NETMGR-LIB: netmgr_kif_extended_ioctl(): Calling extended IOCTL 0005 on [rmnet_ipa0]
04-13 17:02:41.947   981  1171 D QC-NETMGR-LIB: netmgr_kif_ifioctl_notify_mux_channel(rmnet_ipa0, rmnet_data5, 6): returns 0
04-13 17:02:41.947   981   999 D QC-NETMGR-LIB: netmgr_cmdq_update_system_config(): setting 2 in /proc/sys/net/ipv6/conf/rmnet_data5/accept_ra
04-13 17:02:41.947   981  1171 D QC-NETMGR-LIB: netmgr_kif_update_system_config(): command completed in 0.000207
04-13 17:02:41.947   981   999 E QC-NETMGR-LIB: netmgr_cmdq_update_system_config(): unable to access /proc/sys/net/ipv6/conf/rmnet_data5/accept_ra_mtu file. Err [2:No such file or directory]
04-13 17:02:41.947   981  1171 D QC-NETMGR-LIB: netmgr_kif_update_system_config(): command completed in 0.000106
04-13 17:02:41.947   981  1171 E QC-NETMGR-LIB: netmgr_kif_set_link_ipv6_config(): failed to configure IPv6 property accept_ra_mtu for link [rmnet_data5]
04-13 17:02:41.947   981  1031 I QC-NETMGR-LIB: Received nl msg, recvmsg returned 1144
04-13 17:02:41.948   981  1031 I QC-NETMGR-LIB: Received command: ID=NETMGR_KIF_MSG_CMD, link=0
04-13 17:02:41.948   981  1031 I QC-NETMGR-LIB: Received nl msg, recvmsg returned 1144
04-13 17:02:41.948   981  1031 I QC-NETMGR-LIB: Received command: ID=NETMGR_KIF_MSG_CMD, link=0
04-13 17:02:41.948   981   999 D QC-NETMGR-LIB: netmgr_cmdq_update_system_config(): setting f in /sys/class/net/rmnet_data5/queues/rx-0/rps_cpus
04-13 17:02:41.948   981  1171 D QC-NETMGR-LIB: netmgr_kif_update_system_config(): command completed in 0.000908
04-13 17:02:41.948   981  1171 D QC-NETMGR-LIB: netmgr_kif_enable_ipv6_optimistic_dad(): Enabling ipv6 optimistic dad on link rmnet_data5
04-13 17:02:41.948   981   999 D QC-NETMGR-LIB: netmgr_cmdq_update_system_config(): setting 1 in /proc/sys/net/ipv6/conf/rmnet_data5/optimistic_dad
04-13 17:02:41.948   981  1171 D QC-NETMGR-LIB: netmgr_kif_update_system_config(): command completed in 0.000139
04-13 17:02:41.949   981  1171 D QC-NETMGR-LIB: netmgr_kif_enable_ipv6_optimistic_dad(): Setting retrans timer 100 ms on link rmnet_data5
04-13 17:02:41.949   981   999 D QC-NETMGR-LIB: netmgr_cmdq_update_system_config(): setting 100 in /proc/sys/net/ipv6/neigh/rmnet_data5/retrans_time_ms
04-13 17:02:41.949   981  1171 D QC-NETMGR-LIB: netmgr_kif_update_system_config(): command completed in 0.000151
04-13 17:02:41.949   981   999 D QC-NETMGR-LIB: netmgr_cmdq_update_system_config(): setting 2 in /proc/sys/net/ipv6/conf/rmnet_data5/accept_ra
04-13 17:02:41.949   786  1106 E QC-DS-LIB: dsi_init_query_netmgr 20 time
04-13 17:02:41.949   786  1106 I QC-NETMGR-LIB: Event=[13] link=[0] devname=[]
04-13 17:02:41.949   786  1106 I QC-NETMGR-LIB: netmgr_unix_ipc_send_msg(): Successfully created UNIX socket
04-13 17:02:41.949   786  1106 I QC-NETMGR-LIB: netmgr_unix_ipc_send_msg(): Successfully connected to UNIX socket
04-13 17:02:41.949   786  1106 D QC-NETMGR-LIB: netmgr_util_print_packet(): Packet length is 8, printing first 8 bytes
04-13 17:02:41.949   786  1106 D QC-NETMGR-LIB: [Tx] 
04-13 17:02:41.949   786  1106 D QC-NETMGR-LIB: [Tx] 0000: 0008 0000 0000 0010 000D 0000 0000 0000
04-13 17:02:41.949   786  1106 I QC-NETMGR-LIB: netmgr_unix_ipc_send_msg(): Successfully sent message to UNIX socket
04-13 17:02:41.949   981   981 I QC-NETMGR-LIB: Attribute: Event 0xd
04-13 17:02:41.950   981   981 I QC-NETMGR-LIB: netmgr_kif_unix_recv_user_cmd(): Initialization incomplete, ignoring ping
04-13 17:02:41.950   981   981 I QC-NETMGR-LIB: netmgr_kif_unix_recv_user_cmd(): Waiting for incoming connection
04-13 17:02:41.953   981  1171 D QC-NETMGR-LIB: netmgr_kif_update_system_config(): command completed in 0.000603
04-13 17:02:41.953   981  1171 I QC-NETMGR-LIB: Event=[10] link=[5] devname=[]
04-13 17:02:41.953   981  1171 I QC-NETMGR-LIB: Generated nl msg, sendmsg returned 24
04-13 17:02:41.953   981  1171 D QC-NETMGR-LIB: sm_state_down_exit on link 5
04-13 17:02:41.953   981  1171 I QC-NETMGR-LIB: Process command: ID=NETMGR_INITED_EV, link=6, state=0
04-13 17:02:41.953   981  1171 I QC-NETMGR-LIB: initing QMI link[6]
04-13 17:02:41.954   981  1171 I QC-NETMGR-LIB: netmgr_qmi_service_init: entry 
04-13 17:02:41.954   981  1171 I QC-NETMGR-LIB: initializing IPv4 WDS client
04-13 17:02:41.954   981  1171 D QC-DS-LIB: ds_get_target(): locked
04-13 17:02:41.954   981  1171 I QC-DS-LIB: ds_get_target(): Target: [23] : [msm8996]
04-13 17:02:41.954   981  1171 D QC-DS-LIB: ds_get_target(): unlocked
04-13 17:02:41.954   981  1171 D QC-DS-LIB: ds_get_target(): locked
04-13 17:02:41.954   981  1171 I QC-DS-LIB: ds_get_target(): Target: [23] : [msm8996]
04-13 17:02:41.954   981  1171 D QC-DS-LIB: ds_get_target(): unlocked
04-13 17:02:41.954   981  1171 I QC-DS-LIB: ds_get_epid(): entry: net_dev rmnet_ipa0
04-13 17:02:41.954   981  1171 I QC-DS-LIB: ds_get_epid(): success: ep_type[4], epid[0x1]
04-13 17:02:41.954   964  1114 I QC-NETMGR-LIB: Received nl msg, recvmsg returned 24
04-13 17:02:41.954   964  1114 I QC-NETMGR-LIB: Processing NETMGR_NL_EVENT
04-13 17:02:41.954   964  1114 I QC-NETMGR-LIB: Attribute: Event 0xa
04-13 17:02:41.954   964  1114 I QC-DS-LIB: >>>dsi_netmgr_cb ENTRY
04-13 17:02:41.954   964  1114 I QC-DS-LIB: dsi_mem_debug: malloc ptr [0x7fad24ea80] memsize [41760]
04-13 17:02:41.955   964  1114 I QC-DS-LIB: >>>received netmgr_cb with event [10] info [0x7fb1065c08] data [0x0]
04-13 17:02:41.955   964  1114 I QC-DS-LIB: >>>found info->link = [0]
04-13 17:02:41.955   964  1114 I QC-DS-LIB: >>>posting cmd [0x7fad24ea80] to dsi_netctrl_cb queue
04-13 17:02:41.955   964  1114 I QC-DS-LIB: >>>dsi_netmgr_cb EXIT with suc
04-13 17:02:41.955   964  1114 I QC-NETMGR-LIB: Notified client: hdl=0x0x7fafad60f0 event=10 link=0 flow=0x00000000
04-13 17:02:41.955   786  1105 I QC-NETMGR-LIB: Received nl msg, recvmsg returned 24
04-13 17:02:41.955   786  1105 I QC-NETMGR-LIB: Processing NETMGR_NL_EVENT
04-13 17:02:41.955   786  1105 I QC-NETMGR-LIB: Attribute: Event 0xa
04-13 17:02:41.955   786  1105 I QC-DS-LIB: >>>dsi_netmgr_cb ENTRY
04-13 17:02:41.955   786  1105 I QC-DS-LIB: dsi_mem_debug: malloc ptr [0x7f7d571240] memsize [41760]
04-13 17:02:41.955   786  1105 I QC-DS-LIB: >>>received netmgr_cb with event [10] info [0x7f7d511208] data [0x0]
04-13 17:02:41.955   786  1105 I QC-DS-LIB: >>>found info->link = [0]
04-13 17:02:41.955   786  1105 I QC-DS-LIB: >>>posting cmd [0x7f7d571240] to dsi_netctrl_cb queue
04-13 17:02:41.955   786  1105 I QC-DS-LIB: >>>dsi_netmgr_cb EXIT with suc
04-13 17:02:41.955   786  1105 I QC-NETMGR-LIB: Notified client: hdl=0x0x7f7f4f50f0 event=10 link=0 flow=0x00000000
04-13 17:02:41.955   964  1109 I QC-DS-LIB: dsi_netctrl_cb_cmd_exec: ENTRY
04-13 17:02:41.955   964  1109 I QC-DS-LIB: dsi_process_netmgr_ev ENTRY
04-13 17:02:41.955   964  1109 I QC-DS-LIB: mutex [0x7fb0c93a5c] locked
04-13 17:02:41.955   964  1109 D QC-DS-LIB: dsi_netmgr_map_link: ENTRY
04-13 17:02:41.955   964  1109 D QC-DS-LIB: netmgr link [0] maps to  dsi iface [0]
04-13 17:02:41.955   964  1109 D QC-DS-LIB: dsi_netmgr_map_link: EXIT
04-13 17:02:41.955   964  1109 D QC-DS-LIB: dsi_process_netmgr_ev: ignoring event [10] dsi_inited [0]
04-13 17:02:41.955   964  1109 I QC-DS-LIB: dsi_process_netmgr_ev EXIT with err
04-13 17:02:41.955   964  1109 I QC-DS-LIB: mutex [0x7fb0c93a5c] unlocked
04-13 17:02:41.955   964  1109 I QC-DS-LIB: dsi_netctrl_cb_cmd_exec: EXIT with suc
04-13 17:02:41.955   964  1109 I QC-DS-LIB: dsi_netctrl_cb_cmd_free ENTRY
04-13 17:02:41.955   964  1109 I QC-DS-LIB: dsi_mem_debug free ptr [0x7fad24ea80]
04-13 17:02:41.956   964  1109 I QC-DS-LIB: dsi_netctrl_cb_cmd_free EXIT
04-13 17:02:41.956   786  1097 I QC-DS-LIB: dsi_netctrl_cb_cmd_exec: ENTRY
04-13 17:02:41.956   786  1097 I QC-DS-LIB: dsi_process_netmgr_ev ENTRY
04-13 17:02:41.956   786  1106 I QC-NETMGR-LIB: netmgr_unix_ipc_send_msg(): Successfully received a message from UNIX socket
04-13 17:02:41.956   786  1097 I QC-DS-LIB: mutex [0x7f7f82aa5c] locked
04-13 17:02:41.956   786  1106 E QC-NETMGR-LIB: netmgr_unix_ipc_send_msg(): Server closed UNIX socket
04-13 17:02:41.956   786  1097 D QC-DS-LIB: dsi_netmgr_map_link: ENTRY
04-13 17:02:41.956   786  1106 E QC-NETMGR-LIB: netmgr_client_send_ping_msg(): Client closed socket
04-13 17:02:41.956   786  1097 D QC-DS-LIB: netmgr link [0] maps to  dsi iface [0]
04-13 17:02:41.956   786  1097 D QC-DS-LIB: dsi_netmgr_map_link: EXIT
04-13 17:02:41.956   786  1097 D QC-DS-LIB: dsi_process_netmgr_ev: ignoring event [10] dsi_inited [0]
04-13 17:02:41.956   786  1097 I QC-DS-LIB: dsi_process_netmgr_ev EXIT with err
04-13 17:02:41.956   786  1097 I QC-DS-LIB: mutex [0x7f7f82aa5c] unlocked
04-13 17:02:41.956   786  1097 I QC-DS-LIB: dsi_netctrl_cb_cmd_exec: EXIT with suc
04-13 17:02:41.956   786  1097 I QC-DS-LIB: dsi_netctrl_cb_cmd_free ENTRY
04-13 17:02:41.956   786  1097 I QC-DS-LIB: dsi_mem_debug free ptr [0x7f7d571240]
04-13 17:02:41.956   786  1097 I QC-DS-LIB: dsi_netctrl_cb_cmd_free EXIT
04-13 17:02:41.960   882  1315 D mm-camera: <MCT   >< INFO> 4132: mct_pipeline_stop_session_thread: Stop module name: iface - E
04-13 17:02:41.960   882  1315 D mm-camera: <MCT   >< INFO> 4140: mct_pipeline_stop_session_thread: Stop module name: iface - X
04-13 17:02:41.961   882  1317 D mm-camera: <MCT   >< INFO> 4132: mct_pipeline_stop_session_thread: Stop module name: isp - E
04-13 17:02:41.961   882  1317 D mm-camera: <ISP   >< INFO> 476: isp_module_stop_session: session id 2
04-13 17:02:41.961   981  1171 I QC-NETMGR-LIB: netmgr_qmi_wds_service_init(): Successfully initialized WDS client=0x1c on link=6
04-13 17:02:41.962   981  1171 I QC-NETMGR-LIB: Successfully registered for ext IP config ind on IPv4 clnt_hndl=0x5568458c08
04-13 17:02:41.962   981  1171 I QC-NETMGR-LIB: initializing IPv6 WDS client
04-13 17:02:41.962   981  1171 D QC-DS-LIB: ds_get_target(): locked
04-13 17:02:41.962   981  1171 I QC-DS-LIB: ds_get_target(): Target: [23] : [msm8996]
04-13 17:02:41.962   981  1171 D QC-DS-LIB: ds_get_target(): unlocked
04-13 17:02:41.963   981  1171 D QC-DS-LIB: ds_get_target(): locked
04-13 17:02:41.963   981  1171 I QC-DS-LIB: ds_get_target(): Target: [23] : [msm8996]
04-13 17:02:41.963   981  1171 D QC-DS-LIB: ds_get_target(): unlocked
04-13 17:02:41.963   981  1171 I QC-DS-LIB: ds_get_epid(): entry: net_dev rmnet_ipa0
04-13 17:02:41.963   981  1171 I QC-DS-LIB: ds_get_epid(): success: ep_type[4], epid[0x1]
04-13 17:02:41.963   882  1317 D mm-camera: <MCT   >< INFO> 4140: mct_pipeline_stop_session_thread: Stop module name: isp - X
04-13 17:02:41.963   882  1318 D mm-camera: <MCT   >< INFO> 4132: mct_pipeline_stop_session_thread: Stop module name: stats - E
04-13 17:02:41.964   981  1171 I QC-NETMGR-LIB: netmgr_qmi_wds_service_init(): Successfully initialized WDS client=0x1d on link=6
04-13 17:02:41.964   981  1171 I QC-NETMGR-LIB: Successfully registered for ext IP config ind on IPv6 clnt_hndl=0x5568458c10
04-13 17:02:41.965   981  1171 I QC-NETMGR-LIB: The wds client ids [0x1c/0x1d]
04-13 17:02:41.965   981  1171 D QC-DS-LIB: ds_get_target(): locked
04-13 17:02:41.965   981  1171 I QC-DS-LIB: ds_get_target(): Target: [23] : [msm8996]
04-13 17:02:41.965   981  1171 D QC-DS-LIB: ds_get_target(): unlocked
04-13 17:02:41.965   981  1171 D QC-DS-LIB: ds_get_target(): locked
04-13 17:02:41.965   981  1171 I QC-DS-LIB: ds_get_target(): Target: [23] : [msm8996]
04-13 17:02:41.965   981  1171 D QC-DS-LIB: ds_get_target(): unlocked
04-13 17:02:41.965   981  1171 I QC-DS-LIB: ds_get_epid(): entry: net_dev rmnet_ipa0
04-13 17:02:41.965   981  1171 I QC-DS-LIB: ds_get_epid(): success: ep_type[4], epid[0x1]
04-13 17:02:41.968   882  1318 D mm-camera: <MCT   >< INFO> 4140: mct_pipeline_stop_session_thread: Stop module name: stats - X
04-13 17:02:41.969   882  1321 D mm-camera: <MCT   >< INFO> 4132: mct_pipeline_stop_session_thread: Stop module name: pproc - E
04-13 17:02:41.970   981  1171 D QC-DS-LIB: ds_get_target(): locked
04-13 17:02:41.970   981  1171 I QC-DS-LIB: ds_get_target(): Target: [23] : [msm8996]
04-13 17:02:41.970   981  1171 D QC-DS-LIB: ds_get_target(): unlocked
04-13 17:02:41.970   981  1171 D QC-DS-LIB: ds_get_target(): locked
04-13 17:02:41.970   981  1171 I QC-DS-LIB: ds_get_target(): Target: [23] : [msm8996]
04-13 17:02:41.970   981  1171 D QC-DS-LIB: ds_get_target(): unlocked
04-13 17:02:41.970   981  1171 I QC-DS-LIB: ds_get_epid(): entry: net_dev rmnet_ipa0
04-13 17:02:41.970   981  1171 I QC-DS-LIB: ds_get_epid(): success: ep_type[4], epid[0x1]
04-13 17:02:41.971   882  1321 D mm-camera: <MCT   >< INFO> 4140: mct_pipeline_stop_session_thread: Stop module name: pproc - X
04-13 17:02:41.971   882   882 D mm-camera: <MCT   >< INFO> 4464: mct_pipeline_stop_session: Modules left: 5
04-13 17:02:41.971   882   882 D mm-camera: <MCT   >< INFO> 4464: mct_pipeline_stop_session: Modules left: 4
04-13 17:02:41.972   882   882 D mm-camera: <MCT   >< INFO> 4464: mct_pipeline_stop_session: Modules left: 3
04-13 17:02:41.972   882   882 D mm-camera: <MCT   >< INFO> 4464: mct_pipeline_stop_session: Modules left: 2
04-13 17:02:41.972   882  1323 D mm-camera: <MCT   >< INFO> 4132: mct_pipeline_stop_session_thread: Stop module name: imglib - E
04-13 17:02:41.972   882  1323 D mm-camera: <MCT   >< INFO> 4140: mct_pipeline_stop_session_thread: Stop module name: imglib - X
04-13 17:02:41.972   882   882 D mm-camera: <MCT   >< INFO> 4464: mct_pipeline_stop_session: Modules left: 1
04-13 17:02:41.973   981  1171 I QC-NETMGR-LIB: The qos client ids [0x1e/0x1f]
04-13 17:02:41.973   981  1171 I QC-NETMGR-LIB: netmgr_kif link 6, device rmnet_data6 has ifindex 14
04-13 17:02:41.973   981  1171 D QC-NETMGR-LIB: netmgr_kif_update_single_link_config(): Configuring proc settings on link 6
04-13 17:02:41.973   981  1171 I QC-NETMGR-LIB: netmgr_kif_extended_ioctl(): Calling extended IOCTL 0000 on [rmnet_ipa0]
04-13 17:02:41.973   981  1171 D QC-NETMGR-LIB: netmgr_kif_ifioctl_get_features(rmnet_ipa0): returns 0x00000007
04-13 17:02:41.973   981  1171 I QC-NETMGR-LIB: netmgr_kif_extended_ioctl(): Calling extended IOCTL 0005 on [rmnet_ipa0]
04-13 17:02:41.978   981  1171 D QC-NETMGR-LIB: netmgr_kif_ifioctl_notify_mux_channel(rmnet_ipa0, rmnet_data6, 7): returns 0
04-13 17:02:41.978   981   999 D QC-NETMGR-LIB: netmgr_cmdq_update_system_config(): setting 2 in /proc/sys/net/ipv6/conf/rmnet_data6/accept_ra
04-13 17:02:41.978   981  1171 D QC-NETMGR-LIB: netmgr_kif_update_system_config(): command completed in 0.000216
04-13 17:02:41.978   981   999 E QC-NETMGR-LIB: netmgr_cmdq_update_system_config(): unable to access /proc/sys/net/ipv6/conf/rmnet_data6/accept_ra_mtu file. Err [2:No such file or directory]
04-13 17:02:41.978   981  1171 D QC-NETMGR-LIB: netmgr_kif_update_system_config(): command completed in 0.000191
04-13 17:02:41.978   981  1171 E QC-NETMGR-LIB: netmgr_kif_set_link_ipv6_config(): failed to configure IPv6 property accept_ra_mtu for link [rmnet_data6]
04-13 17:02:41.979   981  1031 I QC-NETMGR-LIB: Received nl msg, recvmsg returned 1144
04-13 17:02:41.979   981  1031 I QC-NETMGR-LIB: Received command: ID=NETMGR_KIF_MSG_CMD, link=0
04-13 17:02:41.979   981  1031 I QC-NETMGR-LIB: Received nl msg, recvmsg returned 1144
04-13 17:02:41.979   981  1031 I QC-NETMGR-LIB: Received command: ID=NETMGR_KIF_MSG_CMD, link=0
04-13 17:02:41.980   981   999 D QC-NETMGR-LIB: netmgr_cmdq_update_system_config(): setting f in /sys/class/net/rmnet_data6/queues/rx-0/rps_cpus
04-13 17:02:41.980   981  1171 D QC-NETMGR-LIB: netmgr_kif_update_system_config(): command completed in 0.001071
04-13 17:02:41.980   981  1171 D QC-NETMGR-LIB: netmgr_kif_enable_ipv6_optimistic_dad(): Enabling ipv6 optimistic dad on link rmnet_data6
04-13 17:02:41.980   981   999 D QC-NETMGR-LIB: netmgr_cmdq_update_system_config(): setting 1 in /proc/sys/net/ipv6/conf/rmnet_data6/optimistic_dad
04-13 17:02:41.980   981  1171 D QC-NETMGR-LIB: netmgr_kif_update_system_config(): command completed in 0.000146
04-13 17:02:41.980   981  1171 D QC-NETMGR-LIB: netmgr_kif_enable_ipv6_optimistic_dad(): Setting retrans timer 100 ms on link rmnet_data6
04-13 17:02:41.980   981   999 D QC-NETMGR-LIB: netmgr_cmdq_update_system_config(): setting 100 in /proc/sys/net/ipv6/neigh/rmnet_data6/retrans_time_ms
04-13 17:02:41.980   981  1171 D QC-NETMGR-LIB: netmgr_kif_update_system_config(): command completed in 0.000149
04-13 17:02:41.980   981   999 D QC-NETMGR-LIB: netmgr_cmdq_update_system_config(): setting 2 in /proc/sys/net/ipv6/conf/rmnet_data6/accept_ra
04-13 17:02:41.981   981  1171 D QC-NETMGR-LIB: netmgr_kif_update_system_config(): command completed in 0.000203
04-13 17:02:41.981   981  1171 I QC-NETMGR-LIB: Event=[10] link=[6] devname=[]
04-13 17:02:41.981   981  1171 I QC-NETMGR-LIB: Generated nl msg, sendmsg returned 24
04-13 17:02:41.981   981  1171 D QC-NETMGR-LIB: sm_state_down_exit on link 6
04-13 17:02:41.981   981  1171 I QC-NETMGR-LIB: Process command: ID=NETMGR_INITED_EV, link=7, state=0
04-13 17:02:41.981   981  1171 I QC-NETMGR-LIB: initing QMI link[7]
04-13 17:02:41.981   981  1171 I QC-NETMGR-LIB: netmgr_qmi_service_init: entry 
04-13 17:02:41.981   981  1171 I QC-NETMGR-LIB: initializing IPv4 WDS client
04-13 17:02:41.981   981  1171 D QC-DS-LIB: ds_get_target(): locked
04-13 17:02:41.981   981  1171 I QC-DS-LIB: ds_get_target(): Target: [23] : [msm8996]
04-13 17:02:41.981   981  1171 D QC-DS-LIB: ds_get_target(): unlocked
04-13 17:02:41.981   981  1171 D QC-DS-LIB: ds_get_target(): locked
04-13 17:02:41.981   981  1171 I QC-DS-LIB: ds_get_target(): Target: [23] : [msm8996]
04-13 17:02:41.981   981  1171 D QC-DS-LIB: ds_get_target(): unlocked
04-13 17:02:41.981   981  1171 I QC-DS-LIB: ds_get_epid(): entry: net_dev rmnet_ipa0
04-13 17:02:41.982   981  1171 I QC-DS-LIB: ds_get_epid(): success: ep_type[4], epid[0x1]
04-13 17:02:41.982   964  1114 I QC-NETMGR-LIB: Received nl msg, recvmsg returned 24
04-13 17:02:41.982   964  1114 I QC-NETMGR-LIB: Processing NETMGR_NL_EVENT
04-13 17:02:41.982   964  1114 I QC-NETMGR-LIB: Attribute: Event 0xa
04-13 17:02:41.982   964  1114 I QC-DS-LIB: >>>dsi_netmgr_cb ENTRY
04-13 17:02:41.982   964  1114 I QC-DS-LIB: dsi_mem_debug: malloc ptr [0x7fad24ee80] memsize [41760]
04-13 17:02:41.982   964  1114 I QC-DS-LIB: >>>received netmgr_cb with event [10] info [0x7fb1065c08] data [0x0]
04-13 17:02:41.982   964  1114 I QC-DS-LIB: >>>found info->link = [0]
04-13 17:02:41.982   964  1114 I QC-DS-LIB: >>>posting cmd [0x7fad24ee80] to dsi_netctrl_cb queue
04-13 17:02:41.982   964  1114 I QC-DS-LIB: >>>dsi_netmgr_cb EXIT with suc
04-13 17:02:41.982   964  1114 I QC-NETMGR-LIB: Notified client: hdl=0x0x7fafad60f0 event=10 link=0 flow=0x00000000
04-13 17:02:41.982   786  1105 I QC-NETMGR-LIB: Received nl msg, recvmsg returned 24
04-13 17:02:41.982   786  1105 I QC-NETMGR-LIB: Processing NETMGR_NL_EVENT
04-13 17:02:41.982   786  1105 I QC-NETMGR-LIB: Attribute: Event 0xa
04-13 17:02:41.982   786  1105 I QC-DS-LIB: >>>dsi_netmgr_cb ENTRY
04-13 17:02:41.982   786  1105 I QC-DS-LIB: dsi_mem_debug: malloc ptr [0x7f7d571780] memsize [41760]
04-13 17:02:41.982   786  1105 I QC-DS-LIB: >>>received netmgr_cb with event [10] info [0x7f7d511208] data [0x0]
04-13 17:02:41.982   786  1105 I QC-DS-LIB: >>>found info->link = [0]
04-13 17:02:41.982   786  1105 I QC-DS-LIB: >>>posting cmd [0x7f7d571780] to dsi_netctrl_cb queue
04-13 17:02:41.982   786  1105 I QC-DS-LIB: >>>dsi_netmgr_cb EXIT with suc
04-13 17:02:41.983   786  1105 I QC-NETMGR-LIB: Notified client: hdl=0x0x7f7f4f50f0 event=10 link=0 flow=0x00000000
04-13 17:02:41.983   786  1097 I QC-DS-LIB: dsi_netctrl_cb_cmd_exec: ENTRY
04-13 17:02:41.983   964  1109 I QC-DS-LIB: dsi_netctrl_cb_cmd_exec: ENTRY
04-13 17:02:41.983   964  1109 I QC-DS-LIB: dsi_process_netmgr_ev ENTRY
04-13 17:02:41.983   786  1097 I QC-DS-LIB: dsi_process_netmgr_ev ENTRY
04-13 17:02:41.983   964  1109 I QC-DS-LIB: mutex [0x7fb0c93a5c] locked
04-13 17:02:41.983   786  1097 I QC-DS-LIB: mutex [0x7f7f82aa5c] locked
04-13 17:02:41.983   964  1109 D QC-DS-LIB: dsi_netmgr_map_link: ENTRY
04-13 17:02:41.983   964  1109 D QC-DS-LIB: netmgr link [0] maps to  dsi iface [0]
04-13 17:02:41.983   786  1097 D QC-DS-LIB: dsi_netmgr_map_link: ENTRY
04-13 17:02:41.983   786  1097 D QC-DS-LIB: netmgr link [0] maps to  dsi iface [0]
04-13 17:02:41.983   964  1109 D QC-DS-LIB: dsi_netmgr_map_link: EXIT
04-13 17:02:41.983   786  1097 D QC-DS-LIB: dsi_netmgr_map_link: EXIT
04-13 17:02:41.983   964  1109 D QC-DS-LIB: dsi_process_netmgr_ev: ignoring event [10] dsi_inited [0]
04-13 17:02:41.983   964  1109 I QC-DS-LIB: dsi_process_netmgr_ev EXIT with err
04-13 17:02:41.983   786  1097 D QC-DS-LIB: dsi_process_netmgr_ev: ignoring event [10] dsi_inited [0]
04-13 17:02:41.983   964  1109 I QC-DS-LIB: mutex [0x7fb0c93a5c] unlocked
04-13 17:02:41.983   786  1097 I QC-DS-LIB: dsi_process_netmgr_ev EXIT with err
04-13 17:02:41.983   964  1109 I QC-DS-LIB: dsi_netctrl_cb_cmd_exec: EXIT with suc
04-13 17:02:41.983   786  1097 I QC-DS-LIB: mutex [0x7f7f82aa5c] unlocked
04-13 17:02:41.983   964  1109 I QC-DS-LIB: dsi_netctrl_cb_cmd_free ENTRY
04-13 17:02:41.983   964  1109 I QC-DS-LIB: dsi_mem_debug free ptr [0x7fad24ee80]
04-13 17:02:41.983   786  1097 I QC-DS-LIB: dsi_netctrl_cb_cmd_exec: EXIT with suc
04-13 17:02:41.983   786  1097 I QC-DS-LIB: dsi_netctrl_cb_cmd_free ENTRY
04-13 17:02:41.983   964  1109 I QC-DS-LIB: dsi_netctrl_cb_cmd_free EXIT
04-13 17:02:41.983   786  1097 I QC-DS-LIB: dsi_mem_debug free ptr [0x7f7d571780]
04-13 17:02:41.983   786  1097 I QC-DS-LIB: dsi_netctrl_cb_cmd_free EXIT
04-13 17:02:41.987   981  1171 I QC-NETMGR-LIB: netmgr_qmi_wds_service_init(): Successfully initialized WDS client=0x20 on link=7
04-13 17:02:41.987   981  1171 I QC-NETMGR-LIB: Successfully registered for ext IP config ind on IPv4 clnt_hndl=0x556845a060
04-13 17:02:41.987   964  1115 E QC-DS-LIB: dsi_init_query_netmgr 20 time
04-13 17:02:41.988   964  1115 I QC-NETMGR-LIB: Event=[13] link=[0] devname=[]
04-13 17:02:41.988   964  1115 I QC-NETMGR-LIB: netmgr_unix_ipc_send_msg(): Successfully created UNIX socket
04-13 17:02:41.988   964  1115 I QC-NETMGR-LIB: netmgr_unix_ipc_send_msg(): Successfully connected to UNIX socket
04-13 17:02:41.988   964  1115 D QC-NETMGR-LIB: netmgr_util_print_packet(): Packet length is 8, printing first 8 bytes
04-13 17:02:41.988   964  1115 D QC-NETMGR-LIB: [Tx] 
04-13 17:02:41.988   964  1115 D QC-NETMGR-LIB: [Tx] 0000: 0008 0000 0000 0010 000D 0000 0000 0000
04-13 17:02:41.988   964  1115 I QC-NETMGR-LIB: netmgr_unix_ipc_send_msg(): Successfully sent message to UNIX socket
04-13 17:02:41.988   981   981 I QC-NETMGR-LIB: Attribute: Event 0xd
04-13 17:02:41.988   981   981 I QC-NETMGR-LIB: netmgr_kif_unix_recv_user_cmd(): Initialization incomplete, ignoring ping
04-13 17:02:41.988   981   981 I QC-NETMGR-LIB: netmgr_kif_unix_recv_user_cmd(): Waiting for incoming connection
04-13 17:02:41.988   964  1115 I QC-NETMGR-LIB: netmgr_unix_ipc_send_msg(): Successfully received a message from UNIX socket
04-13 17:02:41.988   964  1115 E QC-NETMGR-LIB: netmgr_unix_ipc_send_msg(): Server closed UNIX socket
04-13 17:02:41.988   964  1115 E QC-NETMGR-LIB: netmgr_client_send_ping_msg(): Client closed socket
04-13 17:02:41.989   981  1171 I QC-NETMGR-LIB: initializing IPv6 WDS client
04-13 17:02:41.989   981  1171 D QC-DS-LIB: ds_get_target(): locked
04-13 17:02:41.989   981  1171 I QC-DS-LIB: ds_get_target(): Target: [23] : [msm8996]
04-13 17:02:41.989   981  1171 D QC-DS-LIB: ds_get_target(): unlocked
04-13 17:02:41.989   981  1171 D QC-DS-LIB: ds_get_target(): locked
04-13 17:02:41.989   981  1171 I QC-DS-LIB: ds_get_target(): Target: [23] : [msm8996]
04-13 17:02:41.989   981  1171 D QC-DS-LIB: ds_get_target(): unlocked
04-13 17:02:41.989   981  1171 I QC-DS-LIB: ds_get_epid(): entry: net_dev rmnet_ipa0
04-13 17:02:41.989   981  1171 I QC-DS-LIB: ds_get_epid(): success: ep_type[4], epid[0x1]
04-13 17:02:41.999   981  1171 I QC-NETMGR-LIB: netmgr_qmi_wds_service_init(): Successfully initialized WDS client=0x21 on link=7
04-13 17:02:42.000   981  1171 I QC-NETMGR-LIB: Successfully registered for ext IP config ind on IPv6 clnt_hndl=0x556845a068
04-13 17:02:42.000   981  1171 I QC-NETMGR-LIB: The wds client ids [0x20/0x21]
04-13 17:02:42.000   981  1171 D QC-DS-LIB: ds_get_target(): locked
04-13 17:02:42.000   981  1171 I QC-DS-LIB: ds_get_target(): Target: [23] : [msm8996]
04-13 17:02:42.000   981  1171 D QC-DS-LIB: ds_get_target(): unlocked
04-13 17:02:42.001   981  1171 D QC-DS-LIB: ds_get_target(): locked
04-13 17:02:42.001   981  1171 I QC-DS-LIB: ds_get_target(): Target: [23] : [msm8996]
04-13 17:02:42.001   981  1171 D QC-DS-LIB: ds_get_target(): unlocked
04-13 17:02:42.001   981  1171 I QC-DS-LIB: ds_get_epid(): entry: net_dev rmnet_ipa0
04-13 17:02:42.001   981  1171 I QC-DS-LIB: ds_get_epid(): success: ep_type[4], epid[0x1]
04-13 17:02:42.003   981  1171 D QC-DS-LIB: ds_get_target(): locked
04-13 17:02:42.003   981  1171 I QC-DS-LIB: ds_get_target(): Target: [23] : [msm8996]
04-13 17:02:42.003   981  1171 D QC-DS-LIB: ds_get_target(): unlocked
04-13 17:02:42.003   981  1171 D QC-DS-LIB: ds_get_target(): locked
04-13 17:02:42.003   981  1171 I QC-DS-LIB: ds_get_target(): Target: [23] : [msm8996]
04-13 17:02:42.003   981  1171 D QC-DS-LIB: ds_get_target(): unlocked
04-13 17:02:42.003   981  1171 I QC-DS-LIB: ds_get_epid(): entry: net_dev rmnet_ipa0
04-13 17:02:42.003   981  1171 I QC-DS-LIB: ds_get_epid(): success: ep_type[4], epid[0x1]
04-13 17:02:42.008   981  1171 I QC-NETMGR-LIB: The qos client ids [0x22/0x23]
04-13 17:02:42.008   981  1171 I QC-NETMGR-LIB: netmgr_kif link 7, device rmnet_data7 has ifindex 15
04-13 17:02:42.008   981  1171 D QC-NETMGR-LIB: netmgr_kif_update_single_link_config(): Configuring proc settings on link 7
04-13 17:02:42.008   981  1171 I QC-NETMGR-LIB: netmgr_kif_extended_ioctl(): Calling extended IOCTL 0000 on [rmnet_ipa0]
04-13 17:02:42.008   981  1171 D QC-NETMGR-LIB: netmgr_kif_ifioctl_get_features(rmnet_ipa0): returns 0x00000007
04-13 17:02:42.009   981  1171 I QC-NETMGR-LIB: netmgr_kif_extended_ioctl(): Calling extended IOCTL 0005 on [rmnet_ipa0]
04-13 17:02:42.012   981  1171 D QC-NETMGR-LIB: netmgr_kif_ifioctl_notify_mux_channel(rmnet_ipa0, rmnet_data7, 8): returns 0
04-13 17:02:42.012   981   999 D QC-NETMGR-LIB: netmgr_cmdq_update_system_config(): setting 2 in /proc/sys/net/ipv6/conf/rmnet_data7/accept_ra
04-13 17:02:42.012   981  1171 D QC-NETMGR-LIB: netmgr_kif_update_system_config(): command completed in 0.000290
04-13 17:02:42.012   981   999 E QC-NETMGR-LIB: netmgr_cmdq_update_system_config(): unable to access /proc/sys/net/ipv6/conf/rmnet_data7/accept_ra_mtu file. Err [2:No such file or directory]
04-13 17:02:42.013   981  1171 D QC-NETMGR-LIB: netmgr_kif_update_system_config(): command completed in 0.000115
04-13 17:02:42.013   981  1171 E QC-NETMGR-LIB: netmgr_kif_set_link_ipv6_config(): failed to configure IPv6 property accept_ra_mtu for link [rmnet_data7]
04-13 17:02:42.013   981  1031 I QC-NETMGR-LIB: Received nl msg, recvmsg returned 1144
04-13 17:02:42.013   981  1031 I QC-NETMGR-LIB: Received command: ID=NETMGR_KIF_MSG_CMD, link=0
04-13 17:02:42.013   981  1031 I QC-NETMGR-LIB: Received nl msg, recvmsg returned 1144
04-13 17:02:42.013   981  1031 I QC-NETMGR-LIB: Received command: ID=NETMGR_KIF_MSG_CMD, link=0
04-13 17:02:42.014   981   999 D QC-NETMGR-LIB: netmgr_cmdq_update_system_config(): setting f in /sys/class/net/rmnet_data7/queues/rx-0/rps_cpus
04-13 17:02:42.014   981  1171 D QC-NETMGR-LIB: netmgr_kif_update_system_config(): command completed in 0.000993
04-13 17:02:42.014   981  1171 D QC-NETMGR-LIB: netmgr_kif_enable_ipv6_optimistic_dad(): Enabling ipv6 optimistic dad on link rmnet_data7
04-13 17:02:42.014   981   999 D QC-NETMGR-LIB: netmgr_cmdq_update_system_config(): setting 1 in /proc/sys/net/ipv6/conf/rmnet_data7/optimistic_dad
04-13 17:02:42.014   981  1171 D QC-NETMGR-LIB: netmgr_kif_update_system_config(): command completed in 0.000151
04-13 17:02:42.014   981  1171 D QC-NETMGR-LIB: netmgr_kif_enable_ipv6_optimistic_dad(): Setting retrans timer 100 ms on link rmnet_data7
04-13 17:02:42.014   981   999 D QC-NETMGR-LIB: netmgr_cmdq_update_system_config(): setting 100 in /proc/sys/net/ipv6/neigh/rmnet_data7/retrans_time_ms
04-13 17:02:42.015   981  1171 D QC-NETMGR-LIB: netmgr_kif_update_system_config(): command completed in 0.000243
04-13 17:02:42.015   981   999 D QC-NETMGR-LIB: netmgr_cmdq_update_system_config(): setting 2 in /proc/sys/net/ipv6/conf/rmnet_data7/accept_ra
04-13 17:02:42.015   981  1171 D QC-NETMGR-LIB: netmgr_kif_update_system_config(): command completed in 0.000150
04-13 17:02:42.015   981  1171 I QC-NETMGR-LIB: Event=[10] link=[7] devname=[]
04-13 17:02:42.015   981  1171 I QC-NETMGR-LIB: Generated nl msg, sendmsg returned 24
04-13 17:02:42.015   981  1171 D QC-NETMGR-LIB: sm_state_down_exit on link 7
04-13 17:02:42.015   981  1171 I QC-NETMGR-LIB: Process msg: ID=NETMGR_IS_COMPLETE_MSG, link=0, state=1
04-13 17:02:42.015   981  1171 I QC-NETMGR-LIB: >>>>>> LOCK MUTEX 0x556844fc68 SUCCESS
04-13 17:02:42.015   981  1171 I QC-NETMGR-LIB: L2S[pname:netmgrd pid:981 tid:1171 type:ME fname:netmgr_exec_process_is_complete_msg iface_id:-1 msg:"incr process_ready_reqs 1"]
04-13 17:02:42.015   981  1171 I QC-NETMGR-LIB: <<<<<< UNLOCK MUTEX 0x556844fc68 SUCCESS
04-13 17:02:42.015   981  1171 I QC-NETMGR-LIB: netmgr_cb_runall(): Running [QMI:MODEM_IS_COMPLETE]-QMI
04-13 17:02:42.015   981  1171 D QC-NETMGR-LIB: netmgr_qmi_rev_ip_ind_registration(): Link [0] is not a reverse rmnet link, skipping
04-13 17:02:42.015   981  1171 D QC-NETMGR-LIB: netmgr_qmi_rev_ip_ind_registration(): Link [0] is not a reverse rmnet link, skipping
04-13 17:02:42.015   981  1171 D QC-NETMGR-LIB: netmgr_qmi_rev_ip_ind_registration(): Link [1] is not a reverse rmnet link, skipping
04-13 17:02:42.016   964  1114 I QC-NETMGR-LIB: Received nl msg, recvmsg returned 24
04-13 17:02:42.016   964  1114 I QC-NETMGR-LIB: Processing NETMGR_NL_EVENT
04-13 17:02:42.016   964  1114 I QC-NETMGR-LIB: Attribute: Event 0xa
04-13 17:02:42.016   964  1114 I QC-DS-LIB: >>>dsi_netmgr_cb ENTRY
04-13 17:02:42.016   964  1114 I QC-DS-LIB: dsi_mem_debug: malloc ptr [0x7fad24eb00] memsize [41760]
04-13 17:02:42.016   964  1114 I QC-DS-LIB: >>>received netmgr_cb with event [10] info [0x7fb1065c08] data [0x0]
04-13 17:02:42.016   964  1114 I QC-DS-LIB: >>>found info->link = [0]
04-13 17:02:42.016   964  1114 I QC-DS-LIB: >>>posting cmd [0x7fad24eb00] to dsi_netctrl_cb queue
04-13 17:02:42.016   964  1114 I QC-DS-LIB: >>>dsi_netmgr_cb EXIT with suc
04-13 17:02:42.016   964  1114 I QC-NETMGR-LIB: Notified client: hdl=0x0x7fafad60f0 event=10 link=0 flow=0x00000000
04-13 17:02:42.016   786  1105 I QC-NETMGR-LIB: Received nl msg, recvmsg returned 24
04-13 17:02:42.016   786  1105 I QC-NETMGR-LIB: Processing NETMGR_NL_EVENT
04-13 17:02:42.016   786  1105 I QC-NETMGR-LIB: Attribute: Event 0xa
04-13 17:02:42.016   786  1105 I QC-DS-LIB: >>>dsi_netmgr_cb ENTRY
04-13 17:02:42.016   786  1105 I QC-DS-LIB: dsi_mem_debug: malloc ptr [0x7f7d571500] memsize [41760]
04-13 17:02:42.016   786  1105 I QC-DS-LIB: >>>received netmgr_cb with event [10] info [0x7f7d511208] data [0x0]
04-13 17:02:42.016   786  1105 I QC-DS-LIB: >>>found info->link = [0]
04-13 17:02:42.016   786  1105 I QC-DS-LIB: >>>posting cmd [0x7f7d571500] to dsi_netctrl_cb queue
04-13 17:02:42.016   786  1105 I QC-DS-LIB: >>>dsi_netmgr_cb EXIT with suc
04-13 17:02:42.016   786  1105 I QC-NETMGR-LIB: Notified client: hdl=0x0x7f7f4f50f0 event=10 link=0 flow=0x00000000
04-13 17:02:42.016   786  1097 I QC-DS-LIB: dsi_netctrl_cb_cmd_exec: ENTRY
04-13 17:02:42.016   964  1109 I QC-DS-LIB: dsi_netctrl_cb_cmd_exec: ENTRY
04-13 17:02:42.017   964  1109 I QC-DS-LIB: dsi_process_netmgr_ev ENTRY
04-13 17:02:42.017   786  1097 I QC-DS-LIB: dsi_process_netmgr_ev ENTRY
04-13 17:02:42.017   964  1109 I QC-DS-LIB: mutex [0x7fb0c93a5c] locked
04-13 17:02:42.017   786  1097 I QC-DS-LIB: mutex [0x7f7f82aa5c] locked
04-13 17:02:42.017   964  1109 D QC-DS-LIB: dsi_netmgr_map_link: ENTRY
04-13 17:02:42.017   786  1097 D QC-DS-LIB: dsi_netmgr_map_link: ENTRY
04-13 17:02:42.017   964  1109 D QC-DS-LIB: netmgr link [0] maps to  dsi iface [0]
04-13 17:02:42.017   964  1109 D QC-DS-LIB: dsi_netmgr_map_link: EXIT
04-13 17:02:42.017   786  1097 D QC-DS-LIB: netmgr link [0] maps to  dsi iface [0]
04-13 17:02:42.017   786  1097 D QC-DS-LIB: dsi_netmgr_map_link: EXIT
04-13 17:02:42.017   964  1109 D QC-DS-LIB: dsi_process_netmgr_ev: ignoring event [10] dsi_inited [0]
04-13 17:02:42.017   964  1109 I QC-DS-LIB: dsi_process_netmgr_ev EXIT with err
04-13 17:02:42.017   786  1097 D QC-DS-LIB: dsi_process_netmgr_ev: ignoring event [10] dsi_inited [0]
04-13 17:02:42.017   964  1109 I QC-DS-LIB: mutex [0x7fb0c93a5c] unlocked
04-13 17:02:42.017   786  1097 I QC-DS-LIB: dsi_process_netmgr_ev EXIT with err
04-13 17:02:42.017   964  1109 I QC-DS-LIB: dsi_netctrl_cb_cmd_exec: EXIT with suc
04-13 17:02:42.017   786  1097 I QC-DS-LIB: mutex [0x7f7f82aa5c] unlocked
04-13 17:02:42.017   964  1109 I QC-DS-LIB: dsi_netctrl_cb_cmd_free ENTRY
04-13 17:02:42.017   786  1097 I QC-DS-LIB: dsi_netctrl_cb_cmd_exec: EXIT with suc
04-13 17:02:42.017   964  1109 I QC-DS-LIB: dsi_mem_debug free ptr [0x7fad24eb00]
04-13 17:02:42.017   786  1097 I QC-DS-LIB: dsi_netctrl_cb_cmd_free ENTRY
04-13 17:02:42.017   964  1109 I QC-DS-LIB: dsi_netctrl_cb_cmd_free EXIT
04-13 17:02:42.017   786  1097 I QC-DS-LIB: dsi_mem_debug free ptr [0x7f7d571500]
04-13 17:02:42.017   981  1171 D QC-NETMGR-LIB: netmgr_qmi_rev_ip_ind_registration(): Link [1] is not a reverse rmnet link, skipping
04-13 17:02:42.017   786  1097 I QC-DS-LIB: dsi_netctrl_cb_cmd_free EXIT
04-13 17:02:42.017   981  1171 D QC-NETMGR-LIB: netmgr_qmi_rev_ip_ind_registration(): Link [2] is not a reverse rmnet link, skipping
04-13 17:02:42.017   981  1171 D QC-NETMGR-LIB: netmgr_qmi_rev_ip_ind_registration(): Link [2] is not a reverse rmnet link, skipping
04-13 17:02:42.017   981  1171 D QC-NETMGR-LIB: netmgr_qmi_rev_ip_ind_registration(): Link [3] is not a reverse rmnet link, skipping
04-13 17:02:42.017   981  1171 D QC-NETMGR-LIB: netmgr_qmi_rev_ip_ind_registration(): Link [3] is not a reverse rmnet link, skipping
04-13 17:02:42.017   981  1171 D QC-NETMGR-LIB: netmgr_qmi_rev_ip_ind_registration(): Link [4] is not a reverse rmnet link, skipping
04-13 17:02:42.017   981  1171 D QC-NETMGR-LIB: netmgr_qmi_rev_ip_ind_registration(): Link [4] is not a reverse rmnet link, skipping
04-13 17:02:42.018   981  1171 D QC-NETMGR-LIB: netmgr_qmi_rev_ip_ind_registration(): Link [5] is not a reverse rmnet link, skipping
04-13 17:02:42.018   981  1171 D QC-NETMGR-LIB: netmgr_qmi_rev_ip_ind_registration(): Link [5] is not a reverse rmnet link, skipping
04-13 17:02:42.018   981  1171 D QC-NETMGR-LIB: netmgr_qmi_rev_ip_ind_registration(): Link [6] is not a reverse rmnet link, skipping
04-13 17:02:42.018   981  1171 D QC-NETMGR-LIB: netmgr_qmi_rev_ip_ind_registration(): Link [6] is not a reverse rmnet link, skipping
04-13 17:02:42.018   981  1171 D QC-NETMGR-LIB: netmgr_qmi_rev_ip_ind_registration(): Link [7] is not a reverse rmnet link, skipping
