04-13 16:58:46.391   906   906 E QC-time-services: Daemon:genoff_boot_tod_init: Unable to open alarm device
04-13 16:58:46.391   906   906 E QC-time-services: Daemon:genoff_boot_tod_init: Updating system time to sec=1523610158, usec=592000
04-13 17:02:38.601   940   940 W ipacm-diag: type=1400 audit(0.0:21): avc: denied { read write } for name="diag" dev="tmpfs" ino=2919 scontext=u:r:ipacm-diag:s0 tcontext=u:object_r:diag_device:s0 tclass=chr_file permissive=0
04-13 17:02:38.609   919   919 D QSEECOMAPI: Loaded image: APP id = 5
04-13 17:02:38.609   903   903 D SPHINX_CORE_DUMP: #03 pc 00000000000090d8  /system/bin/seempd
04-13 17:02:38.610   906   945 D QC-time-services: Daemon: Time-services: All initializations done
04-13 17:02:38.610   906   945 E QC-time-services: Daemon: Time-services: Waiting to acceptconnection
04-13 17:02:38.611   943   943 W time_daemon: type=1400 audit(0.0:22): avc: denied { read write } for name="diag" dev="tmpfs" ino=2919 scontext=u:r:time_daemon:s0 tcontext=u:object_r:diag_device:s0 tclass=chr_file permissive=0
04-13 17:02:38.616   924   924 I gatekeeperd: Starting gatekeeperd...
04-13 17:02:38.620   906   943 D QC-time-services: Daemon:genoff_modem_qmi_service_request: Initiallizing QMI 
04-13 17:02:38.622   906   943 E Diag_Lib:  Diag_LSM_Init: Failed to open handle to diag driver, error = 13
04-13 17:02:38.622   906   943 E QC-QMI  : qmi_client [-1] QMUXD disabled
04-13 17:02:38.622   906   943 E QC-QMI  : qmi_qmux_if_pwr_up_init_ex:  Initialization failed, rc = -6
04-13 17:02:38.622   906   943 E QMI_FW  : QMUXD: WARNING qmi_qmux_if_pwr_up_init failed! rc=-6
04-13 17:02:38.622   906   943 E QC-time-services: Daemon:genoff_modem_qmi_service_request: qmi_client_get_service_list returned 0num_services 1
04-13 17:02:38.636   919   919 D MlipayService: Load app mlipay from /firmware/image OK
04-13 17:02:38.640   906   943 D QC-time-services: Daemon:genoff_modem_qmi_service_request: Initial transaction successfull
04-13 17:02:38.645   784   784 I iptables: iptables terminated by exit(2)
04-13 17:02:38.645   784   784 E Netd    : exec() res=0, status=512 for /system/bin/iptables -w -t mangle -D OUTPUT -j qos_rest_OUTPUT 
04-13 17:02:38.652   940   940 E Diag_Lib:  Diag_LSM_Init: Failed to open handle to diag driver, error = 13
04-13 17:02:38.690   924   924 D gatekeeper_device: HwGkOpen called
04-13 17:02:38.691   924   924 D QSEECOMAPI: QSEECom_get_handle sb_length = 0xa000
04-13 17:02:38.699   751   888 I ThermalEngine: handle_thresh_sig: HIS Id HISTORY-CPU4 Sensor tsens_tz_sensor8 Temp 61000
04-13 17:02:38.728   950   950 I panel-info-sh: Get panel_vendor unsuccessfully, try again... 
04-13 17:02:38.773   784   784 I ip6tables: ip6tables v1.4.20: Couldn't find target `qos_rest_OUTPUT'
04-13 17:02:38.774   784   784 I ip6tables: 
04-13 17:02:38.774   784   784 I ip6tables: Try `ip6tables -h' or 'ip6tables --help' for more information.
04-13 17:02:38.775   569   723 D tftp_server: pid=569 tid=723 tftp-server : DBG :[tftp_protocol.c, 1310] Success! No timeout detected on last ACK
04-13 17:02:38.775   569   723 D tftp_server: pid=569 tid=723 tftp-server : DBG :[tftp_server.c, 1267] WRQ stats : total-blocks = 1 : total-bytes = 5 : 5 timedout-pkts = 0, wrong-pkts = 0
04-13 17:02:38.775   569   723 D tftp_server: pid=569 tid=723 tftp-server : DBG :[tftp_server.c, 1283] WRQ was successfully processed.
04-13 17:02:38.775   569   723 D tftp_server: pid=569 tid=723 tftp-server : DBG :[tftp_server.c, 1514] WRQ stats in us:
04-13 17:02:38.776   569   723 D tftp_server: pid=569 tid=723 tftp-server : DBG :[tftp_server.c, 1515] Total API = 233758249
04-13 17:02:38.776   569   723 D tftp_server: pid=569 tid=723 tftp-server : DBG :[tftp_server.c, 1517] Total-TX = 142
04-13 17:02:38.776   569   723 D tftp_server: pid=569 tid=723 tftp-server : DBG :[tftp_server.c, 1519] Total-RX = 779
04-13 17:02:38.776   569   723 D tftp_server: pid=569 tid=723 tftp-server : DBG :[tftp_server.c, 1521] Max-TX = 77
04-13 17:02:38.776   569   723 D tftp_server: pid=569 tid=723 tftp-server : DBG :[tftp_server.c, 1523] Max-RX = 779
04-13 17:02:38.776   569   723 D tftp_server: pid=569 tid=723 tftp-server : DBG :[tftp_server.c, 1525] Min-TX = 65
04-13 17:02:38.776   569   723 D tftp_server: pid=569 tid=723 tftp-server : DBG :[tftp_server.c, 1527] Min-RX = 779
04-13 17:02:38.788   751   888 I ThermalEngine: handle_thresh_sig: HIS Id HISTORY-CPU4 Sensor tsens_tz_sensor8 Temp 60000
04-13 17:02:38.795   751   888 I ThermalEngine: handle_thresh_sig: HIS Id HISTORY-CPU4 Sensor tsens_tz_sensor8 Temp 61000
04-13 17:02:38.826   784   784 I ip6tables: ip6tables terminated by exit(2)
04-13 17:02:38.826   784   784 E Netd    : exec() res=0, status=512 for /system/bin/ip6tables -w -t mangle -D OUTPUT -j qos_rest_OUTPUT 
04-13 17:02:38.838   924   924 D QSEECOMAPI: App is already loaded QSEE and app id = 4
04-13 17:02:38.838   919   919 D QSEECOMAPI: QSEECom_dealloc_memory 
04-13 17:02:38.839   924   924 E gatekeeper_device: Gatekeeper initialized
04-13 17:02:38.844   751   888 I ThermalEngine: handle_thresh_sig: HIS Id HISTORY-CPU4 Sensor tsens_tz_sensor8 Temp 59000
04-13 17:02:38.848   751   888 I ThermalEngine: handle_thresh_sig: HIS Id HISTORY-CPU4 Sensor tsens_tz_sensor8 Temp 61000
04-13 17:02:38.857   784   784 I iptables: iptables: No chain/target/match by that name.
04-13 17:02:38.876   936   936 I octvm   : model:MI 5
04-13 17:02:38.877   936   936 I octvm   : device:gemini
04-13 17:02:38.877   936   936 I octvm   : mod_device:
04-13 17:02:38.877   936   936 E octvm   : *** CANNOT GET THE PRODUCT MODEL
04-13 17:02:38.877   936   936 E octvm   : 
04-13 17:02:38.877   936   936 I octvm   : total memory:2758920
04-13 17:02:38.881   782   782 V MediaUtils: physMem: 2825134080
04-13 17:02:38.881   782   782 V MediaUtils: requested limit: 565026800
04-13 17:02:38.881   782   782 V MediaUtils: actual limit: 565026800
04-13 17:02:38.881   782   782 V MediaUtils: original limits: 4294967295/4294967295
04-13 17:02:38.881   782   782 V MediaUtils: new limits: 565026800/4294967295
04-13 17:02:38.882   782   782 W         : No seccomp filter defined for this architecture.
04-13 17:02:38.890   936   936 I octvm   : [936][arg_idx 3]: /system/bin/mcd init 4 
04-13 17:02:38.891   936   936 W octvm_freeze: 
04-13 17:02:38.891   936   936 W octvm_freeze: freezeCGPoolinit start 
04-13 17:02:38.903   919   919 D QSEECOMAPI: QSEECom_shutdown_app, app_id = 5
04-13 17:02:38.904   919   919 E MlipayService: key version 4
04-13 17:02:38.919   784   784 I iptables: iptables terminated by exit(1)
04-13 17:02:38.919   784   784 E Netd    : exec() res=0, status=256 for /system/bin/iptables -w -t mangle -F qos_rest_OUTPUT 
04-13 17:02:38.938   951   951 E Diag_Lib: qpLogDiagInit <== result : 1
04-13 17:02:38.938   951   951 E Diag_Lib: DATAD : gIsQXDMDisabled 0, gIsADBDisabled 1, gIsDebugDisabled 0, gIsIMSLogsDisabled 0
04-13 17:02:38.938   951   951 E Diag_Lib: [IMS_DataD] imsdatad.c | 5236 | | 951 |DATAD#$$#0#DATAD STARTED
04-13 17:02:38.974   936   936 I octvm   : move_charge_at_immigrate is set to 0.
04-13 17:02:38.974   936   936 I octvm   : swappiness is set to 0.
04-13 17:02:38.985   784   784 I ip6tables: ip6tables: No chain/target/match by that name.
04-13 17:02:38.990   784   784 I ip6tables: ip6tables terminated by exit(1)
04-13 17:02:38.990   784   784 E Netd    : exec() res=0, status=256 for /system/bin/ip6tables -w -t mangle -F qos_rest_OUTPUT 
04-13 17:02:39.056   569   732 D tftp_server: pid=569 tid=732 tftp-server : DBG :[tftp_protocol.c, 1310] Success! No timeout detected on last ACK
04-13 17:02:39.056   569   732 D tftp_server: pid=569 tid=732 tftp-server : DBG :[tftp_server.c, 1267] WRQ stats : total-blocks = 1 : total-bytes = 5 : 5 timedout-pkts = 0, wrong-pkts = 0
04-13 17:02:39.057   569   732 D tftp_server: pid=569 tid=732 tftp-server : DBG :[tftp_server.c, 1283] WRQ was successfully processed.
04-13 17:02:39.057   569   732 D tftp_server: pid=569 tid=732 tftp-server : DBG :[tftp_server.c, 1514] WRQ stats in us:
04-13 17:02:39.057   569   732 D tftp_server: pid=569 tid=732 tftp-server : DBG :[tftp_server.c, 1515] Total API = 233756880
04-13 17:02:39.057   569   732 D tftp_server: pid=569 tid=732 tftp-server : DBG :[tftp_server.c, 1517] Total-TX = 201
04-13 17:02:39.057   569   732 D tftp_server: pid=569 tid=732 tftp-server : DBG :[tftp_server.c, 1519] Total-RX = 338
04-13 17:02:39.057   569   732 D tftp_server: pid=569 tid=732 tftp-server : DBG :[tftp_server.c, 1521] Max-TX = 112
04-13 17:02:39.057   569   732 D tftp_server: pid=569 tid=732 tftp-server : DBG :[tftp_server.c, 1523] Max-RX = 338
04-13 17:02:39.057   569   732 D tftp_server: pid=569 tid=732 tftp-server : DBG :[tftp_server.c, 1525] Min-TX = 89
04-13 17:02:39.057   569   732 D tftp_server: pid=569 tid=732 tftp-server : DBG :[tftp_server.c, 1527] Min-RX = 338
04-13 17:02:39.057   569   732 D tftp_server: pid=569 tid=732 tftp-server : DBG :[tftp_os_wakelocks_la.c, 334] Wake-lock released successfully
04-13 17:02:39.061   976   976 W qti     : type=1400 audit(0.0:23): avc: denied { ioctl } for path="/dev/diag" dev="tmpfs" ino=2919 ioctlcmd=20 scontext=u:r:qti:s0 tcontext=u:object_r:diag_device:s0 tclass=chr_file permissive=0
04-13 17:02:39.065   784   784 I iptables: iptables: No chain/target/match by that name.
04-13 17:02:39.070   784   784 I iptables: iptables terminated by exit(1)
04-13 17:02:39.070   784   784 E Netd    : exec() res=0, status=256 for /system/bin/iptables -w -t mangle -X qos_rest_OUTPUT 
04-13 17:02:39.114   909   909 I usf_proximity: main: main entry
04-13 17:02:39.122   784   784 I ip6tables: ip6tables: No chain/target/match by that name.
04-13 17:02:39.124   908   908 V AudioDaemonMain: Audio daemon starting sequence..
04-13 17:02:39.140   909   909 I usf_proximity: createFifo: fifo already exists, might have data from prior run
04-13 17:02:39.161   987   987 W sh      : type=1400 audit(0.0:24): avc: denied { read } for name="/" dev="rootfs" ino=2 scontext=u:r:miui_init_shell:s0 tcontext=u:object_r:rootfs:s0 tclass=dir permissive=0
04-13 17:02:39.170   908   908 V AudioDaemon: Start audiod daemon
04-13 17:02:39.175   784   784 I ip6tables: ip6tables terminated by exit(1)
04-13 17:02:39.175   784   784 E Netd    : exec() res=0, status=256 for /system/bin/ip6tables -w -t mangle -X qos_rest_OUTPUT 
04-13 17:02:39.184   908   990 V AudioDaemon: readyToRun: open snd card state node files
04-13 17:02:39.184   908   990 V AudioDaemon: Start threadLoop()
04-13 17:02:39.185   908   990 D AudioDaemon: Opening sound card state : /proc/asound/card0/state
04-13 17:02:39.185   908   990 V AudioDaemon: bool android::AudioDaemon::getStateFDs(std::vector<std::pair<int, int> > &): 1 sound cards detected
04-13 17:02:39.214   908   990 V AudioDaemon: bool android::AudioDaemon::getDeviceEventFDs(): 0 audio device event detected
04-13 17:02:39.214   908   990 E AudioDaemon: No audio device events detected
04-13 17:02:39.214   908   990 D AudioDaemon: Opening cpe0_state : /proc/asound/card0/cpe0_state
04-13 17:02:39.214   908   990 D AudioDaemon: cpe state opened: /proc/asound/card0/cpe0_state
04-13 17:02:39.214   908   990 D AudioDaemon: number of sndcards 1 CPEs 1
04-13 17:02:39.214   908   990 D AudioDaemon: read for sound card state change before while
04-13 17:02:39.214   908   990 D AudioDaemon: sound card state file content: ONLINE
04-13 17:02:39.214   908   990 D AudioDaemon:  before while
04-13 17:02:39.214   908   990 E AudioDaemon: put cur_state to online
04-13 17:02:39.214   908   990 D AudioDaemon: cur_state=0, bootup_complete=0
04-13 17:02:39.214   908   990 E AudioDaemon: sound card up is deteced before while
04-13 17:02:39.214   908   990 E AudioDaemon: bootup_complete set to 1
04-13 17:02:39.214   908   990 D AudioDaemon: CPE 0 state file content: ONLINE
04-13 17:02:39.214   908   990 D AudioDaemon:  before while
04-13 17:02:39.214   908   990 D AudioDaemon: CPE state online
04-13 17:02:39.214   908   990 D AudioDaemon: CPE boot up completed before polling
04-13 17:02:39.214   908   990 E AudioDaemon: read for event state change before while
04-13 17:02:39.214   908   990 D AudioDaemon: poll() for sound card state change 
04-13 17:02:39.214   908   990 D AudioDaemon: out of poll() for sound card state change, SNDCARD size=2
04-13 17:02:39.214   908   990 D AudioDaemon: poll() for sound card state change 
04-13 17:02:39.281   779   779 I mediacodec: @@@ mediacodecservice starting
04-13 17:02:39.282   779   779 W         : No seccomp filter defined for this architecture.
04-13 17:02:39.315   775   775 I cameraserver: ServiceManager: 0xee299720
04-13 17:02:39.316   775   775 I CameraService: CameraService started (pid=775)
04-13 17:02:39.316   775   775 I CameraService: CameraService process starting
04-13 17:02:39.317   775   775 W BatteryNotifier: batterystats service unavailable!
04-13 17:02:39.327   780   780 I mediaserver: ServiceManager: 0xf4719720
04-13 17:02:39.328   775   775 W BatteryNotifier: batterystats service unavailable!
04-13 17:02:39.359   981   981 D QC-NETMGR-LIB: netmgr_main_get_iptables_command_options(): checking iptables options
04-13 17:02:39.359   981   999 I QC-DS-LIB: ds_exec_internal(): Executing command "iptables -w -W 0.01 -t mangle -A PREROUTING -m mark --mark 0x20 -j ACCEPT"
04-13 17:02:39.360   981   999 I QC-DS-LIB: ds_exec_internal(): [cpid:1009] Spawned child PID(1009) command:"iptables -w -W 0.01 -t mangle -A PREROUTING -m mark --mark 0x20 -j ACCEPT"
04-13 17:02:39.381  1012  1012 W sh      : type=1400 audit(0.0:25): avc: denied { read } for name="/" dev="rootfs" ino=2 scontext=u:r:miui_init_shell:s0 tcontext=u:object_r:rootfs:s0 tclass=dir permissive=0
04-13 17:02:39.421  1014  1014 W sh      : type=1400 audit(0.0:26): avc: denied { read } for name="/" dev="rootfs" ino=2 scontext=u:r:miui_init_shell:s0 tcontext=u:object_r:rootfs:s0 tclass=dir permissive=0
04-13 17:02:39.434   774   774 I         : sMaxFastTracks = 8
04-13 17:02:39.437   784   784 E         : Failed to open libdatactrl, some features may not be present.
04-13 17:02:39.437   784   784 E         : Failed to open libcsm_data, some features may not be present.
04-13 17:02:39.444   751   888 I ThermalEngine: handle_thresh_sig: HIS Id HISTORY-CPU4 Sensor tsens_tz_sensor8 Temp 59000
04-13 17:02:39.450   981   999 I QC-DS-LIB: ds_exec_internal(): [cpid:1009] Process exited normally with rc=0
04-13 17:02:39.450   981   981 D QC-NETMGR-LIB: netmgr_ds_exec(): command completed in 0.090964
04-13 17:02:39.450   981   999 I QC-DS-LIB: ds_exec_internal(): Executing command "iptables -w -W 0.01 -t mangle -D PREROUTING -m mark --mark 0x20 -j ACCEPT"
04-13 17:02:39.451   981   999 I QC-DS-LIB: ds_exec_internal(): [cpid:1017] Spawned child PID(1017) command:"iptables -w -W 0.01 -t mangle -D PREROUTING -m mark --mark 0x20 -j ACCEPT"
04-13 17:02:39.455   751   888 I ThermalEngine: handle_thresh_sig: HIS Id HISTORY-CPU4 Sensor tsens_tz_sensor8 Temp 61000
04-13 17:02:39.468   774   774 I audioserver: ServiceManager: 0xf1d99720
04-13 17:02:39.470   774   774 W BatteryNotifier: batterystats service unavailable!
04-13 17:02:39.470   774   774 I AudioFlinger: Using default 3000 mSec as standby time.
04-13 17:02:39.472   774   774 I AudioPolicyService: AudioPolicyService CSTOR in new mode
04-13 17:02:39.475   774   774 W APM::Devices: DeviceVector::add device 80000040 already in
04-13 17:02:39.475   774   774 I APM::ConfigParsingUtils: loadAudioPolicyConfig() loaded /system/etc/audio_policy.conf
04-13 17:02:39.495   774   774 D audio_hw_primary: adev_open: enter
04-13 17:02:39.504   600   698 I ServiceManager: Waiting for service permission...
04-13 17:02:39.531   981   999 I QC-DS-LIB: ds_exec_internal(): [cpid:1017] Process exited normally with rc=0
04-13 17:02:39.535  1015  1015 I recovery: Recovery image already installed 
04-13 17:02:39.537   981   981 D QC-NETMGR-LIB: netmgr_ds_exec(): command completed in 0.086428
04-13 17:02:39.537   981   981 I QC-NETMGR-LIB: property [persist.data.netmgrd.qos.enable] value[true]
04-13 17:02:39.537   981   981 I QC-NETMGR-LIB: Read property persist.data.df.ul_mode; Got "5"; (Default: "5")
04-13 17:02:39.537   981   981 I QC-NETMGR-LIB: Read property persist.data.df.dl_mode; Got "5"; (Default: "7")
04-13 17:02:39.537   981   981 I QC-NETMGR-LIB: Read property persist.data.df.mux_count; Got "8"; (Default: "8")
04-13 17:02:39.537   981   981 I QC-NETMGR-LIB: Read property persist.data.df.iwlan_mux; Got "9"; (Default: "9")
04-13 17:02:39.537   981   981 I QC-NETMGR-LIB: Read property persist.data.df.agg.dl_size; Got "4096"; (Default: "1504")
04-13 17:02:39.537   981   981 I QC-NETMGR-LIB: Read property persist.data.df.agg.dl_pkt; Got "10"; (Default: "1")
04-13 17:02:39.538   981   981 I QC-NETMGR-LIB: Read property persist.data.df.agg.dl_pad; Got "0"; (Default: "0")
04-13 17:02:39.538   981   981 I QC-NETMGR-LIB: Netmgr Data format: 
04-13 17:02:39.538   981   981 I QC-NETMGR-LIB: ..qos: 1
04-13 17:02:39.538   981   981 I QC-NETMGR-LIB: ..link_prot: 2
04-13 17:02:39.538   981   981 I QC-NETMGR-LIB: ..num_mux_channels: 8
04-13 17:02:39.538   981   981 I QC-NETMGR-LIB: ..num_iwlan_mux_channels: 9
04-13 17:02:39.538   981   981 I QC-NETMGR-LIB: ..ul_data_aggregation_protocol: 5
04-13 17:02:39.538   981   981 I QC-NETMGR-LIB: ..dl_data_aggregation_protocol: 5
04-13 17:02:39.538   981   981 I QC-NETMGR-LIB: ..dl_gro_enabled: 0
04-13 17:02:39.538   981   981 I QC-NETMGR-LIB: ..dl_agg_size: 4096
04-13 17:02:39.538   981   981 I QC-NETMGR-LIB: ..dl_agg_cnt: 10
04-13 17:02:39.538   981   981 I QC-NETMGR-LIB: ..dl_agg_pad: 0
04-13 17:02:39.538   981   981 I QC-NETMGR-LIB: ..ul_gso_enabled: 0
04-13 17:02:39.542   981   981 I QC-NETMGR-LIB: property [persist.rmnet.data.enable] value[true]
04-13 17:02:39.542   981   981 I QC-NETMGR-LIB: L2S[pname:netmgrd pid:981 tid:981 type:ME fname:netmgr_main_process_rmnet_data_enabled iface_id:-1 msg:"RMNET_DATA_ENABLED"]
04-13 17:02:39.542   981   981 D QC-DS-LIB: ds_get_target(): locked
04-13 17:02:39.542   981   981 I QC-DS-LIB: ds_get_target(): Could not get target from ds_get_target_offtarget(),falling back to ds_get_target_from_data_android_properties()
04-13 17:02:39.542   981   981 I QC-DS-LIB: ds_get_target(): Could not get target from ds_get_target_from_data_android_properties(),falling back to ds_get_target_from_mdmdetect()
04-13 17:02:39.543   981   981 I QC-DS-LIB: ds_get_target_from_mdmdetect(): ESOC info: num_modems [1]
04-13 17:02:39.543   981   981 I QC-DS-LIB: ds_get_target_from_mdmdetect(): Modem[0]: mdm_type: [INTERNAL]
04-13 17:02:39.543   981   981 I QC-DS-LIB: ds_get_target_from_mdmdetect(): Modem[0]: mdm_name: [modem]
04-13 17:02:39.543   981   981 I QC-DS-LIB: ds_get_target_from_mdmdetect(): Modem[0]: mdm_link: [SMD]
04-13 17:02:39.543   981   981 I QC-DS-LIB: ds_get_target_from_mdmdetect(): Modem[0]: esoc_node: [N/A]
04-13 17:02:39.543   981   981 I QC-DS-LIB: ds_get_target(): Could not get target from ds_get_target_from_mdmdetect(),falling back to ds_get_target_from_soc_id()
04-13 17:02:39.544   981   981 I QC-DS-LIB: ds_get_target_from_soc_id: soc_id [246] Target: [23] : [msm8996]
04-13 17:02:39.544   981   981 I QC-DS-LIB: ds_get_target(): Target: [23] : [msm8996]
04-13 17:02:39.544   981   981 D QC-DS-LIB: ds_get_target(): unlocked
04-13 17:02:39.544   981   981 I QC-NETMGR-LIB: ds_target is set to: 23 [msm8996]
04-13 17:02:39.544   981   981 I QC-NETMGR-LIB: netmgr_config: Configuring using file /system/etc/data/netmgr_config.xml, target msm8996
04-13 17:02:39.545   575   631 D PerMgrSrv: modem state: is on-line, add client QCRIL
04-13 17:02:39.546   575   631 D PerMgrSrv: QCRIL registered
04-13 17:02:39.546   786   786 D PerMgrLib: QCRIL successfully registered for modem
04-13 17:02:39.598   981   981 E QC-NETMGR-LIB: Error reading property [netmgr_config.msm8996.ep_type] Err[-4]. Default[4]
04-13 17:02:39.598   981   981 E QC-NETMGR-LIB: Error reading property [netmgr_config.msm8996.clat_rps_mask] Err[-4]; Setting to 0
04-13 17:02:39.598   981   981 I QC-NETMGR-LIB: Error reading property [netmgr_config.msm8996.ibfc] Err[-4]; Setting to 0
04-13 17:02:39.598   981   981 I QC-NETMGR-LIB: Error reading property [netmgr_config.msm8996.qos_disabled] Err[-4]; Setting to 0
04-13 17:02:39.598   981   981 E QC-NETMGR-LIB: Error reading property [netmgr_config.msm8996.netdev_max_backlog] Err[-4]; Setting to 0
04-13 17:02:39.598   981   981 E QC-NETMGR-LIB: Error reading property [netmgr_config.msm8996.disable_hystart] Err[-4]; Setting to 0
04-13 17:02:39.598   981   981 E QC-NETMGR-LIB: Error reading property [netmgr_config.msm8996.initial_ssthresh] Err[-4]; Setting to -1
04-13 17:02:39.598   981   981 E QC-NETMGR-LIB: Error reading property [netmgr_config.msm8996.frag_low_mem] Err[-4]; Setting to 0
04-13 17:02:39.598   981   981 E QC-NETMGR-LIB: Error reading property [netmgr_config.msm8996.frag_high_mem] Err[-4]; Setting to 0
04-13 17:02:39.598   981   981 I QC-NETMGR-LIB: Changing MSM rev prefixes
04-13 17:02:39.599   981   981 I QC-NETMGR-LIB: Couldn't read property [netmgr_config.cmd_logging_config.cmd_debug] Err[-4], defaulting to 0
04-13 17:02:39.599   981   981 I QC-NETMGR-LIB: Couldn't read property [netmgr_config.cmd_logging_config.log_options] Err[-4], defaulting to 0
04-13 17:02:39.599   981   981 E QC-NETMGR-LIB: Error reading property [netmgr_config.cmd_logging_config.outfile] Err[-4]
04-13 17:02:39.599   981   981 D QC-NETMGR-LIB: netmgr_main_process_target: loaded config for target:msm8996
04-13 17:02:39.599   981   981 I QC-NETMGR-LIB: ==== Netmanager Configuration ====
04-13 17:02:39.599   981   981 I QC-NETMGR-LIB: ..qmi_dpm_enabled        : [1]
04-13 17:02:39.599   981   981 I QC-NETMGR-LIB: ..dpm_retry_timeout      : [10000]
04-13 17:02:39.599   981   981 I QC-NETMGR-LIB: ..wda_data_format_enabled: [1]
04-13 17:02:39.599   981   981 I QC-NETMGR-LIB: ..ep_type                : [4]
04-13 17:02:39.599   981   981 I QC-NETMGR-LIB: ..single_qmux_ch_enabled : [1]
04-13 17:02:39.599   981   981 I QC-NETMGR-LIB: ..single_qmux_ch_name    : [rmnet0]
04-13 17:02:39.599   981   981 I QC-NETMGR-LIB: ..single_qmux_ch_id      : [DATA5_CNTL]
04-13 17:02:39.599   981   981 I QC-NETMGR-LIB: ..rmnet_data_enabled     : [1]
04-13 17:02:39.599   981   981 I QC-NETMGR-LIB: ..phys_net_dev           : [rmnet_ipa0]
04-13 17:02:39.599   981   981 I QC-NETMGR-LIB: ..msm_modem_enabled      : [1]
04-13 17:02:39.599   981   981 I QC-NETMGR-LIB: ..mdm_modem_enabled      : [0]
04-13 17:02:39.599   981   981 I QC-NETMGR-LIB: ..modem_ssr_state        : [0]
04-13 17:02:39.620   981   981 I QC-NETMGR-LIB: ..df.dl_agg_size         : [8192]
04-13 17:02:39.620   981   981 I QC-NETMGR-LIB: ..df.dl_agg_cnt          : [10]
04-13 17:02:39.620   981   981 I QC-NETMGR-LIB: ..df.dl_agg_mode         : [8]
04-13 17:02:39.620   981   981 I QC-NETMGR-LIB: ..df.ul_agg_mode         : [8]
04-13 17:02:39.620   981   981 I QC-NETMGR-LIB: ..df.dl_gro_enabled      : [1]
04-13 17:02:39.620   981   981 I QC-NETMGR-LIB: ..exec_opts.log_options  : [0x00000000]
04-13 17:02:39.620   981   981 I QC-NETMGR-LIB: ..exec_opts.outfile      : []
04-13 17:02:39.620   981   981 I QC-NETMGR-LIB: ..df.ul_gso_enabled      : [0]
04-13 17:02:39.620   981   981 I QC-NETMGR-LIB: Link[0] port[rmnet_data0] qmi[rmnet_data0] modem_wait[1] enabled[1]
04-13 17:02:39.620   981   981 I QC-NETMGR-LIB: Link[1] port[rmnet_data1] qmi[rmnet_data1] modem_wait[0] enabled[1]
04-13 17:02:39.620   981   981 I QC-NETMGR-LIB: Link[2] port[rmnet_data2] qmi[rmnet_data2] modem_wait[0] enabled[1]
04-13 17:02:39.621   981   981 I QC-NETMGR-LIB: Link[3] port[rmnet_data3] qmi[rmnet_data3] modem_wait[0] enabled[1]
04-13 17:02:39.621   981   981 I QC-NETMGR-LIB: Link[4] port[rmnet_data4] qmi[rmnet_data4] modem_wait[0] enabled[1]
04-13 17:02:39.621   981   981 I QC-NETMGR-LIB: Link[5] port[rmnet_data5] qmi[rmnet_data5] modem_wait[0] enabled[1]
04-13 17:02:39.621   981   981 I QC-NETMGR-LIB: Link[6] port[rmnet_data6] qmi[rmnet_data6] modem_wait[0] enabled[1]
04-13 17:02:39.621   981   981 I QC-NETMGR-LIB: Link[7] port[rmnet_data7] qmi[rmnet_data7] modem_wait[0] enabled[1]
04-13 17:02:39.622   981   981 I QC-NETMGR-LIB: Link[8] port[MDM0_CNTL] qmi[rmnet_sdio0] modem_wait[1] enabled[0]
04-13 17:02:39.624   981   981 I QC-NETMGR-LIB: Link[9] port[MDM1_CNTL] qmi[rmnet_sdio1] modem_wait[0] enabled[0]
04-13 17:02:39.624   981   981 I QC-NETMGR-LIB: Link[10] port[MDM2_CNTL] qmi[rmnet_sdio2] modem_wait[0] enabled[0]
04-13 17:02:39.624   981   981 I QC-NETMGR-LIB: Link[11] port[MDM3_CNTL] qmi[rmnet_sdio3] modem_wait[0] enabled[0]
04-13 17:02:39.624   981   981 I QC-NETMGR-LIB: Link[12] port[MDM4_CNTL] qmi[rmnet_sdio4] modem_wait[0] enabled[0]
04-13 17:02:39.624   981   981 I QC-NETMGR-LIB: Link[13] port[MDM5_CNTL] qmi[rmnet_sdio5] modem_wait[0] enabled[0]
04-13 17:02:39.624   981   981 I QC-NETMGR-LIB: Link[14] port[MDM6_CNTL] qmi[rmnet_sdio6] modem_wait[0] enabled[0]
04-13 17:02:39.625   981   981 I QC-NETMGR-LIB: Link[15] port[MDM7_CNTL] qmi[rmnet_sdio7] modem_wait[0] enabled[0]
04-13 17:02:39.625   981   981 I QC-NETMGR-LIB: Link[16] port[r_rmnet_data0] qmi[r_rmnet_data0] modem_wait[0] enabled[1]
04-13 17:02:39.625   981   981 I QC-NETMGR-LIB: Link[17] port[r_rmnet_data1] qmi[r_rmnet_data1] modem_wait[0] enabled[1]
04-13 17:02:39.625   981   981 I QC-NETMGR-LIB: Link[18] port[r_rmnet_data2] qmi[r_rmnet_data2] modem_wait[0] enabled[1]
04-13 17:02:39.625   981   981 I QC-NETMGR-LIB: Link[19] port[r_rmnet_data3] qmi[r_rmnet_data3] modem_wait[0] enabled[1]
04-13 17:02:39.625   981   981 I QC-NETMGR-LIB: Link[20] port[r_rmnet_data4] qmi[r_rmnet_data4] modem_wait[0] enabled[1]
04-13 17:02:39.625   981   981 I QC-NETMGR-LIB: Link[21] port[r_rmnet_data5] qmi[r_rmnet_data5] modem_wait[0] enabled[1]
04-13 17:02:39.625   981   981 I QC-NETMGR-LIB: Link[22] port[r_rmnet_data6] qmi[r_rmnet_data6] modem_wait[0] enabled[1]
04-13 17:02:39.625   981   981 I QC-NETMGR-LIB: Link[23] port[r_rmnet_data7] qmi[r_rmnet_data7] modem_wait[0] enabled[1]
04-13 17:02:39.626   981   981 I QC-NETMGR-LIB: Link[24] port[r_rmnet_data8] qmi[r_rmnet_data8] modem_wait[0] enabled[1]
04-13 17:02:39.626   981   981 I QC-NETMGR-LIB: Link[25] port[RMDM0_CNTL] qmi[rev_rmnet_usb0] modem_wait[0] enabled[0]
04-13 17:02:39.626   981   981 I QC-NETMGR-LIB: Link[26] port[RMDM1_CNTL] qmi[rev_rmnet_usb1] modem_wait[0] enabled[0]
04-13 17:02:39.626   981   981 I QC-NETMGR-LIB: Link[27] port[RMDM2_CNTL] qmi[rev_rmnet_usb2] modem_wait[0] enabled[0]
04-13 17:02:39.626   981   981 I QC-NETMGR-LIB: Link[28] port[RMDM3_CNTL] qmi[rev_rmnet_usb3] modem_wait[0] enabled[0]
04-13 17:02:39.626   981   981 I QC-NETMGR-LIB: Link[29] port[RMDM4_CNTL] qmi[rev_rmnet_usb4] modem_wait[0] enabled[0]
04-13 17:02:39.626   981   981 I QC-NETMGR-LIB: Link[30] port[RMDM5_CNTL] qmi[rev_rmnet_usb5] modem_wait[0] enabled[0]
04-13 17:02:39.626   981   981 I QC-NETMGR-LIB: Link[31] port[RMDM6_CNTL] qmi[rev_rmnet_usb6] modem_wait[0] enabled[0]
04-13 17:02:39.626   981   981 I QC-NETMGR-LIB: Link[32] port[RMDM7_CNTL] qmi[rev_rmnet_usb7] modem_wait[0] enabled[0]
04-13 17:02:39.627   981   981 I QC-NETMGR-LIB: Link[33] port[RMDM8_CNTL] qmi[rev_rmnet_usb8] modem_wait[0] enabled[0]
04-13 17:02:39.627   981   981 I QC-NETMGR-LIB: ========
04-13 17:02:39.627   981   981 D QC-NETMGR-LIB: modem_enable[0]=[1]
04-13 17:02:39.627   981   981 D QC-NETMGR-LIB: modem_enable[1]=[0]
04-13 17:02:39.627   981   981 D QC-NETMGR-LIB: disabling modem [1] forward ports start=[8], end=[15]
04-13 17:02:39.630   981   981 D QC-NETMGR-LIB: disabling modem [1] reverse ports start=[25], end=[33]
04-13 17:02:39.631   981   981 I QC-NETMGR-LIB: property [persist.data.iwlan.enable] value[false]
04-13 17:02:39.631   981   981 D QC-NETMGR-LIB: modem_enable[0]=[1]
04-13 17:02:39.631   981   981 D QC-NETMGR-LIB: disabling modem [0] reverse ports start=[16], end=[24]
04-13 17:02:39.631   981   981 D QC-NETMGR-LIB: modem_enable[1]=[0]
04-13 17:02:39.631   981   981 I QC-NETMGR-LIB: property [persist.data.iwlan.ts.enable] value[false]
04-13 17:02:39.631   981   981 I QC-NETMGR-LIB: property [persist.data.netmgrd.qos.enable] value[true]
04-13 17:02:39.631   981   981 I QC-NETMGR-LIB: platform init completed
04-13 17:02:39.631   981   981 I QC-NETMGR-LIB: property [persist.data.wda.enable] value[true]
04-13 17:02:39.631   981   981 I QC-NETMGR-LIB: qmi init completed
04-13 17:02:39.631   981   981 I QC-NETMGR-LIB: netmgr_kif_init: set netmgr_kif_cfg.nint to 34
04-13 17:02:39.632   981   981 I QC-NETMGR-LIB: kif init completed
04-13 17:02:39.632   981   981 I QC-NETMGR-LIB: property [persist.data.tcpackprio.enable] value[false]
04-13 17:02:39.632   981   999 I QC-DS-LIB: ds_exec_internal(): Executing command "tc qdisc del dev  root"
04-13 17:02:39.633   981   999 I QC-DS-LIB: ds_exec_internal(): [cpid:1034] Spawned child PID(1034) command:"tc qdisc del dev  root"
04-13 17:02:39.722   786  1023 D PerMgrLib: QCRIL voting for modem
04-13 17:02:39.723   786  1040 V libsettings: [410]> QcSettingsD::ProtoSource::ProtoSource(const std::string &, bool): tag: /dev/socket/settingsd
04-13 17:02:39.723   786  1040 D libsettings: [410]Main Loop created
04-13 17:02:39.723   786  1040 D libsettings: [410]current main loop set: true
04-13 17:02:39.723   786  1040 D help_/dev/socket/settingsd: Command help_/dev/socket/settingsd
04-13 17:02:39.723   786  1040 V libsettings: [410]> static void QcSettingsD::CommandRegistry::registerCommand(const std::string &, const std::shared_ptr<Command> &): help_/dev/socket/settingsd
04-13 17:02:39.723   786  1040 V libsettings: [410]> static std::shared_ptr<CommandRegistry> QcSettingsD::CommandRegistry::getRegistry(const std::string &): default
04-13 17:02:39.723   786  1040 V libsettings: [410]< static std::shared_ptr<CommandRegistry> QcSettingsD::CommandRegistry::getRegistry(const std::string &): 
04-13 17:02:39.723   786  1040 V libsettings: [410]> void QcSettingsD::CommandRegistry::doRegisterCommand(const std::string &, const std::shared_ptr<Command> &): (default) help_/dev/socket/settingsd
04-13 17:02:39.723   575   631 D PerMgrSrv: QCRIL voting for modem
04-13 17:02:39.723   786  1040 V libsettings: [410]< void QcSettingsD::CommandRegistry::doRegisterCommand(const std::string &, const std::shared_ptr<Command> &): 
04-13 17:02:39.723   575   631 D PerMgrSrv: modem num voters is 2
04-13 17:02:39.723   786  1040 V libsettings: [410]< static void QcSettingsD::CommandRegistry::registerCommand(const std::string &, const std::shared_ptr<Command> &): 
04-13 17:02:39.723   786  1040 V libsettings: [410]> static std::shared_ptr<CommandRegistry> QcSettingsD::CommandRegistry::getRegistry(const std::string &): default
04-13 17:02:39.723   786  1040 V libsettings: [410]< static std::shared_ptr<CommandRegistry> QcSettingsD::CommandRegistry::getRegistry(const std::string &): 
04-13 17:02:39.723   786  1040 V libsettings: [410]> bool QcSettingsD::Command::enqueue(const QcSettingsD::CommandParameters &, QcSettingsD::CommandResults &, const callback_t &): 
04-13 17:02:39.723   786  1040 D libsettings: [410]enqueueing command
04-13 17:02:39.724   786  1040 D CommandEvent: 
04-13 17:02:39.724   786  1040 V libsettings: [410]> void QcSettingsD::MainLoop::localQueueEvent(std::shared_ptr<Event> &): 
04-13 17:02:39.724   786  1040 V libsettings: [410]< void QcSettingsD::MainLoop::localQueueEvent(std::shared_ptr<Event> &): 
04-13 17:02:39.724   786  1040 V libsettings: [410]< bool QcSettingsD::Command::enqueue(const QcSettingsD::CommandParameters &, QcSettingsD::CommandResults &, const callback_t &): ret: 1
04-13 17:02:39.724   786  1040 V libsettings: [410]< QcSettingsD::ProtoSource::ProtoSource(const std::string &, bool): 
04-13 17:02:39.724   786  1040 D /dev/socket/settingsd: QcSettingsD::ClientSocket<QcSettingsD::ProtoSource>::ClientSocket(const std::string &, const std::string &, int, int, int) [T = QcSettingsD::ProtoSource] ( /dev/socket/settingsd, /dev/socket/settingsd, 1, 1, 0)
04-13 17:02:39.724   786  1040 D /dev/socket/settingsd: int QcSettingsD::ClientSocket<QcSettingsD::ProtoSource>::connect() [T = QcSettingsD::ProtoSource]: ret: -1. fd: 40. errno: 2
04-13 17:02:39.724   786  1040 E /dev/socket/settingsd: int QcSettingsD::ClientSocket<QcSettingsD::ProtoSource>::connect() [T = QcSettingsD::ProtoSource]: connect: No such file or directory(2)
04-13 17:02:39.724   786  1040 D /dev/socket/settingsd: Closing fd 40
04-13 17:02:39.724   786  1040 V libsettings: [410]> virtual QcSettingsD::ProtoSource::~ProtoSource(): tag: /dev/socket/settingsd
04-13 17:02:39.724   786  1040 D libsettings: [410]De-registering command help_/dev/socket/settingsd
04-13 17:02:39.724   786  1040 V libsettings: [410]> static void QcSettingsD::CommandRegistry::deRegisterCommand(const std::string &): help_/dev/socket/settingsd
04-13 17:02:39.724   786  1040 V libsettings: [410]> static std::shared_ptr<CommandRegistry> QcSettingsD::CommandRegistry::getRegistry(const std::string &): default
04-13 17:02:39.724   786  1040 V libsettings: [410]< static std::shared_ptr<CommandRegistry> QcSettingsD::CommandRegistry::getRegistry(const std::string &): 
04-13 17:02:39.725   786  1023 E QC-QMI  : qmi_client [-1] QMUXD disabled
04-13 17:02:39.725   786  1040 V libsettings: [410]> void QcSettingsD::CommandRegistry::doDeRegisterCommand(const std::string &): default(help_/dev/socket/settingsd)
04-13 17:02:39.725   786  1023 E QC-QMI  : qmi_qmux_if_pwr_up_init_ex:  Initialization failed, rc = -6
04-13 17:02:39.725   786  1040 V libsettings: [410]< void QcSettingsD::CommandRegistry::doDeRegisterCommand(const std::string &): 
04-13 17:02:39.725   786  1023 E QMI_FW  : QMUXD: WARNING qmi_qmux_if_pwr_up_init failed! rc=-6
04-13 17:02:39.725   786  1040 V libsettings: [410]< static void QcSettingsD::CommandRegistry::deRegisterCommand(const std::string &): 
04-13 17:02:39.725   786  1040 V libsettings: [410]< virtual QcSettingsD::ProtoSource::~ProtoSource(): 
04-13 17:02:39.741   981   999 I QC-DS-LIB: ds_exec_internal(): [cpid:1034] Process exited normally with rc=1
04-13 17:02:39.741   981   981 D QC-NETMGR-LIB: netmgr_ds_exec(): command completed in 0.108981
04-13 17:02:39.741   981   981 I QC-NETMGR-LIB: [ link ].filter_list 0x7f9e8ffaa0
04-13 17:02:39.741   981   999 I QC-DS-LIB: ds_exec_internal(): Executing command "tc qdisc del dev  root"
04-13 17:02:39.742   981   999 I QC-DS-LIB: ds_exec_internal(): [cpid:1053] Spawned child PID(1053) command:"tc qdisc del dev  root"
04-13 17:02:39.758  1045  1045 I panel-info-sh: Get panel_vendor unsuccessfully, try again... 
04-13 17:02:39.772   774   774 D msm8974_platform: platform_init: snd_card_name: msm8996-tasha-mtp-snd-card
04-13 17:02:39.772   774   774 W hardware_info: update_hardware_info_8996: Not a 8996 device
04-13 17:02:39.772   774   774 V msm8974_platform: platform_is_i2s_ext_modem, is_i2s_ext_modem:0 soundcard name is msm8996-tasha-mtp-snd-card
04-13 17:02:39.772   774   774 I msm8974_platform: get_hardware_id: Hardware id - 0x230
04-13 17:02:39.772   774   774 D msm8974_platform: platform_init: mixer file: /system/etc/mixer_paths_tasha.xml
04-13 17:02:39.773   774   774 D msm8974_platform: platform_init: Loading mixer file: /system/etc/mixer_paths_tasha.xml
04-13 17:02:39.781   759   759 I shelld  : ServiceManager: 0x7fb2ed10c0
04-13 17:02:39.827   575   631 D PerMgrSrv: modem state: is on-line, add client QCRIL
04-13 17:02:39.827   575   631 D PerMgrSrv: QCRIL registered
04-13 17:02:39.828   964   964 D PerMgrLib: QCRIL successfully registered for modem
04-13 17:02:39.836   786  1023 D qmi_nv_api: XIAOMI_QMI_NV: qmi_client_get_service_list() returned 0 num_services = 1
04-13 17:02:39.836   786  1023 D qmi_nv_api: XIAOMI_QMI_NV: qmi_client_get_service_list() returned 0 num_entries = 1 num_services = 1
04-13 17:02:39.837   786  1023 D qmi_nv_api: XIAOMI_QMI_NV: NV Read with nv index 2824 index 0.
04-13 17:02:39.837   786  1023 D qmi_nv_api: XIAOMI_QMI_NV: qmi_client_send_msg_async returned 0
04-13 17:02:39.843   786  1066 D qmi_nv_api: XIAOMI_QMI_NV: Read NV Response: 0, Length: 0
04-13 17:02:39.851   981   999 I QC-DS-LIB: ds_exec_internal(): [cpid:1053] Process exited normally with rc=1
04-13 17:02:39.851   981   981 D QC-NETMGR-LIB: netmgr_ds_exec(): command completed in 0.109417
04-13 17:02:39.851   981   981 I QC-NETMGR-LIB: [ link ].filter_list 0x7f9e823140
04-13 17:02:39.851   981   999 I QC-DS-LIB: ds_exec_internal(): Executing command "tc qdisc del dev  root"
04-13 17:02:39.852   981   999 I QC-DS-LIB: ds_exec_internal(): [cpid:1068] Spawned child PID(1068) command:"tc qdisc del dev  root"
04-13 17:02:39.916   964  1058 D PerMgrLib: QCRIL voting for modem
04-13 17:02:39.916   575   631 D PerMgrSrv: QCRIL voting for modem
04-13 17:02:39.917   575   631 D PerMgrSrv: modem num voters is 3
04-13 17:02:39.917   981   999 I QC-DS-LIB: ds_exec_internal(): [cpid:1068] Process exited normally with rc=1
04-13 17:02:39.918   964  1058 E QC-QMI  : qmi_client [-1] QMUXD disabled
04-13 17:02:39.918   964  1058 E QC-QMI  : qmi_qmux_if_pwr_up_init_ex:  Initialization failed, rc = -6
04-13 17:02:39.918   964  1058 E QMI_FW  : QMUXD: WARNING qmi_qmux_if_pwr_up_init failed! rc=-6
04-13 17:02:39.920   981   981 D QC-NETMGR-LIB: netmgr_ds_exec(): command completed in 0.068827
04-13 17:02:39.920   981   981 I QC-NETMGR-LIB: [ link ].filter_list 0x7f9e8231c0
04-13 17:02:39.920   981   999 I QC-DS-LIB: ds_exec_internal(): Executing command "tc qdisc del dev  root"
04-13 17:02:39.921   981   999 I QC-DS-LIB: ds_exec_internal(): [cpid:1080] Spawned child PID(1080) command:"tc qdisc del dev  root"
04-13 17:02:39.933   964  1074 V libsettings: [432]> QcSettingsD::ProtoSource::ProtoSource(const std::string &, bool): tag: /dev/socket/settingsd
04-13 17:02:39.933   964  1074 D libsettings: [432]Main Loop created
04-13 17:02:39.933   964  1074 D libsettings: [432]current main loop set: true
04-13 17:02:39.933   964  1074 D help_/dev/socket/settingsd: Command help_/dev/socket/settingsd
04-13 17:02:39.933   964  1074 V libsettings: [432]> static void QcSettingsD::CommandRegistry::registerCommand(const std::string &, const std::shared_ptr<Command> &): help_/dev/socket/settingsd
04-13 17:02:39.933   964  1074 V libsettings: [432]> static std::shared_ptr<CommandRegistry> QcSettingsD::CommandRegistry::getRegistry(const std::string &): default
04-13 17:02:39.933   964  1074 V libsettings: [432]< static std::shared_ptr<CommandRegistry> QcSettingsD::CommandRegistry::getRegistry(const std::string &): 
04-13 17:02:39.933   964  1074 V libsettings: [432]> void QcSettingsD::CommandRegistry::doRegisterCommand(const std::string &, const std::shared_ptr<Command> &): (default) help_/dev/socket/settingsd
04-13 17:02:39.933   964  1074 V libsettings: [432]< void QcSettingsD::CommandRegistry::doRegisterCommand(const std::string &, const std::shared_ptr<Command> &): 
04-13 17:02:39.933   964  1074 V libsettings: [432]< static void QcSettingsD::CommandRegistry::registerCommand(const std::string &, const std::shared_ptr<Command> &): 
04-13 17:02:39.933   964  1074 V libsettings: [432]> static std::shared_ptr<CommandRegistry> QcSettingsD::CommandRegistry::getRegistry(const std::string &): default
04-13 17:02:39.933   964  1074 V libsettings: [432]< static std::shared_ptr<CommandRegistry> QcSettingsD::CommandRegistry::getRegistry(const std::string &): 
04-13 17:02:39.933   964  1074 V libsettings: [432]> bool QcSettingsD::Command::enqueue(const QcSettingsD::CommandParameters &, QcSettingsD::CommandResults &, const callback_t &): 
04-13 17:02:39.933   964  1074 D libsettings: [432]enqueueing command
04-13 17:02:39.933   964  1074 D CommandEvent: 
04-13 17:02:39.934   964  1074 V libsettings: [432]> void QcSettingsD::MainLoop::localQueueEvent(std::shared_ptr<Event> &): 
04-13 17:02:39.934   964  1074 V libsettings: [432]< void QcSettingsD::MainLoop::localQueueEvent(std::shared_ptr<Event> &): 
04-13 17:02:39.934   964  1074 V libsettings: [432]< bool QcSettingsD::Command::enqueue(const QcSettingsD::CommandParameters &, QcSettingsD::CommandResults &, const callback_t &): ret: 1
04-13 17:02:39.934   964  1074 V libsettings: [432]< QcSettingsD::ProtoSource::ProtoSource(const std::string &, bool): 
04-13 17:02:39.934   964  1074 D /dev/socket/settingsd: QcSettingsD::ClientSocket<QcSettingsD::ProtoSource>::ClientSocket(const std::string &, const std::string &, int, int, int) [T = QcSettingsD::ProtoSource] ( /dev/socket/settingsd, /dev/socket/settingsd, 1, 1, 0)
04-13 17:02:39.934   964  1074 D /dev/socket/settingsd: int QcSettingsD::ClientSocket<QcSettingsD::ProtoSource>::connect() [T = QcSettingsD::ProtoSource]: ret: -1. fd: 63. errno: 2
04-13 17:02:39.934   964  1074 E /dev/socket/settingsd: int QcSettingsD::ClientSocket<QcSettingsD::ProtoSource>::connect() [T = QcSettingsD::ProtoSource]: connect: No such file or directory(2)
04-13 17:02:39.934   964  1074 D /dev/socket/settingsd: Closing fd 63
04-13 17:02:39.934   964  1074 V libsettings: [432]> virtual QcSettingsD::ProtoSource::~ProtoSource(): tag: /dev/socket/settingsd
04-13 17:02:39.934   964  1074 D libsettings: [432]De-registering command help_/dev/socket/settingsd
04-13 17:02:39.934   964  1074 V libsettings: [432]> static void QcSettingsD::CommandRegistry::deRegisterCommand(const std::string &): help_/dev/socket/settingsd
04-13 17:02:39.934   964  1074 V libsettings: [432]> static std::shared_ptr<CommandRegistry> QcSettingsD::CommandRegistry::getRegistry(const std::string &): default
04-13 17:02:39.934   964  1074 V libsettings: [432]< static std::shared_ptr<CommandRegistry> QcSettingsD::CommandRegistry::getRegistry(const std::string &): 
04-13 17:02:39.934   964  1074 V libsettings: [432]> void QcSettingsD::CommandRegistry::doDeRegisterCommand(const std::string &): default(help_/dev/socket/settingsd)
04-13 17:02:39.934   964  1074 V libsettings: [432]< void QcSettingsD::CommandRegistry::doDeRegisterCommand(const std::string &): 
04-13 17:02:39.934   964  1074 V libsettings: [432]< static void QcSettingsD::CommandRegistry::deRegisterCommand(const std::string &): 
04-13 17:02:39.934   964  1074 V libsettings: [432]< virtual QcSettingsD::ProtoSource::~ProtoSource(): 
04-13 17:02:39.968   786  1023 D QC-DS-LIB: Rnet data is set to [true] enable [1]
04-13 17:02:39.968   786  1023 D QC-DS-LIB: QOS property is set to [true] enable [1]
04-13 17:02:39.968   786  1023 D QC-DS-LIB: ds_get_target(): locked
04-13 17:02:39.968   786  1023 I QC-DS-LIB: ds_get_target(): Target: [23] : [msm8996]
04-13 17:02:39.968   786  1023 D QC-DS-LIB: ds_get_target(): unlocked
04-13 17:02:39.968   786  1023 D QC-DS-LIB: dsi_process_target(): [23] : [msm8996]
04-13 17:02:39.968   786  1023 D QC-DS-LIB: DSI: Configuring using file /system/etc/data/dsi_config.xml, target msm8996
04-13 17:02:39.974   786  1023 D QC-DS-LIB: DSI configuration:
04-13 17:02:39.974   786  1023 D QC-DS-LIB: qos_enabled: 1
04-13 17:02:39.974   786  1023 D QC-DS-LIB: rmnet_data_enabled: 1
04-13 17:02:39.974   786  1023 D QC-DS-LIB: physical_network_device: rmnet_ipa0
04-13 17:02:39.974   786  1023 D QC-DS-LIB: single_qmux_channel_enabled: 1
04-13 17:02:39.974   786  1023 D QC-DS-LIB: single_qmux_channel_name: rmnet0
04-13 17:02:39.974   786  1023 D QC-DS-LIB: modem_ssr_state : -1
04-13 17:02:39.974   786  1023 D QC-DS-LIB: num_dsi_handles: 8
04-13 17:02:39.974   786  1023 D QC-DS-LIB: device names:
04-13 17:02:39.974   786  1023 D QC-DS-LIB: ..rmnet_data0
04-13 17:02:39.975   786  1023 D QC-DS-LIB: ..rmnet_data1
04-13 17:02:39.975   786  1023 D QC-DS-LIB: ..rmnet_data2
04-13 17:02:39.975   786  1023 D QC-DS-LIB: ..rmnet_data3
04-13 17:02:39.975   786  1023 D QC-DS-LIB: ..rmnet_data4
04-13 17:02:39.975   786  1023 D QC-DS-LIB: ..rmnet_data5
04-13 17:02:39.975   786  1023 D QC-DS-LIB: ..rmnet_data6
04-13 17:02:39.975   786  1023 D QC-DS-LIB: ..rmnet_data7
04-13 17:02:39.975   786  1023 D QC-DS-LIB: control port names:
04-13 17:02:39.975   786  1023 D QC-DS-LIB: ..rmnet_data0
04-13 17:02:39.975   786  1023 D QC-DS-LIB: ..rmnet_data1
04-13 17:02:39.975   786  1023 D QC-DS-LIB: ..rmnet_data2
04-13 17:02:39.975   786  1023 D QC-DS-LIB: ..rmnet_data3
04-13 17:02:39.975   786  1023 D QC-DS-LIB: ..rmnet_data4
04-13 17:02:39.975   786  1023 D QC-DS-LIB: ..rmnet_data5
04-13 17:02:39.975   786  1023 D QC-DS-LIB: ..rmnet_data6
04-13 17:02:39.975   786  1023 D QC-DS-LIB: ..rmnet_data7
04-13 17:02:39.975   786  1023 D QC-DS-LIB: ===================
04-13 17:02:39.975   786  1023 D QC-DS-LIB: dsi_config_load using configdb successful
04-13 17:02:39.975   786  1023 D QC-DS-LIB: dsi_process_target: loaded config for target:msm8996
04-13 17:02:39.975   786  1023 D QC-DS-LIB: dsi_iface_tbl[0].wds_str is set to [rmnet_data0]
04-13 17:02:39.975   786  1023 D QC-DS-LIB: dsi_iface_tbl[0].dev_str is set to [rmnet_data0]
04-13 17:02:39.975   786  1023 D QC-DS-LIB: dsi_iface_tbl[1].wds_str is set to [rmnet_data1]
04-13 17:02:39.975   786  1023 D QC-DS-LIB: dsi_iface_tbl[1].dev_str is set to [rmnet_data1]
04-13 17:02:39.975   786  1023 D QC-DS-LIB: dsi_iface_tbl[2].wds_str is set to [rmnet_data2]
04-13 17:02:39.975   786  1023 D QC-DS-LIB: dsi_iface_tbl[2].dev_str is set to [rmnet_data2]
04-13 17:02:39.975   786  1023 D QC-DS-LIB: dsi_iface_tbl[3].wds_str is set to [rmnet_data3]
04-13 17:02:39.976   786  1023 D QC-DS-LIB: dsi_iface_tbl[3].dev_str is set to [rmnet_data3]
04-13 17:02:39.976   786  1023 D QC-DS-LIB: dsi_iface_tbl[4].wds_str is set to [rmnet_data4]
04-13 17:02:39.976   786  1023 D QC-DS-LIB: dsi_iface_tbl[4].dev_str is set to [rmnet_data4]
04-13 17:02:39.976   786  1023 D QC-DS-LIB: dsi_iface_tbl[5].wds_str is set to [rmnet_data5]
04-13 17:02:39.976   786  1023 D QC-DS-LIB: dsi_iface_tbl[5].dev_str is set to [rmnet_data5]
04-13 17:02:39.976   786  1023 D QC-DS-LIB: dsi_iface_tbl[6].wds_str is set to [rmnet_data6]
04-13 17:02:39.976   786  1023 D QC-DS-LIB: dsi_iface_tbl[6].dev_str is set to [rmnet_data6]
04-13 17:02:39.976   786  1023 D QC-DS-LIB: dsi_iface_tbl[7].wds_str is set to [rmnet_data7]
04-13 17:02:39.976   786  1023 D QC-DS-LIB: dsi_iface_tbl[7].dev_str is set to [rmnet_data7]
04-13 17:02:39.976   786  1023 D QC-DS-LIB: dsi_iface_tbl[8].wds_str is set to [rmnet_sdio0]
04-13 17:02:39.976   786  1023 D QC-DS-LIB: dsi_iface_tbl[8].dev_str is set to [rmnet_sdio0]
04-13 17:02:39.976   786  1023 D QC-DS-LIB: dsi_iface_tbl[9].wds_str is set to [rmnet_sdio1]
04-13 17:02:39.976   786  1023 D QC-DS-LIB: dsi_iface_tbl[9].dev_str is set to [rmnet_sdio1]
04-13 17:02:39.976   786  1023 D QC-DS-LIB: dsi_iface_tbl[10].wds_str is set to [rmnet_sdio2]
04-13 17:02:39.976   786  1023 D QC-DS-LIB: dsi_iface_tbl[10].dev_str is set to [rmnet_sdio2]
04-13 17:02:39.976   786  1023 D QC-DS-LIB: dsi_iface_tbl[11].wds_str is set to [rmnet_sdio3]
04-13 17:02:39.976   786  1023 D QC-DS-LIB: dsi_iface_tbl[11].dev_str is set to [rmnet_sdio3]
04-13 17:02:39.976   786  1023 D QC-DS-LIB: dsi_iface_tbl[12].wds_str is set to [rmnet_sdio4]
04-13 17:02:39.976   786  1023 D QC-DS-LIB: dsi_iface_tbl[12].dev_str is set to [rmnet_sdio4]
04-13 17:02:39.976   786  1023 D QC-DS-LIB: dsi_iface_tbl[13].wds_str is set to [rmnet_sdio5]
04-13 17:02:39.977   786  1023 D QC-DS-LIB: dsi_iface_tbl[13].dev_str is set to [rmnet_sdio5]
04-13 17:02:39.977   786  1023 D QC-DS-LIB: dsi_iface_tbl[14].wds_str is set to [rmnet_sdio6]
04-13 17:02:39.977   786  1023 D QC-DS-LIB: dsi_iface_tbl[14].dev_str is set to [rmnet_sdio6]
04-13 17:02:39.978   786  1023 D QC-DS-LIB: dsi_iface_tbl[15].wds_str is set to [rmnet_sdio7]
04-13 17:02:39.979   786  1023 D QC-DS-LIB: dsi_iface_tbl[15].dev_str is set to [rmnet_sdio7]
04-13 17:02:39.990   981   999 I QC-DS-LIB: ds_exec_internal(): [cpid:1080] Process exited normally with rc=1
04-13 17:02:39.990   981   981 D QC-NETMGR-LIB: netmgr_ds_exec(): command completed in 0.070116
04-13 17:02:39.991   981   981 I QC-NETMGR-LIB: [ link ].filter_list 0x7f9e823240
04-13 17:02:39.991   981   999 I QC-DS-LIB: ds_exec_internal(): Executing command "tc qdisc del dev  root"
04-13 17:02:39.992   981   999 I QC-DS-LIB: ds_exec_internal(): [cpid:1096] Spawned child PID(1096) command:"tc qdisc del dev  root"
04-13 17:02:39.993   786  1023 D QC-DS-LIB: dsi_init init modem DSI_RADIO_4GMODEM with LTE/DO technology support cotains iface ids 8..15
04-13 17:02:39.993   786  1023 D QC-DS-LIB: dsi_init init modem DSI_RADIO_3GMODEM with 1X technology support  contains iface id 0..7
04-13 17:02:39.993   786  1023 D QC-DS-LIB: dsi_netctrl_cb_init ENTRY
04-13 17:02:39.993   786  1023 D QC-DS-LIB: dsi_netctrl_cb_init EXIT
04-13 17:02:39.993   786  1023 D QC-DS-LIB: dsi_mni_init: ENTRY
04-13 17:02:39.993   786  1023 I QC-DS-LIB: ds_get_proc_name: pid=786, proc_name=rild
04-13 17:02:39.993   786  1023 I QC-QDI-LIB: L2S[pname:rild pid:786 tid:1023]
04-13 17:02:39.993   786  1023 D QC-DS-LIB: dsi_qmi_wds_init_qmi_client: ENTRY
04-13 17:02:39.994   786  1023 D QC-DS-LIB: dsi_qmi_map_dev_conn_instance: ENTRY
04-13 17:02:39.994   786  1023 D QC-DS-LIB: ds_get_target(): locked
04-13 17:02:39.994   786  1023 I QC-DS-LIB: ds_get_target(): Target: [23] : [msm8996]
04-13 17:02:39.994   786  1023 D QC-DS-LIB: ds_get_target(): unlocked
04-13 17:02:39.994   786  1023 E QC-DS-LIB: Invalid connection ID rmnet_sdio0 passed no match received
04-13 17:02:39.994   786  1023 D QC-DS-LIB: dsi_qmi_map_dev_conn_instance: EXIT with err
04-13 17:02:39.994   786  1023 E QC-DS-LIB: dsi_qmi_wds_init_qmi_client(): bad device ID received
04-13 17:02:39.994   786  1023 D QC-DS-LIB: dsi_qmi_wds_init_qmi_client: EXIT with err
04-13 17:02:39.994   786  1023 E QC-DS-LIB: dsi_qmi_wds_init_qmi_client failed
04-13 17:02:39.994   786  1023 D QC-DS-LIB: dsi_qmi_wds_init_qmi_client: ENTRY
04-13 17:02:39.994   786  1023 D QC-DS-LIB: dsi_qmi_map_dev_conn_instance: ENTRY
04-13 17:02:39.994   786  1023 D QC-DS-LIB: ds_get_target(): locked
04-13 17:02:39.994   786  1023 I QC-DS-LIB: ds_get_target(): Target: [23] : [msm8996]
