--------- beginning of system
04-13 16:58:42.084   463   463 I vold    : Vold 3.0 (the awakening) firing up
04-13 16:58:42.084   463   463 V vold    : Detected support for: ext4 vfat exfat
04-13 16:58:42.355   463   474 D vold    : e4crypt_init_user0
04-13 16:58:42.355   463   474 D vold    : e4crypt_prepare_user_storage for volume null, user 0, serial 0, flags 1
04-13 16:58:42.355   463   474 D vold    : Preparing: /data/system/users/0
04-13 16:58:42.355   463   474 D vold    : Preparing: /data/misc/profiles/cur/0
04-13 16:58:42.356   463   474 D vold    : Preparing: /data/misc/profiles/cur/0/foreign-dex
04-13 16:58:42.356   463   474 D vold    : Preparing: /data/system_de/0
04-13 16:58:42.356   463   474 D vold    : Preparing: /data/misc_de/0
04-13 16:58:42.356   463   474 D vold    : Preparing: /data/user_de/0
04-13 16:58:42.356   463   474 D vold    : e4crypt_unlock_user_key 0 serial=0 token_present=0
04-13 16:58:42.356   463   474 E vold    : Failed to chmod /data/system_ce/0: No such file or directory
04-13 16:58:42.356   463   474 E vold    : Failed to chmod /data/misc_ce/0: No such file or directory
04-13 16:58:42.356   463   474 E vold    : Failed to chmod /data/media/0: No such file or directory
04-13 16:58:43.322   567   567 I irsc_util: Starting irsc tool
04-13 16:58:43.331   567   567 I irsc_util: Num of entries:290
04-13 16:58:43.332   567   567 I irsc_util: Ending irsc tool
04-13 16:58:43.454   610   629 I QISL    : QSEE Interrupt Service Listener Thread is started
04-13 16:58:43.456   610   629 I QISL    : QSEE Interrupt Service Listener was activated successfully
04-13 16:58:43.462   463   474 D VoldCryptCmdListener: cryptfs mountdefaultencrypted
04-13 16:58:43.472   463   632 I Cryptfs : cryptfs_check_passwd
04-13 16:58:43.474   463   632 D         : HW based disk encryption is enabled 
04-13 16:58:43.475   463   632 D Cryptfs : crypt_ftr->fs_size = 52453304
04-13 16:58:43.475   463   632 D         : HW based disk encryption is enabled 
--------- beginning of main
04-13 16:58:43.477   575   631 D PerMgrSrv: modem num voters is 1
04-13 16:58:43.484   463   632 I Cryptfs : Using scrypt with keymaster for cryptfs KDF
04-13 16:58:43.490   610   610 D QSEECOMD: : QSEECOM DAEMON RUNNING 
04-13 16:58:43.493   601   601 D DisplayFeatureService: Init operation ->  featureId: 1
04-13 16:58:43.493   601   601 D DisplayFeatureService: Init operation ->  featureId: 1
04-13 16:58:43.493   601   601 D DisplayFeatureService: Init operation ->  featureId: 2
04-13 16:58:43.493   601   601 D DisplayFeatureService: Init operation ->  featureId: 2
04-13 16:58:43.493   601   601 D DisplayFeatureService: Init operation ->  featureId: 3
04-13 16:58:43.493   601   601 D DisplayFeatureService: Init operation ->  featureId: 3
04-13 16:58:43.501   601   601 I displayfeature: ServiceManager: 0x7f78e3d0c0
04-13 16:58:43.507   641   641 I ssr_setup: Using persist.sys.ssr.restart_level for ssr_setup
04-13 16:58:43.507   601   601 I DisplayFeatureService: add DisplayFeatureControl into ServiceManager
04-13 16:58:43.507   641   641 I ssr_setup: Enabling SSR for subsys0
04-13 16:58:43.507   641   641 I ssr_setup: Enabling SSR for subsys1
04-13 16:58:43.507   641   641 I ssr_setup: Enabling SSR for subsys2
04-13 16:58:43.507   641   641 I ssr_setup: Enabling SSR for subsys3
04-13 16:58:43.507   641   641 I ssr_setup: Enabling SSR for subsys4
04-13 16:58:43.507   641   641 I ssr_setup: Enabling SSR for subsys5
04-13 16:58:43.539   573   573 W sh      : type=1400 audit(0.0:10): avc: denied { write } for name="/" dev="tmpfs" ino=15308 scontext=u:r:qti_init_shell:s0 tcontext=u:object_r:device:s0 tclass=dir permissive=0
04-13 16:58:43.587   582   582 D libEGL  : loaded /vendor/lib64/egl/libGLESv1_CM_adreno.so
04-13 16:58:43.598   582   582 D libEGL  : loaded /vendor/lib64/egl/libGLESv2_adreno.so
04-13 16:58:43.622   582   582 I Adreno  : QUALCOMM build                   : 4f3d4bc, I07a8b16b27
04-13 16:58:43.622   582   582 I Adreno  : Build Date                       : 10/26/17
04-13 16:58:43.622   582   582 I Adreno  : OpenGL ES Shader Compiler Version: XE031.09.00.04
04-13 16:58:43.622   582   582 I Adreno  : Local Branch                     : mybranch28842968
04-13 16:58:43.622   582   582 I Adreno  : Remote Branch                    : quic/gfx-adreno.lnx.1.0.r5-rel
04-13 16:58:43.622   582   582 I Adreno  : Remote Branch                    : NONE
04-13 16:58:43.622   582   582 I Adreno  : Reconstruct Branch               : NOTHING
04-13 16:58:43.689   668   668 W sensors.qcom: type=1400 audit(0.0:11): avc: denied { ioctl } for path="/dev/diag" dev="tmpfs" ino=2919 ioctlcmd=20 scontext=u:r:sensors:s0 tcontext=u:object_r:diag_device:s0 tclass=chr_file permissive=0
04-13 16:58:43.720   668   675 E Sensors : sns_reg.c(459):sys.panel.vendor is not available, retry again
04-13 16:58:43.759   582   582 I SDM     : ExtensionInterface::CreateExtensionInterface: 
04-13 16:58:43.759   582   582 I SDM     : SDM-EXTENSION Version: Date: 11/22/16, Commit: 29a3465, Change: I1169f3803a
04-13 16:58:43.764   582   582 I SDM     : HWInfo::GetHWResourceInfo: SDE Version = 500, SDE Revision = 10070002, RGB = 4, VIG = 4, DMA = 2, Cursor = 2
04-13 16:58:43.765   582   582 I SDM     : HWInfo::GetHWResourceInfo: Upscale Ratio = 20, Downscale Ratio = 4, Blending Stages = 7
04-13 16:58:43.765   582   582 I SDM     : HWInfo::GetHWResourceInfo: SourceSplit = 1 QSEED3 = 0
04-13 16:58:43.765   582   582 I SDM     : HWInfo::GetHWResourceInfo: BWC = 0, UBWC = 1, Decimation = 1, Tile Format = 0 Concurrent Writeback = 0
04-13 16:58:43.766   582   582 I SDM     : HWInfo::GetHWResourceInfo: MaxLowBw = 9600000 , MaxHighBw = 9600000
04-13 16:58:43.766   582   582 I SDM     : HWInfo::GetHWResourceInfo: MaxPipeBw = 4500000 KBps, MaxSDEClock = 412500000 Hz, ClockFudgeFactor = 1.050000
04-13 16:58:43.771   582   582 I SDM     : HWInfo::GetHWResourceInfo: Prefill factors: Tiled_NV12 = 8, Tiled = 4, Linear = 1, Scale = 1, Fudge_factor = 2
04-13 16:58:43.772   582   582 I SDM     : HWInfo::GetMDSSRotatorInfo: MDSS Rotator: Count = 2, Downscale = 1
04-13 16:58:43.790   582   582 I SDM     : CoreInterface::CreateCore: Open interface handle = 0x7f8586aa00
04-13 16:58:43.794   582   582 I SDM     : HWInfo::GetFirstDisplayInterfaceType: First display is internal display
04-13 16:58:43.798   582   582 I SDM     : CPUHint::Init: CPU Hint Pre-enable Window 50
04-13 16:58:43.801   582   582 I SDM     : CPUHint::Init: Successfully Loaded Vendor Extension Library symbols
04-13 16:58:43.803   582   582 I SDM     : HWDevice::GetHWPanelMaxBrightnessFromNode: Max brightness level = 4095
04-13 16:58:43.805   582   582 I SDM     : HWDevice::GetHWPanelMaxBrightnessFromNode: Max brightness level = 4095
04-13 16:58:43.805   582   582 I SDM     : HWDevice::PopulateHWPanelInfo: Device type = 0, Display Port = 1, Display Mode = 2, Device Node = 0, Is Primary = 1
04-13 16:58:43.805   582   582 I SDM     : HWDevice::PopulateHWPanelInfo: Partial Update = 0, Dynamic FPS = 0
04-13 16:58:43.805   582   582 I SDM     : HWDevice::PopulateHWPanelInfo: Align: left = 0, width = 0, top = 0, height = 0
04-13 16:58:43.805   582   582 I SDM     : HWDevice::PopulateHWPanelInfo: ROI: min_width = 0, min_height = 0, need_merge = 0
04-13 16:58:43.805   582   582 I SDM     : HWDevice::PopulateHWPanelInfo: FPS: min = 0, max =0
04-13 16:58:43.805   582   582 I SDM     : HWDevice::PopulateHWPanelInfo: Left Split = 0, Right Split = 0
04-13 16:58:43.806   582   582 I SDM     : HWInfo::GetHWResourceInfo: SDE Version = 500, SDE Revision = 10070002, RGB = 4, VIG = 4, DMA = 2, Cursor = 2
04-13 16:58:43.809   582   582 I SDM     : HWInfo::GetHWResourceInfo: Upscale Ratio = 20, Downscale Ratio = 4, Blending Stages = 7
04-13 16:58:43.811   582   582 I SDM     : HWInfo::GetHWResourceInfo: SourceSplit = 1 QSEED3 = 0
04-13 16:58:43.814   582   582 I SDM     : HWInfo::GetHWResourceInfo: BWC = 0, UBWC = 1, Decimation = 1, Tile Format = 0 Concurrent Writeback = 0
04-13 16:58:43.818   582   582 I SDM     : HWInfo::GetHWResourceInfo: MaxLowBw = 9600000 , MaxHighBw = 9600000
04-13 16:58:43.820   582   582 I SDM     : HWInfo::GetHWResourceInfo: MaxPipeBw = 4500000 KBps, MaxSDEClock = 412500000 Hz, ClockFudgeFactor = 1.050000
04-13 16:58:43.824   582   582 I SDM     : HWInfo::GetHWResourceInfo: Prefill factors: Tiled_NV12 = 8, Tiled = 4, Linear = 1, Scale = 1, Fudge_factor = 2
04-13 16:58:43.826   582   582 I SDM     : HWInfo::GetMDSSRotatorInfo: MDSS Rotator: Count = 2, Downscale = 1
04-13 16:58:43.829   582   582 I SDM     : HWDevice::GetHWPanelMaxBrightnessFromNode: Max brightness level = 4095
04-13 16:58:43.832   582   582 I SDM     : HWDevice::GetHWPanelMaxBrightnessFromNode: Max brightness level = 4095
04-13 16:58:43.832   582   582 W SDM     : HWDevice::GetHWPanelInfoByNode: Failed to open msm_fb_panel_info node device node 2
04-13 16:58:43.832   582   582 I SDM     : HWDevice::GetHWPanelMaxBrightnessFromNode: Max brightness level = 4095
04-13 16:58:43.834   582   582 I SDM     : HWDevice::GetHWPanelMaxBrightnessFromNode: Max brightness level = 4095
04-13 16:58:43.839   582   582 W SDM     : HWDevice::GetHWPanelInfoByNode: Failed to open msm_fb_panel_info node device node 2
04-13 16:58:43.842   582   582 I SDM     : HWInfo::GetHWResourceInfo: SDE Version = 500, SDE Revision = 10070002, RGB = 4, VIG = 4, DMA = 2, Cursor = 2
04-13 16:58:43.843   582   582 I SDM     : HWInfo::GetHWResourceInfo: Upscale Ratio = 20, Downscale Ratio = 4, Blending Stages = 7
04-13 16:58:43.846   582   582 I SDM     : HWInfo::GetHWResourceInfo: SourceSplit = 1 QSEED3 = 0
04-13 16:58:43.848   582   582 I SDM     : HWInfo::GetHWResourceInfo: BWC = 0, UBWC = 1, Decimation = 1, Tile Format = 0 Concurrent Writeback = 0
04-13 16:58:43.852   582   582 I SDM     : HWInfo::GetHWResourceInfo: MaxLowBw = 9600000 , MaxHighBw = 9600000
04-13 16:58:43.854   582   582 I SDM     : HWInfo::GetHWResourceInfo: MaxPipeBw = 4500000 KBps, MaxSDEClock = 412500000 Hz, ClockFudgeFactor = 1.050000
04-13 16:58:43.856   582   582 I SDM     : HWInfo::GetHWResourceInfo: Prefill factors: Tiled_NV12 = 8, Tiled = 4, Linear = 1, Scale = 1, Fudge_factor = 2
04-13 16:58:43.859   582   582 W surfaceflinger: type=1400 audit(0.0:12): avc: denied { read write } for name="diag" dev="tmpfs" ino=2919 scontext=u:r:surfaceflinger:s0 tcontext=u:object_r:diag_device:s0 tclass=chr_file permissive=0
04-13 16:58:43.860   582   582 I SDM     : HWInfo::GetMDSSRotatorInfo: MDSS Rotator: Count = 2, Downscale = 1
04-13 16:58:43.861   582   582 W SDM     : ColorManager::CreateColorManagerProxy: PAV2 version is versions = 11, version = 11 
04-13 16:58:43.864   582   582 I SDM     : DisplayBase::SetFrameBufferConfig: New framebuffer resolution (1080x1920)
04-13 16:58:43.868   582   582 I SDM     : HWCDisplay::SetFrameBufferResolution: New framebuffer resolution (1080x1920)
04-13 16:58:43.872   582   582 I SDM     : HWCColorManager::CreateColorManager: Successfully loaded libsdm-disp-apis.so
04-13 16:58:43.879   582   582 E Diag_Lib:  Diag_LSM_Init: Failed to open handle to diag driver, error = 13
04-13 16:58:43.882   582   582 E SDM     : QdcmDiagCmdTransport::RegisterCommProtocol: Diag_LSM_Init() failed.
04-13 16:58:43.887   582   582 E SDM     : QdcmDiagCmdTransport::Init: Failed to register to diag
04-13 16:58:43.890   582   582 I SDM     : HWCColorManager::CreateColorManager: Successfully loaded libsdm-disp-apis.so and libsdm-diag.so and diag_init'ed
04-13 16:58:43.892   582   582 I SurfaceFlinger: Using composer version 1.5
04-13 16:58:43.897   582   582 W SDM     : HWCDisplay::GetDisplayAttributes: Spurious attribute type = 6
04-13 16:58:43.904   582   582 I SurfaceFlinger: EGL information:
04-13 16:58:43.906   582   582 I SurfaceFlinger: vendor    : Android
04-13 16:58:43.911   582   582 I SurfaceFlinger: version   : 1.4 Android META-EGL
04-13 16:58:43.916   582   582 I SurfaceFlinger: extensions: EGL_KHR_get_all_proc_addresses EGL_ANDROID_presentation_time EGL_KHR_swap_buffers_with_damage EGL_ANDROID_create_native_client_buffer EGL_ANDROID_front_buffer_auto_refresh EGL_KHR_image EGL_KHR_image_base EGL_KHR_lock_surface EGL_KHR_gl_texture_2D_image EGL_KHR_gl_texture_3D_image EGL_KHR_gl_texture_cubemap_image EGL_KHR_gl_renderbuffer_image EGL_KHR_reusable_sync EGL_KHR_fence_sync EGL_KHR_create_context EGL_KHR_surfaceless_context EGL_EXT_create_context_robustness EGL_ANDROID_image_native_buffer EGL_KHR_wait_sync EGL_ANDROID_recordable EGL_KHR_partial_update EGL_KHR_create_context_no_error EGL_KHR_mutable_render_buffer EGL_EXT_yuv_surface EGL_EXT_protected_content 
04-13 16:58:43.919   582   582 I SurfaceFlinger: Client API: OpenGL_ES
04-13 16:58:43.925   582   582 I SurfaceFlinger: EGLSurface: 8-8-8-8, config=0x7f859e7160
04-13 16:58:43.962   582   582 I SurfaceFlinger: OpenGL ES informations:
04-13 16:58:43.964   582   582 I SurfaceFlinger: vendor    : Qualcomm
04-13 16:58:43.965   463   632 I Cryptfs : keymaster module name is Keymaster QTI HAL
04-13 16:58:43.966   463   632 I Cryptfs : keymaster version is 256
04-13 16:58:43.966   582   582 I SurfaceFlinger: renderer  : Adreno (TM) 530
04-13 16:58:43.968   582   582 I SurfaceFlinger: version   : OpenGL ES 3.2 V@145.0 (GIT@I07a8b16b27)
04-13 16:58:43.968   463   632 I Cryptfs : Found keymaster1 module, using keymaster1 API.
04-13 16:58:43.971   463   632 D QSEECOMAPI: QSEECom_get_handle sb_length = 0xa000
04-13 16:58:43.971   582   582 I SurfaceFlinger: extensions: GL_OES_EGL_image GL_OES_EGL_image_external GL_OES_EGL_sync GL_OES_vertex_half_float GL_OES_framebuffer_object GL_OES_rgb8_rgba8 GL_OES_compressed_ETC1_RGB8_texture GL_AMD_compressed_ATC_texture GL_KHR_texture_compression_astc_ldr GL_KHR_texture_compression_astc_hdr GL_OES_texture_compression_astc GL_OES_texture_npot GL_EXT_texture_filter_anisotropic GL_EXT_texture_format_BGRA8888 GL_OES_texture_3D GL_EXT_color_buffer_float GL_EXT_color_buffer_half_float GL_QCOM_alpha_test GL_OES_depth24 GL_OES_packed_depth_stencil GL_OES_depth_texture GL_OES_depth_texture_cube_map GL_EXT_sRGB GL_OES_texture_float GL_OES_texture_float_linear GL_OES_texture_half_float GL_OES_texture_half_float_linear GL_EXT_texture_type_2_10_10_10_REV GL_EXT_texture_sRGB_decode GL_OES_element_index_uint GL_EXT_copy_image GL_EXT_geometry_shader GL_EXT_tessellation_shader GL_OES_texture_stencil8 GL_EXT_shader_io_blocks GL_OES_shader_image_atomic GL_OES_sample_variables GL_EXT_texture_border_clamp GL_EXT_multisampled_render_to_texture
04-13 16:58:43.971   463   632 D QSEECOMAPI: App is already loaded QSEE and app id = 4
04-13 16:58:43.975   582   582 I SurfaceFlinger: GL_MAX_TEXTURE_SIZE = 16384
04-13 16:58:43.977   463   632 E keymaster1_device: Keymaster Initialized
04-13 16:58:43.978   582   582 I SurfaceFlinger: GL_MAX_VIEWPORT_DIMS = 16384
04-13 16:58:43.978   463   632 E keymaster1_device: TA API Major Verion: 2
04-13 16:58:43.983   463   632 E keymaster1_device: TA API Minor Verion: 0
04-13 16:58:43.988   463   632 E keymaster1_device: TA Major Verion: 2
04-13 16:58:43.995   463   632 E keymaster1_device: TA Minor Verion: 24
04-13 16:58:43.996   463   632 E keymaster1_device: set_version_req->flags: 1
04-13 16:58:43.997   463   632 I Cryptfs : Signing safely-padded object
04-13 16:58:44.003   582   582 D SurfaceFlinger: Set power mode=2, type=0 flinger=0x7f85848180
04-13 16:58:44.003   582   582 I SDM     : HWCDisplay::SetPowerMode: display = 0, mode = 2
04-13 16:58:44.003   582   582 I SDM     : DisplayBase::SetDisplayState: Set state = 1, display 0
04-13 16:58:44.061   582   582 I SurfaceFlinger: Blur.initialize. minification:10000, blurRadius:3, useHighPrecision:0
04-13 16:58:44.185   463   632 E keymaster1_device: HwKmClose
04-13 16:58:44.191   463   632 D QSEECOMAPI: QSEECom_dealloc_memory 
04-13 16:58:44.191   463   632 D QSEECOMAPI: QSEECom_shutdown_app, app_id = 4
04-13 16:58:44.244   600   600 I Dpps    : static DppsServer *DppsServer::GetInstance(): DppsServer ref count increased to 1
04-13 16:58:44.246   600   600 I Dpps    : AbaContext():18 ABA context instantiation
04-13 16:58:44.247   600   600 I Dpps    : AmbientLightContext():17 AL context instantiation
04-13 16:58:44.249   600   600 I Dpps    : InitFeatureContext():171 Initialize feature context
04-13 16:58:44.255   600   600 I Dpps    : InitFeatureContext():203 ABA context is not enabled
04-13 16:58:44.257   600   600 I Dpps    : InitContext():69 display_fd 5, panel 0, sensor type 2 display_type 0
04-13 16:58:44.269   600   600 I Dpps    : OpenCommonSysfsFds():345 lcd_bl_event_fd_ is 9
04-13 16:58:44.270   600   600 I Dpps    : OpenCommonSysfsFds():354 blank_event_fd_ is 10
04-13 16:58:44.271   600   600 I Dpps    : OpenCommonSysfsFds():362 lcd_brightness_fd_ is 11
04-13 16:58:44.272   690   690 I BootAnimation: bootanimation launching ...
04-13 16:58:44.273   600   600 I Dpps    : SelectLightSensor():468 sensor_type 2
04-13 16:58:44.274   600   600 I Dpps    : SelectLightSensor():471 sensor_type_ 2
04-13 16:58:44.275   600   600 I Dpps    : InitLightSensor():503 sensor_type_ 2
04-13 16:58:44.275   600   600 I Dpps    : InitLightSensor():524 light sensor initialization ret 0
04-13 16:58:44.276   600   600 I Dpps    : CreateAmbientLightThread():141 Create AL thread
04-13 16:58:44.284   600   600 I Dpps    : CreateAmbientLightThread():160 Create AL thread done ret 0
04-13 16:58:44.284   600   698 I Dpps    : PollThreadLoop():111 Getting manager and light sensor instance
04-13 16:58:44.285   600   600 I Dpps    : InitFeatureContext():223 Initialize feature context done ret 0
04-13 16:58:44.287   600   698 I ServiceManager: Waiting for service permission...
04-13 16:58:44.292   600   700 I Dpps    : ProcessAmbientLightThread():98 AL thread execution started
04-13 16:58:44.439   702   702 I panel-info-sh: Get panel_vendor unsuccessfully, try again... 
04-13 16:58:44.478   582   582 D SurfaceFlinger: shader cache generated - 24 shaders in 415.249268 ms
04-13 16:58:44.485   582   582 D qdutils : DEBUG_CALC_FPS: 0
04-13 16:58:44.485   582   582 D qdutils : period: 10
04-13 16:58:44.485   582   582 D qdutils : ignorethresh_us: 500000
04-13 16:58:44.489   690   699 D libEGL  : loaded /vendor/lib64/egl/libEGL_adreno.so
04-13 16:58:44.508   690   699 D libEGL  : loaded /vendor/lib64/egl/libGLESv1_CM_adreno.so
04-13 16:58:44.519   690   699 D libEGL  : loaded /vendor/lib64/egl/libGLESv2_adreno.so
04-13 16:58:44.530   690   699 I Adreno  : QUALCOMM build                   : 4f3d4bc, I07a8b16b27
04-13 16:58:44.530   690   699 I Adreno  : Build Date                       : 10/26/17
04-13 16:58:44.530   690   699 I Adreno  : OpenGL ES Shader Compiler Version: XE031.09.00.04
04-13 16:58:44.530   690   699 I Adreno  : Local Branch                     : mybranch28842968
04-13 16:58:44.530   690   699 I Adreno  : Remote Branch                    : quic/gfx-adreno.lnx.1.0.r5-rel
04-13 16:58:44.530   690   699 I Adreno  : Remote Branch                    : NONE
04-13 16:58:44.530   690   699 I Adreno  : Reconstruct Branch               : NOTHING
04-13 16:58:44.547   690   699 E BootAnimation: couldn't find audio_conf.txt
04-13 16:58:44.693   463   632 D         : HW based disk encryption is enabled 
04-13 16:58:44.695   463   632 D         : Success loading QSEECom_create_key 
04-13 16:58:44.695   463   632 D         : Success loading QSEECom_update_key_user_info
04-13 16:58:44.695   463   632 D         : Success loading QSEECom_wipe_key 
04-13 16:58:44.695   463   632 E         : get_tmp_passwd: Passed argument is NULL 
04-13 16:58:44.721   668   675 E Sensors : sns_reg.c(459):sys.panel.vendor is not available, retry again
04-13 16:58:44.942   463   632 E QSEECOMAPI: SUCESS::ioctl call to create encryption key for usage 3 success with ret = 0
04-13 16:58:44.942   463   632 I Cryptfs : Ascii password was updated
04-13 16:58:44.946   463   632 D         : HW based disk encryption is enabled 
04-13 16:58:44.946   463   632 D         : HW based disk encryption is enabled 
04-13 16:58:44.947   463   632 I Cryptfs : target_type = req-crypt
04-13 16:58:44.947   463   632 I Cryptfs : real_blk_name = /dev/block/bootdevice/by-name/userdata, extra_params = fde_enabled ice
04-13 16:58:44.948   463   472 D vold    : Disk at 253:1 changed
04-13 16:58:44.948   463   632 D Cryptfs : Password is default - restarting filesystem
04-13 16:58:44.950   463   632 D Cryptfs : unmounting /data succeeded
04-13 16:58:45.017   569   569 D tftp_server: pid=569 tid=569 tftp-server : DBG :[tftp_os_wakelocks_la.c, 304] Wake-lock acquired successfully
04-13 16:58:45.017   569   569 D tftp_server: pid=569 tid=569 tftp-server : DBG :[tftp_server.c, 597] Server waiting for client-connection.
04-13 16:58:45.017   569   722 D tftp_server: pid=569 tid=722 tftp-server : DBG :[tftp_server_utils.c, 101] Normalized file [/readwrite/server_check.txt] to : [/system/rfs/msm/adsp/readwrite/server_chec
04-13 16:58:45.017   569   569 D tftp_server: pid=569 tid=569 tftp-server : DBG :[tftp_server.c, 597] Server waiting for client-connection.
04-13 16:58:45.017   569   723 D tftp_server: pid=569 tid=723 tftp-server : DBG :[tftp_server_utils.c, 101] Normalized file [/readwrite/server_check.txt] to : [/system/rfs/msm/adsp/readwrite/server_chec
04-13 16:58:45.018   569   722 D tftp_server: pid=569 tid=722 tftp-server : DBG :[tftp_server.c, 721] Using temp file[/system/rfs/msm/adsp/readwrite/server_check.txt.rfs_tmp] for atomic put
04-13 16:58:45.018   569   723 D tftp_server: pid=569 tid=723 tftp-server : DBG :[tftp_server.c, 721] Using temp file[/system/rfs/msm/adsp/readwrite/server_check.txt.rfs_tmp] for atomic put
04-13 16:58:45.023   569   722 D tftp_server: pid=569 tid=722 tftp-server : DBG :[tftp_server.c, 1203] Rename failed for atomic put error=2[No such file or directory], [/system/rfs/msm/adsp/readwrite/se
04-13 16:58:45.023   569   723 D tftp_server: pid=569 tid=723 tftp-server : DBG :[tftp_protocol.c, 1301] Sent last ACK: *Waiting* on reply.
04-13 16:58:45.023   569   722 E tftp_server: pid=569 tid=722 tftp-server : ERR :[tftp_protocol.c, 1143] sending error-pkt. Code = 1, Msg = Err=2 String=No such file or directory
04-13 16:58:45.023   569   722 D tftp_server: pid=569 tid=722 tftp-server : DBG :[tftp_server.c, 1267] WRQ stats : total-blocks = 1 : total-bytes = 5 : 0 timedout-pkts = 0, wrong-pkts = 0
04-13 16:58:45.023   569   722 E tftp_server: pid=569 tid=722 tftp-server : ERR :[tftp_server.c, 1279] WRQ send failed with an ERROR.
04-13 16:58:45.023   569   722 D tftp_server: pid=569 tid=722 tftp-server : DBG :[tftp_server.c, 1514] WRQ stats in us:
04-13 16:58:45.024   569   722 D tftp_server: pid=569 tid=722 tftp-server : DBG :[tftp_server.c, 1515] Total API = 6435
04-13 16:58:45.024   569   722 D tftp_server: pid=569 tid=722 tftp-server : DBG :[tftp_server.c, 1517] Total-TX = 156
04-13 16:58:45.024   569   722 D tftp_server: pid=569 tid=722 tftp-server : DBG :[tftp_server.c, 1519] Total-RX = 848
04-13 16:58:45.024   569   722 D tftp_server: pid=569 tid=722 tftp-server : DBG :[tftp_server.c, 1521] Max-TX = 81
04-13 16:58:45.024   569   722 D tftp_server: pid=569 tid=722 tftp-server : DBG :[tftp_server.c, 1523] Max-RX = 848
04-13 16:58:45.024   569   722 D tftp_server: pid=569 tid=722 tftp-server : DBG :[tftp_server.c, 1525] Min-TX = 75
04-13 16:58:45.024   569   722 D tftp_server: pid=569 tid=722 tftp-server : DBG :[tftp_server.c, 1527] Min-RX = 848
04-13 16:58:45.052   575   631 D PerMgrSrv: modem new state: is on-line
04-13 16:58:45.152   568   568 I rmt_storage: rmt_storage_connect_cb: clnt_h=0x1 conn_h=0x7f86c2a000
04-13 16:58:45.153   568   568 I rmt_storage: rmt_storage_open_cb: /boot/modem_fs1: clnt_h=0x1: req_h=0x1 msg_id=1: Client found
04-13 16:58:45.153   568   728 I rmt_storage: rmt_storage_client_thread: /boot/modem_fs1: clnt_h=0x1 Worker thread started
04-13 16:58:45.153   568   568 I rmt_storage: rmt_storage_open_cb: /boot/modem_fs1: clnt_h=0x1: req_h=0x1 msg_id=1: Send response: res=0 err=0
04-13 16:58:45.153   568   728 I rmt_storage: wake lock name: rmt_storage_547719476304, name creation success: 24
04-13 16:58:45.153   568   568 I rmt_storage: rmt_storage_disconnect_cb: clnt_h=0x1 conn_h=0x7f86c2a000
04-13 16:58:45.153   568   568 I rmt_storage: rmt_storage_connect_cb: clnt_h=0x2 conn_h=0x7f86c2a000
04-13 16:58:45.153   568   568 I rmt_storage: rmt_storage_open_cb: /boot/modem_fs2: clnt_h=0x2: req_h=0x2 msg_id=1: Client found
04-13 16:58:45.153   568   729 I rmt_storage: rmt_storage_client_thread: /boot/modem_fs2: clnt_h=0x2 Worker thread started
04-13 16:58:45.153   568   568 I rmt_storage: rmt_storage_open_cb: /boot/modem_fs2: clnt_h=0x2: req_h=0x2 msg_id=1: Send response: res=0 err=0
04-13 16:58:45.153   568   729 I rmt_storage: wake lock name: rmt_storage_547718440016, name creation success: 24
04-13 16:58:45.154   568   568 I rmt_storage: rmt_storage_disconnect_cb: clnt_h=0x2 conn_h=0x7f86c2a000
04-13 16:58:45.154   568   568 I rmt_storage: rmt_storage_connect_cb: clnt_h=0x3 conn_h=0x7f86c2a000
04-13 16:58:45.154   568   568 I rmt_storage: rmt_storage_open_cb: /boot/modem_fsg: clnt_h=0x3: req_h=0x3 msg_id=1: Client found
04-13 16:58:45.154   568   568 I rmt_storage: rmt_storage_open_cb: /boot/modem_fsg: clnt_h=0x3: req_h=0x3 msg_id=1: Send response: res=0 err=0
04-13 16:58:45.154   568   730 I rmt_storage: rmt_storage_client_thread: /boot/modem_fsg: clnt_h=0x3 Worker thread started
04-13 16:58:45.154   568   730 I rmt_storage: wake lock name: rmt_storage_547717403728, name creation success: 24
04-13 16:58:45.154   568   568 I rmt_storage: rmt_storage_disconnect_cb: clnt_h=0x3 conn_h=0x7f86c2a000
04-13 16:58:45.154   568   568 I rmt_storage: rmt_storage_connect_cb: clnt_h=0x4 conn_h=0x7f86c2a000
04-13 16:58:45.154   568   568 I rmt_storage: rmt_storage_open_cb: /boot/modem_fsc: clnt_h=0x4: req_h=0x4 msg_id=1: Client found
04-13 16:58:45.154   568   731 I rmt_storage: rmt_storage_client_thread: /boot/modem_fsc: clnt_h=0x4 Worker thread started
04-13 16:58:45.154   568   568 I rmt_storage: rmt_storage_open_cb: /boot/modem_fsc: clnt_h=0x4: req_h=0x4 msg_id=1: Send response: res=0 err=0
04-13 16:58:45.154   568   731 I rmt_storage: wake lock name: rmt_storage_547716367440, name creation success: 24
04-13 16:58:45.155   568   568 I rmt_storage: rmt_storage_disconnect_cb: clnt_h=0x4 conn_h=0x7f86c2a000
04-13 16:58:45.155   568   568 I rmt_storage: rmt_storage_connect_cb: clnt_h=0x5 conn_h=0x7f86c2a000
04-13 16:58:45.155   568   568 I rmt_storage: rmt_storage_alloc_buff_cb: /boot/modem_fs1: clnt_h=0x5: req_h=0x5 msg_id=4: Alloc request received: Size: 0
04-13 16:58:45.155   568   568 I rmt_storage: rmt_storage_alloc_buff_cb: /boot/modem_fs1: clnt_h=0x5: req_h=0x5 msg_id=4: New client making a dummy request with buffer req size 0
04-13 16:58:45.155   568   568 I rmt_storage: rmt_storage_alloc_buff_cb: /boot/modem_fs1: clnt_h=0x5: req_h=0x5 msg_id=4: Send response: res=0 err=0
04-13 16:58:45.156   568   568 I rmt_storage: rmt_storage_disconnect_cb: clnt_h=0x5 conn_h=0x7f86c2a000
04-13 16:58:45.156   568   568 I rmt_storage: rmt_storage_connect_cb: clnt_h=0x6 conn_h=0x7f86c2a000
04-13 16:58:45.156   568   568 I rmt_storage: rmt_storage_rw_iovec_cb: /boot/modem_fs1: clnt_h=0x6: req_h=0x6 msg_id=3: R/W request received
04-13 16:58:45.156   568   568 I rmt_storage: wakelock acquired: 1, error no: 42
04-13 16:58:45.156   568   728 I rmt_storage: rmt_storage_client_thread: /boot/modem_fs1: clnt_h=0x6 Unblock worker thread (th_id: 547719476304)
04-13 16:58:45.157   568   728 I rmt_storage: rmt_storage_client_thread: /boot/modem_fs1: clnt_h=0x6: req_h=0x6 msg_id=3: Bytes read = 512
04-13 16:58:45.157   568   728 I rmt_storage: rmt_storage_client_thread: /boot/modem_fs1: clnt_h=0x6: req_h=0x6 msg_id=3: Send response: res=0 err=0
04-13 16:58:45.158   568   728 I rmt_storage: rmt_storage_client_thread: /boot/modem_fs1: clnt_h=0x6 About to block rmt_storage client thread (th_id: 547719476304) wakelock released: 1, error no: 0
04-13 16:58:45.158   568   728 I rmt_storage: 
04-13 16:58:45.158   568   568 I rmt_storage: rmt_storage_disconnect_cb: clnt_h=0x6 conn_h=0x7f86c2a000
04-13 16:58:45.158   568   568 I rmt_storage: rmt_storage_connect_cb: clnt_h=0x7 conn_h=0x7f86c2a000
04-13 16:58:45.158   568   568 I rmt_storage: rmt_storage_rw_iovec_cb: /boot/modem_fs2: clnt_h=0x7: req_h=0x7 msg_id=3: R/W request received
04-13 16:58:45.158   568   568 I rmt_storage: wakelock acquired: 1, error no: 42
04-13 16:58:45.158   568   729 I rmt_storage: rmt_storage_client_thread: /boot/modem_fs2: clnt_h=0x7 Unblock worker thread (th_id: 547718440016)
04-13 16:58:45.158   568   729 I rmt_storage: rmt_storage_client_thread: /boot/modem_fs2: clnt_h=0x7: req_h=0x7 msg_id=3: Bytes read = 512
04-13 16:58:45.159   568   729 I rmt_storage: rmt_storage_client_thread: /boot/modem_fs2: clnt_h=0x7: req_h=0x7 msg_id=3: Send response: res=0 err=0
04-13 16:58:45.159   568   729 I rmt_storage: rmt_storage_client_thread: /boot/modem_fs2: clnt_h=0x7 About to block rmt_storage client thread (th_id: 547718440016) wakelock released: 1, error no: 0
04-13 16:58:45.159   568   729 I rmt_storage: 
04-13 16:58:45.159   568   568 I rmt_storage: rmt_storage_disconnect_cb: clnt_h=0x7 conn_h=0x7f86c2a000
04-13 16:58:45.161   568   568 I rmt_storage: rmt_storage_connect_cb: clnt_h=0x8 conn_h=0x7f86c2a000
04-13 16:58:45.161   568   568 I rmt_storage: rmt_storage_rw_iovec_cb: /boot/modem_fs1: clnt_h=0x8: req_h=0x8 msg_id=3: R/W request received
04-13 16:58:45.161   568   568 I rmt_storage: wakelock acquired: 1, error no: 42
04-13 16:58:45.161   568   728 I rmt_storage: rmt_storage_client_thread: /boot/modem_fs1: clnt_h=0x8 Unblock worker thread (th_id: 547719476304)
04-13 16:58:45.168   568   728 I rmt_storage: rmt_storage_client_thread: /boot/modem_fs1: clnt_h=0x8: req_h=0x8 msg_id=3: Bytes read = 2096128
04-13 16:58:45.169   568   728 I rmt_storage: rmt_storage_client_thread: /boot/modem_fs1: clnt_h=0x8: req_h=0x8 msg_id=3: Send response: res=0 err=0
04-13 16:58:45.169   568   728 I rmt_storage: rmt_storage_client_thread: /boot/modem_fs1: clnt_h=0x8 About to block rmt_storage client thread (th_id: 547719476304) wakelock released: 1, error no: 0
04-13 16:58:45.169   568   728 I rmt_storage: 
04-13 16:58:45.169   568   568 I rmt_storage: rmt_storage_disconnect_cb: clnt_h=0x8 conn_h=0x7f86c2a000
04-13 16:58:45.291   600   698 I ServiceManager: Waiting for service permission...
04-13 16:58:45.299   569   569 D tftp_server: pid=569 tid=569 tftp-server : DBG :[tftp_server.c, 597] Server waiting for client-connection.
04-13 16:58:45.300   569   732 D tftp_server: pid=569 tid=732 tftp-server : DBG :[tftp_server_utils.c, 101] Normalized file [/readwrite/server_check.txt] to : [/system/rfs/msm/mpss/readwrite/server_chec
04-13 16:58:45.300   569   732 D tftp_server: pid=569 tid=732 tftp-server : DBG :[tftp_server.c, 721] Using temp file[/system/rfs/msm/mpss/readwrite/server_check.txt.rfs_tmp] for atomic put
04-13 16:58:45.303   569   732 D tftp_server: pid=569 tid=732 tftp-server : DBG :[tftp_protocol.c, 1301] Sent last ACK: *Waiting* on reply.
04-13 16:58:45.460   736   736 I panel-info-sh: Get panel_vendor unsuccessfully, try again... 
04-13 16:58:45.623   463   632 D Cryptfs : Just triggered post_fs_data
04-13 16:58:45.687   463   474 D vold    : e4crypt_init_user0
04-13 16:58:45.687   463   474 D vold    : e4crypt_prepare_user_storage for volume null, user 0, serial 0, flags 1
04-13 16:58:45.687   463   474 D vold    : Preparing: /data/system/users/0
04-13 16:58:45.687   463   474 D vold    : Preparing: /data/misc/profiles/cur/0
04-13 16:58:45.688   463   474 D vold    : Preparing: /data/misc/profiles/cur/0/foreign-dex
04-13 16:58:45.688   463   474 D vold    : Preparing: /data/system_de/0
04-13 16:58:45.688   463   474 D vold    : Preparing: /data/misc_de/0
04-13 16:58:45.689   463   474 D vold    : Preparing: /data/user_de/0
04-13 16:58:45.689   463   474 D vold    : e4crypt_unlock_user_key 0 serial=0 token_present=0
04-13 16:58:45.690     1     1 I vdc     : 200 740 Command succeeded
04-13 16:58:45.702   741   741 I /system/bin/tzdatacheck: tzdata file /data/misc/zoneinfo/current/tzdata does not exist. No action required.
04-13 16:58:45.719     1     1 W init    : type=1400 audit(0.0:13): avc: denied { getattr } for path="/sys/kernel/debug/system_stats" dev="debugfs" ino=2318 scontext=u:r:init:s0 tcontext=u:object_r:debugfs_ro:s0 tclass=file permissive=0
04-13 16:58:45.719     1     1 W init    : type=1400 audit(0.0:14): avc: denied { getattr } for path="/sys/kernel/debug/msm_subsys/modem" dev="debugfs" ino=14805 scontext=u:r:init:s0 tcontext=u:object_r:debugfs_subsys:s0 tclass=file permissive=0
04-13 16:58:45.721   668   675 E Sensors : sns_reg.c(500):sys.panel.color is 4
04-13 16:58:45.723   463   632 D Cryptfs : post_fs_data done
04-13 16:58:45.724   463   632 D Cryptfs : Just triggered restart_framework
04-13 16:58:45.744   744   744 I bootstat: Service started: /system/bin/bootstat -r post_decrypt_time_elapsed 
04-13 16:58:45.768   745   745 D nv_mac  : Reading wlan mac addr from nv...
04-13 16:58:45.769   752   752 E adsprpc : vendor/qcom/proprietary/adsprpc/src/adsprpcd.c:26:adsp daemon starting
04-13 16:58:45.771   745   745 E QC-QMI  : qmi_client [-1] QMUXD disabled
04-13 16:58:45.772   745   745 E QC-QMI  : qmi_qmux_if_pwr_up_init_ex:  Initialization failed, rc = -6
04-13 16:58:45.772   745   745 E QMI_FW  : QMUXD: WARNING qmi_qmux_if_pwr_up_init failed! rc=-6
04-13 16:58:45.772   745   745 D qmi_nv_api: XIAOMI_QMI_NV: qmi_client_get_service_list() returned 0 num_services = 1
04-13 16:58:45.772   745   745 D qmi_nv_api: XIAOMI_QMI_NV: qmi_client_get_service_list() returned 0 num_entries = 1 num_services = 1
04-13 16:58:45.773   745   745 D qmi_nv_api: XIAOMI_QMI_NV: NV Read with nv index 4678 index 0.
04-13 16:58:45.773   745   745 D qmi_nv_api: XIAOMI_QMI_NV: qmi_client_send_msg_async returned 0
04-13 16:58:45.777   746   746 D nv_fem  : Reading wlan fem vendor info from nv...
04-13 16:58:45.780   746   746 E QC-QMI  : qmi_client [-1] QMUXD disabled
04-13 16:58:45.780   746   746 E QC-QMI  : qmi_qmux_if_pwr_up_init_ex:  Initialization failed, rc = -6
04-13 16:58:45.781   746   746 E QMI_FW  : QMUXD: WARNING qmi_qmux_if_pwr_up_init failed! rc=-6
04-13 16:58:45.781   746   746 D qmi_nv_api: XIAOMI_QMI_NV: qmi_client_get_service_list() returned 0 num_services = 1
04-13 16:58:45.781   746   746 D qmi_nv_api: XIAOMI_QMI_NV: qmi_client_get_service_list() returned 0 num_entries = 1 num_services = 1
04-13 16:58:45.781   746   746 D qmi_nv_api: XIAOMI_QMI_NV: NV Read with nv index 6855 index 0.
04-13 16:58:45.781   746   746 D qmi_nv_api: XIAOMI_QMI_NV: qmi_client_send_msg_async returned 0
04-13 16:58:45.783   746   767 D qmi_nv_api: XIAOMI_QMI_NV: Read NV Response: 5, Length: 0
04-13 16:58:45.784   746   746 D nv_fem  : wlan fem vendor info: 0
04-13 16:58:45.785   745   764 D qmi_nv_api: XIAOMI_QMI_NV: Read NV Response: 0, Length: 0
04-13 16:58:45.786   745   745 D nv_mac  : wlan mac addr: b0:e2:35:c7:0e:f6
04-13 16:58:45.787   745   745 D nv_mac  : Reading bluetooth mac addr from nv...
04-13 16:58:45.787   745   745 D qmi_nv_api: XIAOMI_QMI_NV: qmi_client_get_service_list() returned 0 num_services = 1
04-13 16:58:45.787   745   745 D qmi_nv_api: XIAOMI_QMI_NV: qmi_client_get_service_list() returned 0 num_entries = 1 num_services = 1
04-13 16:58:45.787   745   745 D qmi_nv_api: XIAOMI_QMI_NV: NV Read with nv index 447 index 0.
04-13 16:58:45.788   745   745 D qmi_nv_api: XIAOMI_QMI_NV: qmi_client_send_msg_async returned 0
04-13 16:58:45.791   745   768 D qmi_nv_api: XIAOMI_QMI_NV: Read NV Response: 0, Length: 0
04-13 16:58:45.792   745   745 D nv_mac  : bt mac addr: f6:0e:a7:35:e2:b0
04-13 16:58:45.808   748   748 E QCOMSysDaemon: Can't find/open bootselect node: (No such file or directory)
04-13 16:58:45.808   748   748 I QCOMSysDaemon: Starting qcom system daemon
04-13 16:58:45.819   760   760 W otad    : type=1400 audit(0.0:15): avc: denied { getattr } for path="/system/rfs" dev="dm-0" ino=3818 scontext=u:r:otad:s0 tcontext=u:object_r:rfs_system_file:s0 tclass=dir permissive=0
04-13 16:58:45.871   752   752 E adsprpc : vendor/qcom/proprietary/adsprpc/src/adsp_default_listener.c:28:adsp_default_listener_start started
04-13 16:58:45.875   751   751 I ThermalEngine: Thermal daemon started
04-13 16:58:45.880   751   751 I ThermalEngine: dump enabled
04-13 16:58:45.884   751   751 I ThermalEngine: item: 0	thermal config: thermal-engine-8996.conf
04-13 16:58:45.884   751   751 I ThermalEngine: item: 1	thermal config: thermal-engine-8996-high.conf
04-13 16:58:45.885   751   751 I ThermalEngine: item: 8	thermal config: thermal-engine-8996-phone.conf
04-13 16:58:45.885   751   751 I ThermalEngine: item: 9	thermal config: thermal-engine-8996-sgame.conf
04-13 16:58:45.885   751   751 I ThermalEngine: main: use config file witch last set '/system/etc/thermal-engine-8996.conf'
04-13 16:58:45.886   751   751 I ThermalEngine: devices_manager_init: Init
04-13 16:58:45.886   751   751 I ThermalEngine: Number of gpus :1
04-13 16:58:45.887   751   751 I Thermal-IOCTL: KTM IOCTL interface "/dev/msm_thermal_query" opened
04-13 16:58:45.887   751   751 E ThermalEngine: update_cpu_topology: Cluster Info[0]. Cluster Id: 0 cpu_bits:0x3 sync:1
04-13 16:58:45.887   751   751 E ThermalEngine: update_cpu_topology: Cluster Info[1]. Cluster Id: 1 cpu_bits:0xc sync:1
04-13 16:58:45.887   751   751 I ThermalEngine: adding voltage device
04-13 16:58:45.888   751   751 I ThermalEngine: vdd_rstr_init: Init KTM VDD RSTR enabled: 0
04-13 16:58:45.889   751   751 I ThermalEngine: cpr_band_init: Could not read /sys/module/msm_thermal/cpr_band/curr_cpr_band
04-13 16:58:45.889   751   751 I ThermalEngine: sensors_manager_init: Init
04-13 16:58:45.890   754   754 E Energy-Aware: Freq 1804800 does not have power data
04-13 16:58:45.909   756   756 W mmbn-daemon: type=1400 audit(0.0:16): avc: denied { read } for name="name" dev="sysfs" ino=33248 scontext=u:r:mmbn-daemon:s0 tcontext=u:object_r:sysfs:s0 tclass=file permissive=0
04-13 16:58:45.921   756   756 E libmdmdetect: Failed to open /sys/bus/msm_subsys/devices/subsys0/name: Permission denied
04-13 16:58:45.975   751   751 E ThermalEngine: bcl_setup: Error opening /sys/devices/soc/soc:qcom,bcl/iavail
04-13 16:58:45.976   751   751 E ThermalEngine: add_tgt_sensors_set: Error adding bcl
04-13 16:58:45.976   751   751 E ThermalEngine: sensors_init: Error adding BCL TS
04-13 16:58:45.976   751   751 I ThermalEngine: Loading config file for virtual sensor
04-13 16:58:45.976   751   751 I ThermalEngine: Loading configuration file /data/decrypt.txt
04-13 16:58:45.976   751   751 I ThermalEngine: Parsing section global
04-13 16:58:45.978   751   751 I ThermalEngine: [VIRTUAL-CPUS]
04-13 16:58:45.978   751   751 I ThermalEngine: #algo_type virtual
04-13 16:58:45.978   751   751 I ThermalEngine: trip_sensor tsens_tz_sensor11
04-13 16:58:45.978   751   751 I ThermalEngine: set_point 75000
04-13 16:58:45.978   751   751 I ThermalEngine: set_point_clr 65000
04-13 16:58:45.978   751   751 I ThermalEngine: sensors tsens_tz_sensor4 tsens_tz_sensor6 tsens_tz_sensor9 tsens_tz_sensor11
04-13 16:58:45.978   751   751 I ThermalEngine: weights
04-13 16:58:45.978   751   751 I ThermalEngine: sampling 10
04-13 16:58:45.978   751   751 I ThermalEngine: math 2
04-13 16:58:45.979   751   751 I ThermalEngine: Loading configuration file /data/decrypt.txt
04-13 16:58:45.979   751   751 I ThermalEngine: Parsing section global
04-13 16:58:45.979   751   751 I ThermalEngine: Created section 'SS-CLUSTER1-SP0'
04-13 16:58:45.979   751   751 I ThermalEngine: Algo Type 'ss'
04-13 16:58:45.979   751   751 I ThermalEngine: Parsing section SS-CLUSTER1-SP0
04-13 16:58:45.979   751   751 I ThermalEngine: Found field 'sampling'
04-13 16:58:45.979   751   751 I ThermalEngine: Found field 'sensor'
04-13 16:58:45.979   751   751 I ThermalEngine: Found field 'device'
04-13 16:58:45.979   751   751 I ThermalEngine: Found field 'set_point'
04-13 16:58:45.979   751   751 I ThermalEngine: Found field 'set_point_clr'
04-13 16:58:45.980   751   751 I ThermalEngine: Found field 'time_constant'
04-13 16:58:45.980   751   751 I ThermalEngine: Found field 'device_perf_floor'
04-13 16:58:45.980   751   751 I ThermalEngine: Created section 'SS-CLUSTER1-SP1'
04-13 16:58:45.980   751   751 I ThermalEngine: Algo Type 'ss'
04-13 16:58:45.980   751   751 I ThermalEngine: Parsing section SS-CLUSTER1-SP1
04-13 16:58:45.980   751   751 I ThermalEngine: Found field 'sampling'
04-13 16:58:45.980   751   751 I ThermalEngine: Found field 'sensor'
04-13 16:58:45.980   751   751 I ThermalEngine: Found field 'device'
04-13 16:58:45.980   751   751 I ThermalEngine: Found field 'set_point'
04-13 16:58:45.980   751   751 I ThermalEngine: Found field 'set_point_clr'
04-13 16:58:45.980   751   751 I ThermalEngine: Found field 'time_constant'
04-13 16:58:45.980   751   751 I ThermalEngine: Found field 'device_perf_floor'
04-13 16:58:45.980   751   751 I ThermalEngine: Created section 'SS-CLUSTER1-SP2'
04-13 16:58:45.980   751   751 I ThermalEngine: Algo Type 'ss'
04-13 16:58:45.980   751   751 I ThermalEngine: Parsing section SS-CLUSTER1-SP2
04-13 16:58:45.980   751   751 I ThermalEngine: Found field 'sampling'
04-13 16:58:45.980   751   751 I ThermalEngine: Found field 'sensor'
04-13 16:58:45.980   751   751 I ThermalEngine: Found field 'device'
04-13 16:58:45.980   751   751 I ThermalEngine: Found field 'set_point'
04-13 16:58:45.981   751   751 I ThermalEngine: Found field 'set_point_clr'
04-13 16:58:45.981   751   751 I ThermalEngine: Found field 'time_constant'
04-13 16:58:45.981   751   751 I ThermalEngine: Found field 'device_perf_floor'
04-13 16:58:45.981   751   751 I ThermalEngine: Created section 'SS-CLUSTER0-SP0'
04-13 16:58:45.981   751   751 I ThermalEngine: Algo Type 'ss'
04-13 16:58:45.981   751   751 I ThermalEngine: Parsing section SS-CLUSTER0-SP0
04-13 16:58:45.981   751   751 I ThermalEngine: Found field 'sampling'
04-13 16:58:45.981   751   751 I ThermalEngine: Found field 'sensor'
04-13 16:58:45.981   751   751 I ThermalEngine: Found field 'device'
04-13 16:58:45.981   751   751 I ThermalEngine: Found field 'set_point'
04-13 16:58:45.981   751   751 I ThermalEngine: Found field 'set_point_clr'
04-13 16:58:45.981   751   751 I ThermalEngine: Found field 'time_constant'
04-13 16:58:45.981   751   751 I ThermalEngine: Found field 'device_perf_floor'
04-13 16:58:45.981   751   751 I ThermalEngine: Created section 'SS-CLUSTER0-SP1'
04-13 16:58:45.981   751   751 I ThermalEngine: Algo Type 'ss'
04-13 16:58:45.981   751   751 I ThermalEngine: Parsing section SS-CLUSTER0-SP1
04-13 16:58:45.981   751   751 I ThermalEngine: Found field 'sampling'
04-13 16:58:45.981   751   751 I ThermalEngine: Found field 'sensor'
04-13 16:58:45.981   751   751 I ThermalEngine: Found field 'device'
04-13 16:58:45.981   751   751 I ThermalEngine: Found field 'set_point'
04-13 16:58:45.981   751   751 I ThermalEngine: Found field 'set_point_clr'
04-13 16:58:45.981   751   751 I ThermalEngine: Found field 'time_constant'
04-13 16:58:45.982   751   751 I ThermalEngine: Found field 'device_perf_floor'
04-13 16:58:45.982   751   751 I ThermalEngine: Created section 'SS-CLUSTER0-SP2'
04-13 16:58:45.982   751   751 I ThermalEngine: Algo Type 'ss'
04-13 16:58:45.982   751   751 I ThermalEngine: Parsing section SS-CLUSTER0-SP2
04-13 16:58:45.982   751   751 I ThermalEngine: Found field 'sampling'
04-13 16:58:45.982   751   751 I ThermalEngine: Found field 'sensor'
04-13 16:58:45.982   751   751 I ThermalEngine: Found field 'device'
04-13 16:58:45.982   751   751 I ThermalEngine: Found field 'set_point'
04-13 16:58:45.982   751   751 I ThermalEngine: Found field 'set_point_clr'
04-13 16:58:45.982   751   751 I ThermalEngine: Found field 'time_constant'
04-13 16:58:45.982   751   751 I ThermalEngine: Found field 'device_perf_floor'
04-13 16:58:45.982   751   751 I ThermalEngine: Created section 'SKIN-SS-CPUS-ALL-1'
04-13 16:58:45.982   772   772 I mqsasd  : Starting mqsasd
04-13 16:58:45.982   751   751 I ThermalEngine: Algo Type 'ss'
04-13 16:58:45.982   751   751 I ThermalEngine: Parsing section SKIN-SS-CPUS-ALL-1
04-13 16:58:45.982   751   751 I ThermalEngine: Found field 'sampling'
04-13 16:58:45.982   751   751 I ThermalEngine: Found field 'sensor'
04-13 16:58:45.982   751   751 I ThermalEngine: Found field 'device'
04-13 16:58:45.983   751   751 I ThermalEngine: Found field 'set_point'
04-13 16:58:45.983   751   751 I ThermalEngine: Found field 'set_point_clr'
04-13 16:58:45.983   751   751 I ThermalEngine: Found field 'time_constant'
04-13 16:58:45.983   751   751 I ThermalEngine: Found section 'SS-GPU'
04-13 16:58:45.983   751   751 I ThermalEngine: Algo Type 'ss'
04-13 16:58:45.983   751   751 I ThermalEngine: Parsing section SS-GPU
04-13 16:58:45.983   751   751 I ThermalEngine: Found field 'sampling'
04-13 16:58:45.983   751   751 I ThermalEngine: Found field 'sensor'
04-13 16:58:45.983   751   751 I ThermalEngine: Found field 'device'
04-13 16:58:45.983   751   751 I ThermalEngine: Found field 'set_point'
04-13 16:58:45.983   751   751 I ThermalEngine: Found field 'set_point_clr'
04-13 16:58:45.983   751   751 I ThermalEngine: Found field 'time_constant'
04-13 16:58:45.983   751   751 I ThermalEngine: Created section 'GPU_management'
04-13 16:58:45.983   751   751 I ThermalEngine: Algo Type 'monitor'
04-13 16:58:45.983   751   751 I ThermalEngine: Parsing section GPU_management
04-13 16:58:45.983   751   751 I ThermalEngine: Found field 'sensor'
04-13 16:58:45.983   751   751 I ThermalEngine: Found field 'sampling'
04-13 16:58:45.983   751   751 I ThermalEngine: Found field 'thresholds'
04-13 16:58:45.983   751   751 I ThermalEngine: Found field 'thresholds_clr'
04-13 16:58:45.984   751   751 I ThermalEngine: Found field 'actions'
04-13 16:58:45.984   751   751 I ThermalEngine: Found field 'action_info'
04-13 16:58:45.984   751   751 I ThermalEngine: Created section 'SKIN-BATTERY-MONITOR'
04-13 16:58:45.984   751   751 I ThermalEngine: Algo Type 'monitor'
04-13 16:58:45.984   751   751 I ThermalEngine: Parsing section SKIN-BATTERY-MONITOR
04-13 16:58:45.984   751   751 I ThermalEngine: Found field 'sampling'
04-13 16:58:45.984   751   751 I ThermalEngine: Found field 'sensor'
04-13 16:58:45.984   751   751 I ThermalEngine: Found field 'thresholds'
04-13 16:58:45.984   751   751 I ThermalEngine: Found field 'thresholds_clr'
04-13 16:58:45.984   751   751 I ThermalEngine: Found field 'actions'
04-13 16:58:45.984   751   751 I ThermalEngine: Found field 'action_info'
04-13 16:58:45.984   751   751 I ThermalEngine: Created section 'CAMERA-CAMCORDER-MONITOR'
04-13 16:58:45.984   751   751 I ThermalEngine: Algo Type 'monitor'
04-13 16:58:45.984   751   751 I ThermalEngine: Parsing section CAMERA-CAMCORDER-MONITOR
04-13 16:58:45.984   751   751 I ThermalEngine: Found field 'sampling'
04-13 16:58:45.984   751   751 I ThermalEngine: Found field 'sensor'
04-13 16:58:45.984   751   751 I ThermalEngine: Found field 'thresholds'
04-13 16:58:45.985   751   751 I ThermalEngine: Found field 'thresholds_clr'
04-13 16:58:45.985   751   751 I ThermalEngine: Found field 'actions'
04-13 16:58:45.985   751   751 I ThermalEngine: Found field 'action_info'
04-13 16:58:45.985   751   751 I ThermalEngine: Created section 'HISTORY-XO'
04-13 16:58:45.985   751   751 I ThermalEngine: Algo Type 'history'
04-13 16:58:45.985   751   751 I ThermalEngine: Parsing section HISTORY-XO
04-13 16:58:45.985   751   751 I ThermalEngine: Found field 'sampling'
04-13 16:58:45.985   751   751 I ThermalEngine: Found field 'sensor'
04-13 16:58:45.985   751   751 I ThermalEngine: Found field 'thresholds'
04-13 16:58:45.985   751   751 I ThermalEngine: Found field 'thresholds_clr'
04-13 16:58:45.985   751   751 I ThermalEngine: Found field 'actions'
04-13 16:58:45.985   751   751 I ThermalEngine: Found field 'action_info'
04-13 16:58:45.985   751   751 I ThermalEngine: Created section 'HISTORY-CPU0'
04-13 16:58:45.985   751   751 I ThermalEngine: Algo Type 'history'
04-13 16:58:45.985   751   751 I ThermalEngine: Parsing section HISTORY-CPU0
04-13 16:58:45.985   751   751 I ThermalEngine: Found field 'sampling'
04-13 16:58:45.986   751   751 I ThermalEngine: Found field 'sensor'
04-13 16:58:45.986   751   751 I ThermalEngine: Found field 'thresholds'
04-13 16:58:45.986   751   751 I ThermalEngine: Found field 'thresholds_clr'
04-13 16:58:45.986   751   751 I ThermalEngine: Found field 'actions'
04-13 16:58:45.986   751   751 I ThermalEngine: Found field 'action_info'
04-13 16:58:45.986   751   751 I ThermalEngine: Created section 'HISTORY-CPU4'
04-13 16:58:45.986   751   751 I ThermalEngine: Algo Type 'history'
04-13 16:58:45.986   751   751 I ThermalEngine: Parsing section HISTORY-CPU4
04-13 16:58:45.986   751   751 I ThermalEngine: Found field 'sampling'
04-13 16:58:45.986   751   751 I ThermalEngine: Found field 'sensor'
04-13 16:58:45.986   751   751 I ThermalEngine: Found field 'thresholds'
04-13 16:58:45.986   751   751 I ThermalEngine: Found field 'thresholds_clr'
04-13 16:58:45.986   751   751 I ThermalEngine: Found field 'actions'
04-13 16:58:45.986   751   751 I ThermalEngine: Found field 'action_info'
04-13 16:58:45.986   751   751 I ThermalEngine: Created section 'HISTORY-MODEM-PA0'
04-13 16:58:45.986   751   751 I ThermalEngine: Algo Type 'history'
04-13 16:58:45.986   751   751 I ThermalEngine: Parsing section HISTORY-MODEM-PA0
04-13 16:58:45.986   751   751 I ThermalEngine: Found field 'sampling'
04-13 16:58:45.986   751   751 I ThermalEngine: Found field 'sensor'
04-13 16:58:45.986   751   751 I ThermalEngine: Found field 'thresholds'
04-13 16:58:45.987   751   751 I ThermalEngine: Found field 'thresholds_clr'
04-13 16:58:45.987   751   751 I ThermalEngine: Found field 'actions'
04-13 16:58:45.987   751   751 I ThermalEngine: Found field 'action_info'
